09-22 08:25:07.964  1674  1674 W PackageManager: Permission com.google.android.googleapps.permission.GOOGLE_AUTH.cp from package com.google.android.gsf in an unknown group android.permission-group.ACCOUNTS
09-22 08:25:07.965  1674  1674 W PackageManager: Permission com.google.android.googleapps.permission.GOOGLE_AUTH.adsense from package com.google.android.gsf in an unknown group android.permission-group.ACCOUNTS
09-22 08:25:07.965  1674  1674 W PackageManager: Permission com.google.android.googleapps.permission.GOOGLE_AUTH.adwords from package com.google.android.gsf in an unknown group android.permission-group.ACCOUNTS
09-22 08:25:07.965  1674  1674 W PackageManager: Permission com.google.android.googleapps.permission.GOOGLE_AUTH.blogger from package com.google.android.gsf in an unknown group android.permission-group.ACCOUNTS
09-22 08:25:07.965  1674  1674 W PackageManager: Permission com.google.android.googleapps.permission.GOOGLE_AUTH.dodgeball from package com.google.android.gsf in an unknown group android.permission-group.ACCOUNTS
09-22 08:25:07.965  1674  1674 W PackageManager: Permission com.google.android.googleapps.permission.GOOGLE_AUTH.gbase from package com.google.android.gsf in an unknown group android.permission-group.ACCOUNTS
09-22 08:25:07.965  1674  1674 W PackageManager: Permission com.google.android.googleapps.permission.GOOGLE_AUTH.groups2 from package com.google.android.gsf in an unknown group android.permission-group.ACCOUNTS
09-22 08:25:07.965  1674  1674 W PackageManager: Permission com.google.android.googleapps.permission.GOOGLE_AUTH.health from package com.google.android.gsf in an unknown group android.permission-group.ACCOUNTS
09-22 08:25:07.965  1674  1674 W PackageManager: Permission com.google.android.googleapps.permission.GOOGLE_AUTH.jotspot from package com.google.android.gsf in an unknown group android.permission-group.ACCOUNTS
09-22 08:25:07.965  1674  1674 W PackageManager: Permission com.google.android.googleapps.permission.GOOGLE_AUTH.knol from package com.google.android.gsf in an unknown group android.permission-group.ACCOUNTS
09-22 08:25:07.965  1674  1674 W PackageManager: Permission com.google.android.googleapps.permission.GOOGLE_AUTH.news from package com.google.android.gsf in an unknown group android.permission-group.ACCOUNTS
09-22 08:25:07.965  1674  1674 W PackageManager: Permission com.google.android.googleapps.permission.GOOGLE_AUTH.orkut from package com.google.android.gsf in an unknown group android.permission-group.ACCOUNTS
09-22 08:25:07.965  1674  1674 W PackageManager: Permission com.google.android.googleapps.permission.GOOGLE_AUTH.print from package com.google.android.gsf in an unknown group android.permission-group.ACCOUNTS
09-22 08:25:07.965  1674  1674 W PackageManager: Permission com.google.android.googleapps.permission.GOOGLE_AUTH.sitemaps from package com.google.android.gsf in an unknown group android.permission-group.ACCOUNTS
09-22 08:25:07.965  1674  1674 W PackageManager: Permission com.google.android.googleapps.permission.GOOGLE_AUTH.wifi from package com.google.android.gsf in an unknown group android.permission-group.ACCOUNTS
09-22 08:25:07.965  1674  1674 W PackageManager: Permission com.google.android.googleapps.permission.GOOGLE_AUTH.finance from package com.google.android.gsf in an unknown group android.permission-group.ACCOUNTS
09-22 08:25:07.965  1674  1674 W PackageManager: Permission com.google.android.googleapps.permission.GOOGLE_AUTH.local from package com.google.android.gsf in an unknown group android.permission-group.ACCOUNTS
09-22 08:25:07.965  1674  1674 W PackageManager: Permission com.google.android.googleapps.permission.GOOGLE_AUTH.ah from package com.google.android.gsf in an unknown group android.permission-group.ACCOUNTS
09-22 08:25:07.965  1674  1674 W PackageManager: Permission com.google.android.googleapps.permission.GOOGLE_AUTH.notebook from package com.google.android.gsf in an unknown group android.permission-group.ACCOUNTS
09-22 08:25:07.965  1674  1674 W PackageManager: Permission com.google.android.googleapps.permission.GOOGLE_AUTH.writely from package com.google.android.gsf in an unknown group android.permission-group.ACCOUNTS
09-22 08:25:07.965  1674  1674 W PackageManager: Permission com.google.android.googleapps.permission.GOOGLE_AUTH.wise from package com.google.android.gsf in an unknown group android.permission-group.ACCOUNTS
09-22 08:25:07.965  1674  1674 W PackageManager: Permission com.google.android.googleapps.permission.GOOGLE_AUTH.grandcentral from package com.google.android.gsf in an unknown group android.permission-group.ACCOUNTS
09-22 08:25:07.965  1674  1674 W PackageManager: Permission com.google.android.googleapps.permission.GOOGLE_AUTH.speechpersonalization from package com.google.android.gsf in an unknown group android.permission-group.ACCOUNTS
09-22 08:25:07.965  1674  1674 W PackageManager: Permission com.google.android.googleapps.permission.GOOGLE_AUTH.speech from package com.google.android.gsf in an unknown group android.permission-group.ACCOUNTS
09-22 08:25:07.965  1674  1674 W PackageManager: Permission com.google.android.providers.talk.permission.READ_ONLY from package com.google.android.gsf in an unknown group android.permission-group.MESSAGES
09-22 08:25:07.965  1674  1674 W PackageManager: Permission com.google.android.providers.talk.permission.WRITE_ONLY from package com.google.android.gsf in an unknown group android.permission-group.MESSAGES
09-22 08:25:07.965  1674  1674 W PackageManager: Permission com.google.android.gtalkservice.permission.GTALK_SERVICE from package com.google.android.gsf in an unknown group android.permission-group.MESSAGES
09-22 08:25:07.965  1674  1674 W PackageManager: Permission com.google.android.gtalkservice.permission.SEND_HEARTBEAT from package com.google.android.gsf in an unknown group android.permission-group.NETWORK
09-22 08:25:07.965  1674  1674 W PackageManager: Permission com.google.android.permission.BROADCAST_DATA_MESSAGE from package com.google.android.gsf in an unknown group android.permission-group.NETWORK
09-22 08:25:07.965  1674  1674 W PackageManager: Permission com.google.android.c2dm.permission.SEND from package com.google.android.gsf in an unknown group android.permission-group.NETWORK
09-22 08:25:07.965  1674  1674 W PackageManager: Permission com.google.android.c2dm.permission.RECEIVE from package com.google.android.gsf in an unknown group android.permission-group.NETWORK
09-22 08:25:07.965  1674  1674 W PackageManager: Permission com.google.android.xmpp.permission.BROADCAST from package com.google.android.gsf in an unknown group android.permission-group.NETWORK
09-22 08:25:07.965  1674  1674 W PackageManager: Permission com.google.android.xmpp.permission.SEND_RECEIVE from package com.google.android.gsf in an unknown group android.permission-group.NETWORK
09-22 08:25:07.965  1674  1674 W PackageManager: Permission com.google.android.xmpp.permission.XMPP_ENDPOINT_BROADCAST from package com.google.android.gsf in an unknown group android.permission-group.NETWORK
09-22 08:25:07.965  1674  1674 W PackageManager: Permission com.google.android.xmpp.permission.USE_XMPP_ENDPOINT from package com.google.android.gsf in an unknown group android.permission-group.NETWORK
09-22 08:25:07.965  1674  1674 W PackageManager: Permission com.google.android.providers.gsf.permission.READ_GSERVICES from package com.google.android.gsf in an unknown group android.permission-group.ACCOUNTS
09-22 08:25:07.987  1674  1674 W PackageManager: Permission com.google.android.apps.nexuslauncher.permission.READ_SETTINGS from package com.google.android.apps.nexuslauncher in an unknown group android.permission-group.SYSTEM_TOOLS
09-22 08:25:07.987  1674  1674 W PackageManager: Permission com.google.android.apps.nexuslauncher.permission.WRITE_SETTINGS from package com.google.android.apps.nexuslauncher in an unknown group android.permission-group.SYSTEM_TOOLS
09-22 08:25:07.987  1674  1674 W PackageManager: Permission com.google.android.apps.nexuslauncher.permission.QSB from package com.google.android.apps.nexuslauncher in an unknown group android.permission-group.SYSTEM_TOOLS
09-22 08:25:07.987  1674  1674 W PackageManager: Permission com.android.launcher.permission.INSTALL_SHORTCUT from package com.google.android.apps.nexuslauncher in an unknown group android.permission-group.SYSTEM_TOOLS
09-22 08:25:08.000  1706  1706 I hostapd : rfkill: Cannot get wiphy information
09-22 08:25:08.000  1706  1706 I hostapd : nl80211: Could not re-add multicast membership for vendor events: -2 (No such file or directory)
09-22 08:25:08.000  1706  1706 I hostapd : wlan1: interface state UNINITIALIZED->COUNTRY_UPDATE
09-22 08:25:08.006  1674  1674 W PackageManager: Permission com.android.vending.CHECK_LICENSE from package com.android.vending in an unknown group android.permission-group.NETWORK
09-22 08:25:08.006  1674  1674 W PackageManager: Permission com.android.vending.BILLING from package com.android.vending in an unknown group android.permission-group.NETWORK
09-22 08:25:08.027  1388  1388 I ServiceManager: Waiting for service media.camera.proxy...
09-22 08:25:08.041  1674  1674 W PackageManager: Permission com.google.android.gms.permission.ACTIVITY_RECOGNITION from package com.google.android.gms in an unknown group android.permission-group.PERSONAL_INFO
09-22 08:25:08.054  1674  1674 W PackageParser: Ignoring duplicate uses-permissions/uses-permissions-sdk-m: android.permission.USE_CREDENTIALS in package: com.android.settings at: Binary XML file line #53
09-22 08:25:08.054  1674  1674 W PackageParser: Ignoring duplicate uses-permissions/uses-permissions-sdk-m: android.permission.READ_SYNC_SETTINGS in package: com.android.settings at: Binary XML file line #58
09-22 08:25:08.054  1674  1674 W PackageParser: Ignoring duplicate uses-permissions/uses-permissions-sdk-m: android.permission.WRITE_SYNC_SETTINGS in package: com.android.settings at: Binary XML file line #59
09-22 08:25:08.078  1674  1674 W PackageParser: Ignoring duplicate uses-permissions/uses-permissions-sdk-m: android.permission.INSTALL_GRANT_RUNTIME_PERMISSIONS in package: com.android.shell at: Binary XML file line #102
09-22 08:25:08.091  1674  1674 W PackageParser: Ignoring duplicate uses-permissions/uses-permissions-sdk-m: android.permission.CONFIGURE_WIFI_DISPLAY in package: com.android.systemui at: Binary XML file line #117
09-22 08:25:08.114  1674  1674 W PackageParser: Ignoring duplicate uses-permissions/uses-permissions-sdk-m: android.permission.READ_PHONE_STATE in package: com.google.android.googlequicksearchbox at: Binary XML file line #143
09-22 08:25:08.114  1674  1674 W PackageParser: Ignoring duplicate uses-permissions/uses-permissions-sdk-m: android.permission.CAMERA in package: com.google.android.googlequicksearchbox at: Binary XML file line #144
09-22 08:25:08.122  1674  1674 W PackageManager: Permission com.google.android.launcher.permission.READ_SETTINGS from package com.google.android.googlequicksearchbox in an unknown group android.permission-group.SYSTEM_TOOLS
09-22 08:25:08.122  1674  1674 W PackageManager: Permission com.google.android.launcher.permission.WRITE_SETTINGS from package com.google.android.googlequicksearchbox in an unknown group android.permission-group.SYSTEM_TOOLS
09-22 08:25:08.122  1674  1674 W PackageManager: Permission com.android.launcher.permission.INSTALL_SHORTCUT from package com.google.android.googlequicksearchbox in an unknown group android.permission-group.SYSTEM_TOOLS
09-22 08:25:08.140  1674  1674 W PackageManager: Non-privileged app; cap priority to 0; package: com.google.android.calendar activity: com.android.calendar.event.LaunchInfoActivity origPrio: 50
09-22 08:25:08.159  1674  1674 W PackageManager: Permission com.android.chrome.permission.DEBUG from package com.android.chrome in an unknown group android.permission-group.DEVELOPMENT_TOOLS
09-22 08:25:08.160  1674  1674 W PackageManager: Non-privileged app; cap priority to 0; package: com.android.cts.ctsshim activity: com.android.cts.ctsshim.InstallPriority origPrio: 100
09-22 08:25:08.161  1674  1674 W PackageManager: Non-privileged app; cap priority to 0; package: com.android.cts.ctsshim activity: com.android.cts.ctsshim.InstallPriority origPrio: 100
09-22 08:25:08.161  1674  1674 W PackageManager: Non-privileged app; cap priority to 0; package: com.android.cts.ctsshim activity: com.android.cts.ctsshim.InstallPriority origPrio: 100
09-22 08:25:08.161  1674  1674 W PackageManager: Non-privileged app; cap priority to 0; package: com.android.cts.ctsshim activity: com.android.cts.ctsshim.InstallPriority origPrio: 100
09-22 08:25:08.161  1674  1674 W PackageManager: Non-privileged app; cap priority to 0; package: com.android.cts.ctsshim activity: com.android.cts.ctsshim.InstallPriority origPrio: 100
09-22 08:25:08.186  1674  1674 W PackageManager: Permission com.google.android.apps.docs.permission.READ_MY_DATA from package com.google.android.apps.docs in an unknown group android.permission-group.PERSONAL_INFO
09-22 08:25:08.186  1674  1674 W PackageManager: Permission com.google.android.apps.docs.permission.SYNC_STATUS from package com.google.android.apps.docs in an unknown group android.permission-group.PERSONAL_INFO
09-22 08:25:08.190  1674  1674 W PackageParser: Ignoring duplicate uses-permissions/uses-permissions-sdk-m: android.permission.GET_ACCOUNTS in package: com.google.android.apps.tachyon at: Binary XML file line #58
09-22 08:25:08.204  1674  1674 W PackageParser: Unknown element under <application>: permission at /system/app/Gallery2/Gallery2.apk Binary XML file line #238
09-22 08:25:08.204  1674  1674 W PackageParser: Unknown element under <application>: permission at /system/app/Gallery2/Gallery2.apk Binary XML file line #241
09-22 08:25:08.263  1674  1674 W PackageManager: Non-privileged app; cap priority to 0; package: com.google.android.talk activity: com.google.android.apps.hangouts.phone.BabelHomeActivity origPrio: 999
09-22 08:25:08.263  1674  1674 W PackageManager: Non-privileged app; cap priority to 0; package: com.google.android.talk activity: com.google.android.apps.hangouts.phone.HangoutUrlHandlerActivity origPrio: 999
09-22 08:25:08.263  1674  1674 W PackageManager: Non-privileged app; cap priority to 0; package: com.google.android.talk activity: com.google.android.apps.hangouts.phone.HangoutUrlHandlerActivity origPrio: 999
09-22 08:25:08.263  1674  1674 W PackageManager: Non-privileged app; cap priority to 0; package: com.google.android.talk activity: com.google.android.apps.hangouts.phone.ConversationUrlHandlerActivity origPrio: 999
09-22 08:25:08.263  1674  1674 W PackageManager: Non-privileged app; cap priority to 0; package: com.google.android.talk activity: com.google.android.apps.hangouts.phone.ConversationUrlHandlerActivity origPrio: 999
09-22 08:25:08.283  1674  1674 W PackageParser: Ignoring duplicate uses-permissions/uses-permissions-sdk-m: android.permission.WAKE_LOCK in package: com.google.android.apps.maps at: Binary XML file line #120
09-22 08:25:08.353  1674  1674 W PackageParser: No actions in intent filter at /system/app/PrebuiltGmail/PrebuiltGmail.apk Binary XML file line #266
09-22 08:25:08.358  1674  1674 W PackageManager: Permission com.google.android.gm.email.permission.READ_ATTACHMENT from package com.google.android.gm in an unknown group android.permission-group.MESSAGES
09-22 08:25:08.358  1674  1674 W PackageManager: Permission com.google.android.gm.permission.READ_GMAIL from package com.google.android.gm in an unknown group android.permission-group.MESSAGES
09-22 08:25:08.358  1674  1674 W PackageManager: Permission com.google.android.gm.permission.WRITE_GMAIL from package com.google.android.gm in an unknown group android.permission-group.MESSAGES
09-22 08:25:08.358  1674  1674 W PackageManager: Permission com.google.android.gm.permission.AUTO_SEND from package com.google.android.gm in an unknown group android.permission-group.MESSAGES
09-22 08:25:08.358  1674  1674 W PackageManager: Permission com.google.android.gm.permission.READ_CONTENT_PROVIDER from package com.google.android.gm in an unknown group android.permission-group.MESSAGES
09-22 08:25:08.401  1674  1674 D PackageManager: No files in app dir /system/vendor/app
09-22 08:25:08.401  1674  1674 D PackageManager: No files in app dir /oem/app
09-22 08:25:08.416  1674  1674 W PackageParser: Unknown element under <manifest>: meta-data at /data/app/com.example.liujingjing.activitytest-1/base.apk Binary XML file line #11
09-22 08:25:08.422  1674  1674 I SELinux : SELinux: Loaded file_contexts contexts from /file_contexts.bin.
09-22 08:25:08.434  1674  1674 W PackageParser: Unknown element under <manifest>: meta-data at /data/app/com.example.liujingjing.mobilesafe-1/base.apk Binary XML file line #17
09-22 08:25:08.447  1674  1674 W PackageParser: Unknown element under <manifest>: meta-data at /data/app/com.example.liujingjing.activitylifecycletest-1/base.apk Binary XML file line #11
09-22 08:25:08.466  1674  1674 W PackageParser: Unknown element under <manifest>: meta-data at /data/app/com.example.liujingjing.myuiapplication-2/base.apk Binary XML file line #11
09-22 08:25:08.469  1674  1674 D PackageManager: No files in app dir /data/app-private
09-22 08:25:08.469  1674  1674 D PackageManager: No files in app dir /data/app-ephemeral
09-22 08:25:08.469  1674  1674 W PackageManager: Protected action; cap priority to 0; package: com.android.cts.priv.ctsshim activity: com.android.cts.priv.ctsshim.InstallPriority origPrio: 100
09-22 08:25:08.469  1674  1674 W PackageManager: Protected action; cap priority to 0; package: com.android.cts.priv.ctsshim activity: com.android.cts.priv.ctsshim.InstallPriority origPrio: 100
09-22 08:25:08.469  1674  1674 W PackageManager: Protected action; cap priority to 0; package: com.android.cts.priv.ctsshim activity: com.android.cts.priv.ctsshim.InstallPriority origPrio: 100
09-22 08:25:08.469  1674  1674 W PackageManager: Protected action; cap priority to 0; package: com.android.cts.priv.ctsshim activity: com.android.cts.priv.ctsshim.InstallPriority origPrio: 100
09-22 08:25:08.469  1674  1674 W PackageManager: Protected action; cap priority to 0; package: com.google.android.packageinstaller activity: com.android.packageinstaller.PackageInstallerActivity origPrio: 1
09-22 08:25:08.469  1674  1674 W PackageManager: Protected action; cap priority to 0; package: com.google.android.gms activity: com.google.android.gms.appinvite.AppInviteAcceptInvitationActivity origPrio: 900
09-22 08:25:08.469  1674  1674 W PackageManager: Protected action; cap priority to 0; package: com.google.android.gms activity: com.google.android.gms.appinvite.AppInviteAcceptInvitationActivity origPrio: 900
09-22 08:25:08.469  1674  1674 W PackageManager: Protected action; cap priority to 0; package: com.google.android.gms activity: com.google.android.gms.tapandpay.tokenization.AddNewCardThroughBrowserActivity origPrio: 999
09-22 08:25:08.469  1674  1674 W PackageManager: Protected action; cap priority to 0; package: com.google.android.gms activity: com.google.android.gms.walletp2p.feature.transfer.TransferMoneyActivity origPrio: 900
09-22 08:25:08.469  1674  1674 W PackageManager: Package com.google.android.gms desires unavailable shared library com.google.android.ble; ignoring!
09-22 08:25:08.469  1674  1674 W PackageManager: Package com.google.android.videos desires unavailable shared library com.google.widevine.software.drm; ignoring!
09-22 08:25:08.469  1674  1674 I PackageManager: Adjusting ABI for com.android.providers.downloads to x86 (requirer=com.android.mtp, scannedPackage=null)
09-22 08:25:08.470  1674  1674 I PackageManager: Adjusting ABI for com.android.providers.downloads.ui to x86 (requirer=com.android.mtp, scannedPackage=null)
09-22 08:25:08.470  1674  1674 I PackageManager: Adjusting ABI for com.android.providers.media to x86 (requirer=com.android.mtp, scannedPackage=null)
09-22 08:25:08.470  1674  1674 I PackageManager: Adjusting ABI for com.google.android.gsf to x86 (requirer=com.google.android.gms, scannedPackage=null)
09-22 08:25:08.470  1674  1674 I PackageManager: Adjusting ABI for com.google.android.gsf.login to x86 (requirer=com.google.android.gms, scannedPackage=null)
09-22 08:25:08.470  1674  1674 I PackageManager: Adjusting ABI for com.google.android.backuptransport to x86 (requirer=com.google.android.gms, scannedPackage=null)
09-22 08:25:08.470  1674  1674 I PackageManager: Adjusting ABI for com.android.settings to x86 (requirer=android, scannedPackage=null)
09-22 08:25:08.471  1674  1674 I PackageManager: Adjusting ABI for com.android.server.telecom to x86 (requirer=android, scannedPackage=null)
09-22 08:25:08.471  1674  1674 I PackageManager: Adjusting ABI for com.android.providers.settings to x86 (requirer=android, scannedPackage=null)
09-22 08:25:08.471  1674  1674 I PackageManager: Adjusting ABI for com.android.location.fused to x86 (requirer=android, scannedPackage=null)
09-22 08:25:08.471  1674  1674 I PackageManager: Adjusting ABI for com.android.keychain to x86 (requirer=android, scannedPackage=null)
09-22 08:25:08.471  1674  1674 I PackageManager: Adjusting ABI for com.android.wallpaperbackup to x86 (requirer=android, scannedPackage=null)
09-22 08:25:08.471  1674  1674 I PackageManager: Adjusting ABI for com.android.inputdevices to x86 (requirer=android, scannedPackage=null)
09-22 08:25:08.471  1674  1674 I PackageManager: Time to scan packages: 0.589 seconds
09-22 08:25:08.472  1674  1674 W PackageManager: Not granting permission android.permission.MANAGE_DOCUMENTS to package com.google.android.youtube (protectionLevel=2 flags=0x3c59be45)
09-22 08:25:08.472  1674  1674 W PackageManager: Unknown permission com.google.android.launcher.permission.CONTENT_REDIRECT in package com.google.android.googlequicksearchbox
09-22 08:25:08.472  1674  1674 W PackageManager: Unknown permission com.google.android.voicesearch.SHORTCUTS_ACCESS in package com.google.android.googlequicksearchbox
09-22 08:25:08.472  1674  1674 W PackageManager: Unknown permission com.google.android.voicesearch.ACCESS_SETTINGS in package com.google.android.googlequicksearchbox
09-22 08:25:08.472  1674  1674 W PackageManager: Unknown permission com.android.browser.permission.PRELOAD in package com.google.android.googlequicksearchbox
09-22 08:25:08.472  1674  1674 W PackageManager: Unknown permission com.google.android.ears.permission.WRITE in package com.google.android.googlequicksearchbox
09-22 08:25:08.472  1674  1674 W PackageManager: Unknown permission com.google.android.apps.googlevoice.permission.AUTO_SEND in package com.google.android.googlequicksearchbox
09-22 08:25:08.472  1674  1674 W PackageManager: Unknown permission com.android.chrome.PRERENDER_URL in package com.google.android.googlequicksearchbox
09-22 08:25:08.472  1674  1674 W PackageManager: Not granting permission com.google.android.googleapps.permission.GOOGLE_AUTH to package com.android.providers.calendar (protectionLevel=2 flags=0x30083e45)
09-22 08:25:08.472  1674  1674 W PackageManager: Not granting permission com.google.android.googleapps.permission.GOOGLE_AUTH.cl to package com.android.providers.calendar (protectionLevel=2 flags=0x30083e45)
09-22 08:25:08.472  1674  1674 W PackageManager: Not granting permission android.permission.SEND_DOWNLOAD_COMPLETED_INTENTS to package com.android.vending (protectionLevel=2 flags=0x384abe45)
09-22 08:25:08.472  1674  1674 I PackageManager: Un-granting permission android.permission.INSTALL_GRANT_RUNTIME_PERMISSIONS from package com.android.vending (protectionLevel=770 flags=0x384abe45)
09-22 08:25:08.472  1674  1674 I PackageManager: Un-granting permission android.permission.GRANT_RUNTIME_PERMISSIONS from package com.android.vending (protectionLevel=770 flags=0x384abe45)
09-22 08:25:08.472  1674  1674 I PackageManager: Un-granting permission android.permission.REVOKE_RUNTIME_PERMISSIONS from package com.android.vending (protectionLevel=770 flags=0x384abe45)
09-22 08:25:08.472  1674  1674 W PackageManager: Not granting permission android.permission.BIND_WALLPAPER to package com.android.camera2 (protectionLevel=18 flags=0x3058bc45)
09-22 08:25:08.472  1674  1674 W PackageManager: Unknown permission com.google.android.email.permission.ACCESS_PROVIDER in package com.google.android.gm
09-22 08:25:08.472  1674  1674 W PackageManager: Unknown permission com.google.android.gm.exchange.BIND in package com.google.android.gm
09-22 08:25:08.472  1674  1674 W PackageManager: Unknown permission com.android.email.partnerprovider.PARTNER_PROVIDER in package com.google.android.gm
09-22 08:25:08.472  1674  1674 W PackageManager: Unknown permission com.samsung.android.providers.context.permission.WRITE_USE_APP_FEATURE_SURVEY in package com.google.android.music
09-22 08:25:08.472  1674  1674 W PackageManager: Unknown permission android.permission.WRITE_SYNC_STATS in package com.google.android.apps.docs
09-22 08:25:08.472  1674  1674 W PackageManager: Not granting permission android.permission.INTERACT_ACROSS_USERS to package com.google.android.syncadapters.contacts (protectionLevel=50 flags=0x38083e45)
09-22 08:25:08.472  1674  1674 W PackageManager: Unknown permission com.google.android.syncadapters.contacts.permission.GAL_SEARCH in package com.google.android.syncadapters.contacts
09-22 08:25:08.472  1674  1674 W PackageManager: Unknown permission com.chrome.permission.DEVICE_EXTRAS in package com.android.chrome
09-22 08:25:08.472  1674  1674 W PackageManager: Unknown permission com.sec.enterprise.knox.MDM_CONTENT_PROVIDER in package com.android.chrome
09-22 08:25:08.472  1674  1674 I PackageManager: Un-granting permission android.permission.CLEAR_APP_USER_DATA from package com.google.android.packageinstaller (protectionLevel=258 flags=0x38483e45)
09-22 08:25:08.472  1674  1674 I PackageManager: Un-granting permission android.permission.GRANT_RUNTIME_PERMISSIONS from package com.google.android.packageinstaller (protectionLevel=770 flags=0x38483e45)
09-22 08:25:08.472  1674  1674 I PackageManager: Un-granting permission android.permission.REVOKE_RUNTIME_PERMISSIONS from package com.google.android.packageinstaller (protectionLevel=770 flags=0x38483e45)
09-22 08:25:08.472  1674  1674 I PackageManager: Un-granting permission android.permission.INSTALL_GRANT_RUNTIME_PERMISSIONS from package com.google.android.packageinstaller (protectionLevel=770 flags=0x38483e45)
09-22 08:25:08.472  1674  1674 I PackageManager: Un-granting permission android.permission.INTERACT_ACROSS_USERS_FULL from package com.google.android.packageinstaller (protectionLevel=258 flags=0x38483e45)
09-22 08:25:08.472  1674  1674 I PackageManager: Un-granting permission android.permission.KILL_UID from package com.google.android.packageinstaller (protectionLevel=258 flags=0x38483e45)
09-22 08:25:08.473  1674  1674 I PackageManager: Un-granting permission android.permission.MANAGE_APP_OPS_RESTRICTIONS from package com.google.android.packageinstaller (protectionLevel=258 flags=0x38483e45)
09-22 08:25:08.473  1674  1674 W PackageManager: Unknown permission com.google.android.permission.INSTALL_WEARABLE_PACKAGES in package com.google.android.packageinstaller
09-22 08:25:08.473  1674  1674 W PackageManager: Unknown permission com.google.android.apps.enterprise.dmagent.permission.AutoSyncPermission in package com.google.android.gms
09-22 08:25:08.473  1674  1674 W PackageManager: Unknown permission com.google.android.wearable.READ_SETTINGS in package com.google.android.gms
09-22 08:25:08.473  1674  1674 W PackageManager: Unknown permission com.android.launcher.permission.PRELOAD_WORKSPACE in package com.google.android.partnersetup
09-22 08:25:08.473  1674  1674 W PackageManager: Not granting permission com.google.android.googleapps.permission.GOOGLE_AUTH to package com.google.android.videos (protectionLevel=2 flags=0x385bbe45)
09-22 08:25:08.473  1674  1674 W PackageManager: Unknown permission com.android.launcher.permission.READ_SETTINGS in package com.google.android.apps.nexuslauncher
09-22 08:25:08.473  1674  1674 W PackageManager: Unknown permission android.permission.RUN_INSTRUMENTATION in package org.chromium.webview_shell
09-22 08:25:08.473  1674  1674 W PackageManager: Unknown permission com.google.android.gallery3d.permission.PICASA_STORE in package com.google.android.apps.photos
09-22 08:25:08.473  1674  1674 W PackageManager: Not granting permission android.permission.WRITE_MEDIA_STORAGE to package com.google.android.apps.photos (protectionLevel=18 flags=0x3858be45)
09-22 08:25:08.473  1674  1674 W PackageManager: Unknown permission com.google.android.gm.exchange.BIND in package com.google.android.calendar
09-22 08:25:08.473  1674  1674 W PackageManager: Not granting permission android.permission.CONTROL_KEYGUARD to package com.google.android.gsf.login (protectionLevel=2 flags=0x3048be45)
09-22 08:25:08.473  1674  1674 W PackageManager: Unknown permission com.android.vending.billing.IBillingAccountService.BIND2 in package com.google.android.gsf.login
09-22 08:25:08.473  1674  1674 W PackageManager: Not granting permission android.permission.WRITE_EXTERNAL_STORAGE to package com.example.liujingjing.mobilesafe because it was previously installed without
09-22 08:25:08.473  1674  1674 W PackageManager: Not granting permission android.permission.READ_EXTERNAL_STORAGE to package com.example.liujingjing.mobilesafe because it was previously installed without
09-22 08:25:08.473  1674  1674 W PackageManager: Unknown permission com.android.launcher.permission.READ_SETTINGS in package com.android.settings
09-22 08:25:08.473  1674  1674 W PackageManager: Unknown permission com.android.launcher.permission.WRITE_SETTINGS in package com.android.settings
09-22 08:25:08.473  1674  1674 W PackageManager: Not granting permission android.permission.REGISTER_CONNECTION_MANAGER to package com.google.android.talk (protectionLevel=18 flags=0x3059be45)
09-22 08:25:08.473  1674  1674 W PackageManager: Unknown permission com.android.smspush.WAPPUSH_MANAGER_BIND in package com.android.phone
09-22 08:25:08.473  1674  1674 W PackageManager: Not granting permission android.permission.BIND_APPWIDGET to package com.android.widgetpreview (protectionLevel=18 flags=0x3808be45)
09-22 08:25:08.473  1674  1674 V PackageManager: reconcileAppsData for null u0 0x3
09-22 08:25:08.475  1390  1390 I SELinux : SELinux: Loaded file_contexts contexts from /file_contexts.bin.
09-22 08:25:08.598  1674  1674 V PackageManager: reconcileAppsData finished 103 packages
09-22 08:25:08.612  1674  1674 I art     : Starting a blocking GC Explicit
09-22 08:25:08.621  1674  1674 I art     : Explicit concurrent mark sweep GC freed 45754(2MB) AllocSpace objects, 4(80KB) LOS objects, 32% free, 8MB/12MB, paused 64us total 8.804ms
09-22 08:25:08.621  1674  1674 I SystemServer: StartOtaDexOptService
09-22 08:25:08.622  1674  1674 I SystemServer: StartUserManagerService
09-22 08:25:08.622  1674  1674 I SystemServiceManager: Starting com.android.server.pm.UserManagerService$LifeCycle
09-22 08:25:08.624  1340  1340 I lowmemorykiller: ActivityManager connected
09-22 08:25:08.625  1674  1674 D SensorService: nuSensorService starting...
09-22 08:25:08.626  1674  1674 I SystemServiceManager: Starting com.android.server.BatteryService
09-22 08:25:08.626  1674  1714 D SensorService: new thread SensorEventAckReceiver
09-22 08:25:08.626  1674  1715 D SensorService: nuSensorService thread starting...
09-22 08:25:08.628  1674  1674 I SystemServiceManager: Starting com.android.server.usage.UsageStatsService
09-22 08:25:08.631  1674  1674 I SystemServiceManager: Starting com.android.server.webkit.WebViewUpdateService
09-22 08:25:08.633  1674  1674 I SystemServer: Reading configuration...
09-22 08:25:08.633  1674  1674 I SystemServer: StartSchedulingPolicyService
09-22 08:25:08.633  1674  1674 I SystemServiceManager: Starting com.android.server.telecom.TelecomLoaderService
09-22 08:25:08.633  1674  1674 I SystemServer: StartTelephonyRegistry
09-22 08:25:08.634  1674  1674 I SystemServer: StartEntropyMixer
09-22 08:25:08.635  1674  1674 I EntropyMixer: Writing entropy...
09-22 08:25:08.636  1674  1674 I SystemServer: Camera Service
09-22 08:25:08.636  1674  1674 I SystemServiceManager: Starting com.android.server.camera.CameraService
09-22 08:25:08.637  1674  1674 I SystemServer: StartAccountManagerService
09-22 08:25:08.637  1674  1674 I SystemServiceManager: Starting com.android.server.accounts.AccountManagerService$Lifecycle
09-22 08:25:08.640  1674  1674 I SystemServer: StartContentService
09-22 08:25:08.640  1674  1674 I SystemServiceManager: Starting com.android.server.content.ContentService$Lifecycle
09-22 08:25:08.641  1674  1674 I SystemServer: InstallSystemProviders
09-22 08:25:08.642  1674  1674 W System  : ClassLoader referenced unknown path: /system/priv-app/SettingsProvider/lib/x86
09-22 08:25:08.649  1674  1674 I SystemServer: StartVibratorService
09-22 08:25:08.649  1674  1674 E VibratorService: Couldn't load vibrator module (No such file or directory)
09-22 08:25:08.649  1674  1674 W VibratorService: Tried to stop vibrating but there is no vibrator device.
09-22 08:25:08.649  1674  1674 I SystemServer: StartConsumerIrService
09-22 08:25:08.650  1674  1674 E ConsumerIrService: Can't open consumer IR HW Module, error: -2
09-22 08:25:08.650  1674  1674 I SystemServer: StartAlarmManagerService
09-22 08:25:08.650  1674  1674 I SystemServiceManager: Starting com.android.server.AlarmManagerService
09-22 08:25:08.650  1674  1674 W AlarmManagerService: no wall clock RTC found
09-22 08:25:08.650  1674  1674 D AlarmManagerService: Kernel timezone updated to 0 minutes west of GMT
09-22 08:25:08.651  1674  1674 I SystemServer: InitWatchdog
09-22 08:25:08.651  1674  1674 I SystemServer: StartInputManagerService
09-22 08:25:08.651  1674  1674 I InputManager: Initializing input manager, mUseDevInputEventForAudioJack=true
09-22 08:25:08.652  1674  1674 I SystemServer: StartWindowManagerService
09-22 08:25:08.664  1674  1698 I WindowManager: No existing display settings /data/system/display_settings.xml; starting empty
09-22 08:25:08.674  1674  1674 I SystemServer: StartVrManagerService
09-22 08:25:08.674  1674  1674 I SystemServiceManager: Starting com.android.server.vr.VrManagerService
09-22 08:25:08.674  1674  1674 W VrManagerService: init_native: Could not open VR hardware module, error No such file or directory (-2).
09-22 08:25:08.675  1674  1674 I InputManager: Starting input manager
09-22 08:25:08.676  1674  1720 D EventHub: No input device configuration file found for device 'Power Button'.
09-22 08:25:08.677  1674  1720 W EventHub: Unable to disable kernel key repeat for /dev/input/event0: Function not implemented
09-22 08:25:08.677  1674  1720 I EventHub: New device: id=1, fd=88, path='/dev/input/event0', name='Power Button', classes=0x1, configuration='', keyLayout='/system/usr/keylayout/Generic.kl', keyCharacterMap='/system/usr/keychars/Generic.kcm', builtinKeyboard=false, wakeMechanism=EPOLLWAKEUP, usingClockIoctl=true
09-22 08:25:08.678  1674  1720 W EventHub: Unable to disable kernel key repeat for /dev/input/event1: Function not implemented
09-22 08:25:08.678  1674  1720 I EventHub: New device: id=2, fd=89, path='/dev/input/event1', name='qwerty2', classes=0x97, configuration='/system/usr/idc/qwerty2.idc', keyLayout='/system/usr/keylayout/qwerty.kl', keyCharacterMap='/system/usr/keychars/qwerty2.kcm', builtinKeyboard=true, wakeMechanism=EPOLLWAKEUP, usingClockIoctl=true
09-22 08:25:08.678  1674  1720 E EventHub: could not get driver version for /dev/input/mice, Not a typewriter
09-22 08:25:08.680  1674  1674 I SystemServer: No Bluetooth Service (emulator)
09-22 08:25:08.680  1674  1674 I SystemServer: ConnectivityMetricsLoggerService
09-22 08:25:08.680  1674  1674 I SystemServiceManager: Starting com.android.server.connectivity.MetricsLoggerService
09-22 08:25:08.681  1674  1674 I SystemServer: IpConnectivityMetrics
09-22 08:25:08.681  1674  1674 I SystemServiceManager: Starting com.android.server.connectivity.IpConnectivityMetrics
09-22 08:25:08.681  1674  1674 I SystemServer: PinnerService
09-22 08:25:08.681  1674  1674 I SystemServiceManager: Starting com.android.server.PinnerService
09-22 08:25:08.682  1674  1674 I SystemServiceManager: Starting com.android.server.InputMethodManagerService$Lifecycle
09-22 08:25:08.696  1674  1674 I SystemServer: StartAccessibilityManagerService
09-22 08:25:08.699  1674  1674 I ActivityManager: Config changes=1df8 {1.0 ?mcc?mnc [en_US] ldltr sw411dp w411dp h731dp 420dpi nrml long port ?uimode ?night -touch -keyb/v/h -nav/h s.2}
09-22 08:25:08.701  1674  1698 I ActivityManager: Config changes=500 {1.0 ?mcc?mnc [en_US] ldltr sw411dp w411dp h659dp 420dpi nrml port ?uimode ?night -touch -keyb/v/h -nav/h s.3}
09-22 08:25:08.706  1674  1687 I UsageStatsService: User[0] Rollover scheduled @ 2017-09-23 01:25:38(1506129938559)
09-22 08:25:08.718  1674  1674 I SystemServiceManager: Starting com.android.server.MountService$Lifecycle
09-22 08:25:08.722  1674  1674 I SystemServiceManager: Starting com.android.server.UiModeManagerService
09-22 08:25:08.722  1674  1721 D MountService: Thinking about init, mSystemReady=false, mDaemonConnected=true
09-22 08:25:08.722  1674  1721 D MountService: Thinking about reset, mSystemReady=false, mDaemonConnected=true
09-22 08:25:08.722  1674  1721 D MountService: Thinking about init, mSystemReady=false, mDaemonConnected=true
09-22 08:25:08.722  1674  1721 D MountService: Thinking about reset, mSystemReady=false, mDaemonConnected=true
09-22 08:25:08.722  1674  1721 D CryptdConnector: SND -> {1 cryptfs getfield SystemLocale}
09-22 08:25:08.722  1674  1674 I ActivityManager: Config changes=200 {1.0 ?mcc?mnc [en_US] ldltr sw411dp w411dp h659dp 420dpi nrml port -touch -keyb/v/h -nav/h s.4}
09-22 08:25:08.724  1674  1674 I SystemServer: StartLockSettingsService
09-22 08:25:08.724  1674  1674 I SystemServiceManager: Starting com.android.server.LockSettingsService$Lifecycle
09-22 08:25:08.726  1674  1674 I SystemServiceManager: Starting com.android.server.DeviceIdleController
09-22 08:25:08.727  1674  1674 I SystemServiceManager: Starting com.android.server.devicepolicy.DevicePolicyManagerService$Lifecycle
09-22 08:25:08.734  1674  1723 D CryptdConnector: RCV <- {200 1 -1}
09-22 08:25:08.734  1674  1721 W MountService: No primary storage mounted!
09-22 08:25:08.734  1674  1721 D VoldConnector: SND -> {1 asec list}
09-22 08:25:08.735  1674  1722 D VoldConnector: RCV <- {200 1 asec operation succeeded}
09-22 08:25:08.735  1674  1721 I PackageManager: No secure containers found
09-22 08:25:08.735  1674  1721 W PackageManager: Not granting permission android.permission.MANAGE_DOCUMENTS to package com.google.android.youtube (protectionLevel=2 flags=0x3c59be45)
09-22 08:25:08.735  1674  1721 W PackageManager: Unknown permission com.google.android.launcher.permission.CONTENT_REDIRECT in package com.google.android.googlequicksearchbox
09-22 08:25:08.735  1674  1721 W PackageManager: Unknown permission com.google.android.voicesearch.SHORTCUTS_ACCESS in package com.google.android.googlequicksearchbox
09-22 08:25:08.735  1674  1721 W PackageManager: Unknown permission com.google.android.voicesearch.ACCESS_SETTINGS in package com.google.android.googlequicksearchbox
09-22 08:25:08.735  1674  1721 W PackageManager: Unknown permission com.android.browser.permission.PRELOAD in package com.google.android.googlequicksearchbox
09-22 08:25:08.735  1674  1721 W PackageManager: Unknown permission com.google.android.ears.permission.WRITE in package com.google.android.googlequicksearchbox
09-22 08:25:08.735  1674  1721 W PackageManager: Unknown permission com.google.android.apps.googlevoice.permission.AUTO_SEND in package com.google.android.googlequicksearchbox
09-22 08:25:08.735  1674  1721 W PackageManager: Unknown permission com.android.chrome.PRERENDER_URL in package com.google.android.googlequicksearchbox
09-22 08:25:08.735  1674  1721 W PackageManager: Not granting permission com.google.android.googleapps.permission.GOOGLE_AUTH to package com.android.providers.calendar (protectionLevel=2 flags=0x30083e45)
09-22 08:25:08.735  1674  1721 W PackageManager: Not granting permission com.google.android.googleapps.permission.GOOGLE_AUTH.cl to package com.android.providers.calendar (protectionLevel=2 flags=0x30083e45)
09-22 08:25:08.735  1674  1721 W PackageManager: Not granting permission android.permission.SEND_DOWNLOAD_COMPLETED_INTENTS to package com.android.vending (protectionLevel=2 flags=0x38cabe45)
09-22 08:25:08.735  1674  1721 W PackageManager: Not granting permission android.permission.BIND_WALLPAPER to package com.android.camera2 (protectionLevel=18 flags=0x3058bc45)
09-22 08:25:08.735  1674  1721 W PackageManager: Unknown permission com.google.android.email.permission.ACCESS_PROVIDER in package com.google.android.gm
09-22 08:25:08.735  1674  1721 W PackageManager: Unknown permission com.google.android.gm.exchange.BIND in package com.google.android.gm
09-22 08:25:08.735  1674  1721 W PackageManager: Unknown permission com.android.email.partnerprovider.PARTNER_PROVIDER in package com.google.android.gm
09-22 08:25:08.735  1674  1721 W PackageManager: Unknown permission com.samsung.android.providers.context.permission.WRITE_USE_APP_FEATURE_SURVEY in package com.google.android.music
09-22 08:25:08.735  1674  1721 W PackageManager: Unknown permission android.permission.WRITE_SYNC_STATS in package com.google.android.apps.docs
09-22 08:25:08.735  1674  1721 W PackageManager: Not granting permission android.permission.INTERACT_ACROSS_USERS to package com.google.android.syncadapters.contacts (protectionLevel=50 flags=0x38083e45)
09-22 08:25:08.735  1674  1721 W PackageManager: Unknown permission com.google.android.syncadapters.contacts.permission.GAL_SEARCH in package com.google.android.syncadapters.contacts
09-22 08:25:08.736  1674  1721 W PackageManager: Unknown permission com.chrome.permission.DEVICE_EXTRAS in package com.android.chrome
09-22 08:25:08.736  1674  1721 W PackageManager: Unknown permission com.sec.enterprise.knox.MDM_CONTENT_PROVIDER in package com.android.chrome
09-22 08:25:08.736  1674  1721 W PackageManager: Unknown permission com.google.android.permission.INSTALL_WEARABLE_PACKAGES in package com.google.android.packageinstaller
09-22 08:25:08.736  1674  1721 W PackageManager: Unknown permission com.google.android.apps.enterprise.dmagent.permission.AutoSyncPermission in package com.google.android.gms
09-22 08:25:08.736  1674  1721 W PackageManager: Unknown permission com.google.android.wearable.READ_SETTINGS in package com.google.android.gms
09-22 08:25:08.736  1674  1721 W PackageManager: Unknown permission com.android.launcher.permission.PRELOAD_WORKSPACE in package com.google.android.partnersetup
09-22 08:25:08.736  1674  1721 W PackageManager: Not granting permission com.google.android.googleapps.permission.GOOGLE_AUTH to package com.google.android.videos (protectionLevel=2 flags=0x385bbe45)
09-22 08:25:08.736  1674  1721 W PackageManager: Unknown permission com.android.launcher.permission.READ_SETTINGS in package com.google.android.apps.nexuslauncher
09-22 08:25:08.736  1674  1721 W PackageManager: Unknown permission android.permission.RUN_INSTRUMENTATION in package org.chromium.webview_shell
09-22 08:25:08.736  1674  1721 W PackageManager: Unknown permission com.google.android.gallery3d.permission.PICASA_STORE in package com.google.android.apps.photos
09-22 08:25:08.736  1674  1721 W PackageManager: Not granting permission android.permission.WRITE_MEDIA_STORAGE to package com.google.android.apps.photos (protectionLevel=18 flags=0x3858be45)
09-22 08:25:08.736  1674  1721 W PackageManager: Unknown permission com.google.android.gm.exchange.BIND in package com.google.android.calendar
09-22 08:25:08.736  1674  1721 W PackageManager: Not granting permission android.permission.CONTROL_KEYGUARD to package com.google.android.gsf.login (protectionLevel=2 flags=0x3048be45)
09-22 08:25:08.736  1674  1721 W PackageManager: Unknown permission com.android.vending.billing.IBillingAccountService.BIND2 in package com.google.android.gsf.login
09-22 08:25:08.736  1674  1721 W PackageManager: Not granting permission android.permission.WRITE_EXTERNAL_STORAGE to package com.example.liujingjing.mobilesafe because it was previously installed without
09-22 08:25:08.736  1674  1721 W PackageManager: Not granting permission android.permission.READ_EXTERNAL_STORAGE to package com.example.liujingjing.mobilesafe because it was previously installed without
09-22 08:25:08.736  1674  1721 W PackageManager: Unknown permission com.android.launcher.permission.READ_SETTINGS in package com.android.settings
09-22 08:25:08.736  1674  1721 W PackageManager: Unknown permission com.android.launcher.permission.WRITE_SETTINGS in package com.android.settings
09-22 08:25:08.736  1674  1721 W PackageManager: Not granting permission android.permission.REGISTER_CONNECTION_MANAGER to package com.google.android.talk (protectionLevel=18 flags=0x3059be45)
09-22 08:25:08.736  1674  1721 W PackageManager: Unknown permission com.android.smspush.WAPPUSH_MANAGER_BIND in package com.android.phone
09-22 08:25:08.736  1674  1721 W PackageManager: Not granting permission android.permission.BIND_APPWIDGET to package com.android.widgetpreview (protectionLevel=18 flags=0x3808be45)
09-22 08:25:08.741  1674  1720 I InputReader: Device added: id=-1, name='Virtual', sources=0x00000301
09-22 08:25:08.741  1674  1720 I InputReader:   Touch device 'qwerty2' could not query the properties of its associated display.  The device will be inoperable until the display size becomes available.
09-22 08:25:08.741  1674  1720 I InputReader: Device added: id=0, name='qwerty2', sources=0x80001103
09-22 08:25:08.741  1674  1720 I InputReader: Device added: id=1, name='Power Button', sources=0x00000101
09-22 08:25:08.742  1674  1720 I InputReader: Reconfiguring input devices.  changes=0x00000004
09-22 08:25:08.742  1674  1720 I InputReader: Device reconfigured: id=0, name='qwerty2', size 1080x1920, orientation 0, mode 1, display id 0
09-22 08:25:08.755  1674  1721 W MountService: No primary storage defined yet; hacking together a stub
09-22 08:25:08.755  1674  1721 W MountService: No primary storage defined yet; hacking together a stub
09-22 08:25:08.755  1674  1721 W MountService: No primary storage mounted!
09-22 08:25:08.755  1674  1721 D VoldConnector: SND -> {2 asec list}
09-22 08:25:08.755  1674  1722 D VoldConnector: RCV <- {200 2 asec operation succeeded}
09-22 08:25:08.755  1674  1719 I ActivityManager: Config changes=38 {1.0 ?mcc?mnc [en_US] ldltr sw411dp w411dp h659dp 420dpi nrml port finger qwerty/v/v -nav/h s.5}
09-22 08:25:08.757  1674  1674 I SystemServer: StartStatusBarManagerService
09-22 08:25:08.761  1674  1674 I SystemServer: StartClipboardService
09-22 08:25:08.762  1674  1674 I SystemServer: StartNetworkManagementService
09-22 08:25:08.763  1674  1725 I NetworkManagement: onDaemonConnected()
09-22 08:25:08.764  1674  1674 I SystemServiceManager: Starting com.android.server.TextServicesManagerService$Lifecycle
09-22 08:25:08.765  1674  1674 I SystemServer: StartNetworkScoreService
09-22 08:25:08.765  1674  1674 I SystemServer: StartNetworkStatsService
09-22 08:25:08.767  1674  1674 I SystemServer: StartNetworkPolicyManagerService
09-22 08:25:08.769  1674  1674 I SystemServer: No Wi-Fi NAN Service (NAN support Not Present)
09-22 08:25:08.774  1674  1674 I SystemServiceManager: Starting com.android.server.wifi.p2p.WifiP2pService
09-22 08:25:08.780  1674  1674 I WifiP2pService: Registering wifip2p
09-22 08:25:08.781  1674  1674 I SystemServiceManager: Starting com.android.server.wifi.WifiService
09-22 08:25:08.794  1674  1674 D HS20    : Passpoint is disabled
09-22 08:25:08.801  1396  1672 D CommandListener: Clearing all IP addresses on wlan0
09-22 08:25:08.870  1694  1694 E ipv6proxy: Failed to forward Router Advertisement from eth0 to wlan1: Network is unreachable
09-22 08:25:08.870  1694  1694 E ipv6proxy: Failed to forward Router Advertisement from eth0 to radio0-peer: Cannot assign requested address
09-22 08:25:09.001  1674  1674 E WifiLogger: no ring buffers found
09-22 08:25:09.001  1674  1674 E WifiLogger: Failed to start packet fate monitoring
09-22 08:25:09.001  1674  1730 D WifiApConfigStore: 2G band allowed channels are:1,6,11
09-22 08:25:09.002  1674  1674 D WifiController: isAirplaneModeOn = false, isWifiEnabled = true, isScanningAvailable = false
09-22 08:25:09.002  1674  1674 I WifiService: Registering wifi
09-22 08:25:09.021  1674  1674 I SystemServiceManager: Starting com.android.server.wifi.scanner.WifiScanningService
09-22 08:25:09.021  1674  1674 I WifiScanningService: Creating wifiscanner
09-22 08:25:09.021  1674  1674 I WifiScanningService: Publishing wifiscanner
09-22 08:25:09.022  1674  1674 I SystemServiceManager: Starting com.android.server.wifi.RttService
09-22 08:25:09.022  1674  1674 I RttService: Creating rttmanager
09-22 08:25:09.022  1674  1674 I RttService: Starting rttmanager
09-22 08:25:09.022  1674  1674 I SystemServer: StartConnectivityService
09-22 08:25:09.024  1674  1674 D ConnectivityService: ConnectivityService starting up
09-22 08:25:09.025  1674  1674 D ConnectivityService: wifiOnly=false
09-22 08:25:09.028  1674  1674 I SystemServer: StartNsdService
09-22 08:25:09.029  1674  1674 I SystemServer: StartUpdateLockService
09-22 08:25:09.029  1674  1674 I SystemServiceManager: Starting com.android.server.RecoverySystemService
09-22 08:25:09.029  1674  1674 I SystemServiceManager: Starting com.android.server.notification.NotificationManagerService
09-22 08:25:09.033  1674  1674 D ConditionProviders.SCP: new ScheduleConditionProvider()
09-22 08:25:09.037  1674  1674 I SystemServiceManager: Starting com.android.server.storage.DeviceStorageMonitorService
09-22 08:25:09.037  1674  1674 I SystemServer: StartLocationManagerService
