09-22 08:25:13.352  2325  2826 I GCoreUlr: Starting service, intent=Intent { act=com.google.android.location.reporting.ACTION_UPDATE_WORLD cmp=com.google.android.gms/com.google.android.location.reporting.service.DispatchingService (has extras) }, extras=Bundle[{receiverAction=com.google.android.location.reporting.PHENOTYPE_FLAGS_CHANGED}]
09-22 08:25:13.352  3558  3558 I LoadedApk: No resource references to update in package FFFFFFFFFFFFFFFFFFFFFF
09-22 08:25:13.357  3558  3558 W System  : ClassLoader referenced unknown path: /system/priv-app/PrebuiltGmsCore/lib/x86
09-22 08:25:13.357  3558  3558 W System  : ClassLoader referenced unknown path: /system/priv-app/PrebuiltGmsCore/lib/x86
09-22 08:25:13.357  3558  3558 W linker  : /data/data/com.google.android.gms/app_extracted_libs/x86/libgmscore.so: unused DT entry: type 0x7ffffffd arg 0x754
09-22 08:25:13.358  3558  3558 W System  : ClassLoader referenced unknown path: /system/priv-app/PrebuiltGmsCore/lib/x86
09-22 08:25:13.358  3558  3558 W System  : ClassLoader referenced unknown path: /system/priv-app/PrebuiltGmsCore/lib/x86
09-22 08:25:13.360  3558  3558 W linker  : /system/priv-app/PrebuiltGmsCore/PrebuiltGmsCore.apk!/lib/x86/libconscrypt_gmscore_jni.so: unused DT entry: type 0x7ffffffd arg 0x174
09-22 08:25:13.360  3558  3558 W linker  : /system/priv-app/PrebuiltGmsCore/PrebuiltGmsCore.apk!/lib/x86/libgmscore.so: unused DT entry: type 0x7ffffffd arg 0x754
09-22 08:25:13.360  3558  3558 V JNIHelp : Registering com/google/android/gms/org/conscrypt/NativeCrypto's 242 native methods...
09-22 08:25:13.364  3558  3558 D NetworkSecurityConfig: No Network Security Config specified, using platform default
09-22 08:25:13.365  3558  3558 I ProviderInstaller: Installed default security provider GmsCore_OpenSSL
09-22 08:25:13.365  2325  2325 W WearSignatureVerifier: No package com.google.android.wearable.app.cn
09-22 08:25:13.366  2325  3557 I PaymentBundleManager: Maintaining payment bundles
09-22 08:25:13.367  2325  2325 E BluetoothAdapter: Bluetooth binder is null
09-22 08:25:13.372  2325  3557 I PaymentBundleManager: Finished maintaining payment bundles
09-22 08:25:13.372  2325  3524 I TpGmsPhenotypeRgstrSvc: Registered Tapandpay Gms module to phenotype successfully
09-22 08:25:13.381  2325  2825 I GCoreUlr: WorldUpdater received intent Intent { act=com.google.android.location.reporting.ACTION_UPDATE_WORLD cmp=com.google.android.gms/com.google.android.location.reporting.service.DispatchingService (has extras) } with receiverAction com.google.android.location.reporting.PHENOTYPE_FLAGS_CHANGED
09-22 08:25:13.387  2325  2814 I GCoreUlr: Starting service, intent=Intent { act=com.google.android.location.reporting.ACTION_UPDATE_WORLD cmp=com.google.android.gms/com.google.android.location.reporting.service.DispatchingService (has extras) }, extras=Bundle[{receiverAction=com.google.android.location.reporting.PHENOTYPE_FLAGS_CHANGED}]
09-22 08:25:13.395  3424  3424 I Babel_telephony: TeleModule.onApplicationCreate
09-22 08:25:13.395  1393  1403 D WVCdm   : Instantiating CDM.
09-22 08:25:13.396  1393  3594 I WVCdm   : CdmEngine::OpenSession
09-22 08:25:13.396  1393  3594 I WVCdm   : Level3 Library 4464 Sep 10 2016 21:49:53
09-22 08:25:13.399  1393  3594 W WVCdm   : Could not load liboemcrypto.so. Falling back to L3.  dlopen failed: library "liboemcrypto.so" not found
09-22 08:25:13.400  1393  3594 W WVCdm   : DeviceFiles::RetrieveHashedFile: /data/mediadrm/IDM1013/L3/cert.bin does not exist
09-22 08:25:13.400  3558  3592 W DG.WV   : Waiting for device certificate provisioning.
09-22 08:25:13.400  3558  3592 W DG.WV   : oms: Waiting for provisioning response from server.
09-22 08:25:13.400  3558  3592 W DG.WV   : 	at omq.a(:com.google.android.gms:155)
09-22 08:25:13.400  3558  3592 W DG.WV   : 	at ojj.run(:com.google.android.gms:1095)
09-22 08:25:13.400  3558  3592 W DG.WV   : 	at llt.run(:com.google.android.gms:450)
09-22 08:25:13.400  3558  3592 W DG.WV   : 	at java.util.concurrent.ThreadPoolExecutor.runWorker(ThreadPoolExecutor.java:1133)
09-22 08:25:13.400  3558  3592 W DG.WV   : 	at java.util.concurrent.ThreadPoolExecutor$Worker.run(ThreadPoolExecutor.java:607)
09-22 08:25:13.400  3558  3592 W DG.WV   : 	at lqc.run(:com.google.android.gms:17)
09-22 08:25:13.400  3558  3592 W DG.WV   : 	at java.lang.Thread.run(Thread.java:761)
09-22 08:25:13.400  3558  3592 W DG.WV   : Caused by: android.media.NotProvisionedException: Failed to open session
09-22 08:25:13.400  3558  3592 W DG.WV   : 	at android.media.MediaDrm.openSession(Native Method)
09-22 08:25:13.400  3558  3592 W DG.WV   : 	at omq.a(:com.google.android.gms:144)
09-22 08:25:13.400  3558  3592 W DG.WV   : 	... 6 more
09-22 08:25:13.401  1393  3595 I WVCdm   : Level3 Library 4464 Sep 10 2016 21:49:53
09-22 08:25:13.402  1393  3595 W WVCdm   : Could not load liboemcrypto.so. Falling back to L3.  dlopen failed: library "liboemcrypto.so" not found
09-22 08:25:13.402  2325  2825 E GCoreUlr: Bad errorId configuring silent feedback
09-22 08:25:13.402  2325  2825 I GCoreUlr: WorldUpdater:com.google.android.location.reporting.PHENOTYPE_FLAGS_CHANGED: Ensuring that reporting is stopped because of reasons: (no Google accounts)
09-22 08:25:13.403  2325  2825 I GCoreUlr: Unbound from all location providers
09-22 08:25:13.403  2325  2825 I GCoreUlr: Place inference reporting - stop
09-22 08:25:13.405  2325  2825 I GCoreUlr: DispatchingService ignoring Intent { act=android.net.wifi.WIFI_STATE_CHANGED flg=0x4000010 (has extras) } because ULR inactive
09-22 08:25:13.406  2325  2825 I GCoreUlr: WorldUpdater received intent Intent { act=com.google.android.location.reporting.ACTION_UPDATE_WORLD cmp=com.google.android.gms/com.google.android.location.reporting.service.DispatchingService (has extras) } with receiverAction com.google.android.location.reporting.PHENOTYPE_FLAGS_CHANGED
09-22 08:25:13.406  2325  2825 E GCoreUlr: Bad errorId configuring silent feedback
09-22 08:25:13.406  2325  2825 I GCoreUlr: WorldUpdater:com.google.android.location.reporting.PHENOTYPE_FLAGS_CHANGED: Ensuring that reporting is stopped because of reasons: (no Google accounts)
09-22 08:25:13.407  2325  2825 I GCoreUlr: Unbound from all location providers
09-22 08:25:13.407  2325  2825 I GCoreUlr: Place inference reporting - stop
09-22 08:25:13.408  2325  2325 I GCoreUlr: DispatchingService.onDestroy()
09-22 08:25:13.408  2325  2325 I GCoreUlr: Stopping handler for UlrDispSvcFast
09-22 08:25:13.410  2325  2325 I GCoreUlr: Unbound from all location providers
09-22 08:25:13.410  2325  2325 I GCoreUlr: Place inference reporting - stop
09-22 08:25:13.412  2325  3544 W NearbyMessages: NetworkPollManager:  RPC was requested, but deemed unnecessary.
09-22 08:25:13.424  3424  3602 I Babel_SMS: MmsConfig: mnc/mcc: 310/260
09-22 08:25:13.424  3424  3602 I Babel_SMS: MmsConfig.loadMmsSettings
09-22 08:25:13.425  3424  3602 I Babel_SMS: MmsConfig.loadDeviceMmsSettings from API: mUserAgent=GoldfishNexus, mUaProfUrl=http://gsm.lge.com/html/gsm/Nexus5-M3.xml
09-22 08:25:13.425  3424  3602 I Babel_SMS: MmsConfig.loadFromDatabase
09-22 08:25:13.425  1393  3595 I WVCdm   : Level3 Library 4464 Sep 10 2016 21:49:53
09-22 08:25:13.426  1393  3595 W WVCdm   : Could not load liboemcrypto.so. Falling back to L3.  dlopen failed: library "liboemcrypto.so" not found
09-22 08:25:13.427  3424  3602 E SQLiteLog: (1) no such table: mmsconfig
09-22 08:25:13.428  3424  3602 I Babel_SMS: MmsConfig: no mmsconfig table android.database.sqlite.SQLiteException: no such table: mmsconfig (code 1): , while compiling: SELECT key, value, type FROM mmsconfig WHERE numeric=?
09-22 08:25:13.428  3424  3602 I Babel_SMS: MmsConfig.loadFromResources
09-22 08:25:13.430  3424  3602 E Babel_SMS: canonicalizeMccMnc: invalid mccmnc nullnull
09-22 08:25:13.430  3424  3602 W Babel_SMS: MmsConfig: invalid key=userAgent or type=string
09-22 08:25:13.430  3424  3602 W Babel_SMS: MmsConfig: invalid key=uaProfUrl or type=string
09-22 08:25:13.430  3424  3602 I Babel_SMS: MmsConfig.loadMmsSettings: mUserAgent=GoldfishNexus, mUaProfUrl=http://gsm.lge.com/html/gsm/Nexus5-M3.xml
09-22 08:25:13.431  3424  3424 I Babel_Prime: wrapCrashReportingIntoUncaughtExceptionHandler
09-22 08:25:13.431  3424  3424 I Babel_Prime: isMemoryEnabled=false
09-22 08:25:13.432  3424  3424 I Babel_Prime: isTimerEnabled=false
09-22 08:25:13.432  3424  3424 I Babel_Prime: isCrashCounterEnabled=true
09-22 08:25:13.432  3424  3424 I Babel_Prime: primesPackageConfigurationsProvider=false
09-22 08:25:13.435  3424  3424 I Babel_App: Startup - clean
09-22 08:25:13.448  3424  3424 I Babel_Prime: startMemoryMonitor
09-22 08:25:13.464  3424  3424 W Babel   : On boot, found 0 ready accounts
09-22 08:25:13.466  1674  1781 D CryptdConnector: SND -> {5 cryptfs getpwtype}
09-22 08:25:13.466  1298  1333 D VoldCryptCmdListener: cryptfs getpwtype
09-22 08:25:13.467  1674  1723 D CryptdConnector: RCV <- {213 5 default}
09-22 08:25:13.492  1674  1903 D ConnectivityService: reportNetworkConnectivity(100, true) by 10013
09-22 08:25:13.493  1674  1918 D ConnectivityService: reportNetworkConnectivity(100, true) by 10013
09-22 08:25:13.493  1674  2643 D ConnectivityService: reportNetworkConnectivity(100, true) by 10013
09-22 08:25:13.497  3606  3606 W art     : Unexpected CPU variant for X86 using defaults: x86
09-22 08:25:13.505  1674  1781 I ActivityManager: Start proc 3606:com.google.android.youtube/u0a78 for broadcast com.google.android.youtube/com.google.android.libraries.youtube.upload.service.UploadService$BootReceiver
09-22 08:25:13.507  3424  3424 I Babel_ConcService: Binding ConcurrentService
09-22 08:25:13.510  1674  3471 I ActivityManager: Killing 2573:com.android.keychain/1000 (adj 906): empty #17
09-22 08:25:13.512  3606  3606 W System  : ClassLoader referenced unknown path: /system/app/YouTube/lib/x86
09-22 08:25:13.517  3424  3620 I Babel_ConcService: Acquired partial wake lock to keep ConcurrentService alive
09-22 08:25:13.517  3424  3620 I Babel_ConcService: Released partial wake lock as ConcurrentService became idle
09-22 08:25:13.525  3424  3621 I Babel_ConcService: Acquired partial wake lock to keep ConcurrentService alive
09-22 08:25:13.525  3424  3621 I Babel_ConcService: Released partial wake lock as ConcurrentService became idle
09-22 08:25:13.526  3424  3620 I Babel_ConcService: Acquired partial wake lock to keep ConcurrentService alive
09-22 08:25:13.526  3424  3624 I Babel_ConcService: Released partial wake lock as ConcurrentService became idle
09-22 08:25:13.554  1674  1684 D ActivityManager: cleanUpApplicationRecord -- 2573
09-22 08:25:13.610  3606  3630 W System  : ClassLoader referenced unknown path: /system/priv-app/PrebuiltGmsCore/lib/x86
09-22 08:25:13.611  3606  3630 D ApplicationLoaders: ignored Vulkan layer search path /system/priv-app/PrebuiltGmsCore/lib/x86:/system/fake-libs:/system/priv-app/PrebuiltGmsCore/PrebuiltGmsCore.apk!/lib/x86:/system/lib:/vendor/lib for namespace 0xb160c090
09-22 08:25:13.614  3606  3630 W System  : ClassLoader referenced unknown path: /system/priv-app/PrebuiltGmsCore/lib/x86
09-22 08:25:13.614  3606  3630 W System  : ClassLoader referenced unknown path: /system/priv-app/PrebuiltGmsCore/lib/x86
09-22 08:25:13.615  3606  3630 W linker  : /data/data/com.google.android.gms/app_extracted_libs/x86/libgmscore.so: unused DT entry: type 0x7ffffffd arg 0x754
09-22 08:25:13.617  3606  3630 W System  : ClassLoader referenced unknown path: /system/priv-app/PrebuiltGmsCore/lib/x86
09-22 08:25:13.618  3606  3630 W System  : ClassLoader referenced unknown path: /system/priv-app/PrebuiltGmsCore/lib/x86
09-22 08:25:13.622  3606  3630 W linker  : /system/priv-app/PrebuiltGmsCore/PrebuiltGmsCore.apk!/lib/x86/libconscrypt_gmscore_jni.so: unused DT entry: type 0x7ffffffd arg 0x174
09-22 08:25:13.622  3606  3630 W linker  : /system/priv-app/PrebuiltGmsCore/PrebuiltGmsCore.apk!/lib/x86/libgmscore.so: unused DT entry: type 0x7ffffffd arg 0x754
09-22 08:25:13.622  3606  3630 V JNIHelp : Registering com/google/android/gms/org/conscrypt/NativeCrypto's 242 native methods...
09-22 08:25:13.629  3606  3630 D NetworkSecurityConfig: No Network Security Config specified, using platform default
09-22 08:25:13.629  3606  3630 I ProviderInstaller: Installed default security provider GmsCore_OpenSSL
09-22 08:25:13.687  3606  3606 E YT      : flushBinderConnectionCallbacks is unverified on SDK 25
09-22 08:25:13.706  3606  3632 W System  : ClassLoader referenced unknown path: 
09-22 08:25:13.706  3606  3632 W System  : ClassLoader referenced unknown path: /system/priv-app/PrebuiltGmsCore/lib/x86
09-22 08:25:13.706  3606  3632 D ApplicationLoaders: ignored Vulkan layer search path /system/priv-app/PrebuiltGmsCore/lib/x86:/system/fake-libs:/system/priv-app/PrebuiltGmsCore/PrebuiltGmsCore.apk!/lib/x86:/system/lib:/vendor/lib for namespace 0xb160c0d0
09-22 08:25:13.711  3606  3632 D DynamitePackage: Instantiated singleton DynamitePackage.
09-22 08:25:13.711  3606  3632 D DynamitePackage: Instantiating com.google.android.gms.ads.adshield.ChimeraAdShieldCreatorImpl
09-22 08:25:13.814  3606  3616 W art     : Suspending all threads took: 7.188ms
09-22 08:25:13.817  1388  2587 V EmulatedCamera_Camera: getCameraInfo
09-22 08:25:13.817  1388  2587 V EmulatedCamera_BaseCamera: getCameraInfo
09-22 08:25:13.818  1388  1388 V EmulatedCamera_Camera: getCameraInfo
09-22 08:25:13.818  1388  1388 V EmulatedCamera_BaseCamera: getCameraInfo
09-22 08:25:13.819  1674  2643 D CryptdConnector: SND -> {6 cryptfs getpwtype}
09-22 08:25:13.819  1298  1333 D VoldCryptCmdListener: cryptfs getpwtype
09-22 08:25:13.820  1674  1723 D CryptdConnector: RCV <- {213 6 default}
09-22 08:25:13.834  3606  3632 W art     : Before Android 4.1, method double java.util.concurrent.ThreadLocalRandom.internalNextDouble(double, double) would have incorrectly overridden the package-private method in java.util.Random
09-22 08:25:13.834  3606  3632 W art     : Before Android 4.1, method int java.util.concurrent.ThreadLocalRandom.internalNextInt(int, int) would have incorrectly overridden the package-private method in java.util.Random
09-22 08:25:13.834  3606  3632 W art     : Before Android 4.1, method long java.util.concurrent.ThreadLocalRandom.internalNextLong(long, long) would have incorrectly overridden the package-private method in java.util.Random
09-22 08:25:13.877  3606  3606 W InstanceID/Rpc: Found 10013
09-22 08:25:13.896  3606  3606 V MediaRouter: Adding route: RouteInfo{ name=Phone, description=null, status=null, category=RouteCategory{ name=null types=ROUTE_TYPE_LIVE_AUDIO ROUTE_TYPE_LIVE_VIDEO  groupable=false }, supportedTypes=ROUTE_TYPE_LIVE_AUDIO ROUTE_TYPE_LIVE_VIDEO , presentationDisplay=null }
09-22 08:25:13.898  3606  3606 V MediaRouter: Updating audio routes: AudioRoutesInfo{ type=SPEAKER }
09-22 08:25:13.898  3606  3606 V MediaRouter: Selecting route: RouteInfo{ name=Phone, description=null, status=null, category=RouteCategory{ name=null types=ROUTE_TYPE_LIVE_AUDIO ROUTE_TYPE_LIVE_VIDEO  groupable=false }, supportedTypes=ROUTE_TYPE_LIVE_AUDIO ROUTE_TYPE_LIVE_VIDEO , presentationDisplay=null }
09-22 08:25:13.906  1674  1781 W ActivityManager: Unable to start service Intent { cmp=com.google.android.youtube/com.google.android.libraries.youtube.upload.service.UploadService$BootReceiver } U=0: not found
09-22 08:25:13.934  1706  1706 E hostapd : Using interface wlan1 with hwaddr 02:00:00:00:01:00 and ssid "AndroidWifi"
09-22 08:25:13.934  1706  1706 I hostapd : wlan1: interface state HT_SCAN->ENABLED
09-22 08:25:13.934  1706  1706 I hostapd : wlan1: AP-ENABLED 
09-22 08:25:13.934  2857  3413 I Authzen : [DeviceStateSyncManager] Skipping sync since last one was 258ms ago.
09-22 08:25:13.936  3606  3606 V MediaRouter: Selecting route: RouteInfo{ name=Phone, description=null, status=null, category=RouteCategory{ name=null types=ROUTE_TYPE_LIVE_AUDIO ROUTE_TYPE_LIVE_VIDEO  groupable=false }, supportedTypes=ROUTE_TYPE_LIVE_AUDIO ROUTE_TYPE_LIVE_VIDEO , presentationDisplay=null }
09-22 08:25:13.938  2673  2673 D MusicLifecycle: com.google.android.music.store.MediaStoreImportService$Receiver generated event: Broadcast received with context android.app.ReceiverRestrictedContext@139ac3 and intent Intent { act=android.intent.action.MEDIA_SCANNER_STARTED dat=file:///storage/emulated/0 flg=0x10 cmp=com.google.android.music/.store.MediaStoreImportService$Receiver }
09-22 08:25:13.939  2673  2673 D MusicLifecycle: com.google.android.music.store.MediaStoreImportService generated event: Service created
09-22 08:25:13.939  2673  2673 D MusicLifecycle: com.google.android.music.store.MediaStoreImportService generated event: Service destroyed
09-22 08:25:13.940  1885  1885 D VvmSimChangeReceiver: Carrier config changed
09-22 08:25:13.941  1885  1885 I VvmSimChangeReceiver: Sim state or carrier config changed for 1
09-22 08:25:13.942  1674  2629 W ActivityManager: Permission Denial: Accessing service ComponentInfo{com.google.android.music/com.google.android.music.dial.DialMediaRouteProviderService} from pid=3606, uid=10078 that is not exported from uid 10060
09-22 08:25:13.943  1885  1885 D VvmTaskScheduler: create task:com.android.phone.vvm.omtp.ActivationTask
09-22 08:25:13.945  1674  2642 D ConnectivityService: reportNetworkConnectivity(100, true) by 10013
09-22 08:25:14.110  2857  2857 I CastSocket: 25 >= 18. Adding new CastClientAuthKeyManager.
09-22 08:25:14.115  2857  2857 I DeviceCache: Unable to convert the the network interface's MAC Address to string. MAC address cannot be null.
09-22 08:25:14.115  2857  2857 I DeviceCache: Unable to convert the the network interface's MAC Address to string. MAC address cannot be null.
09-22 08:25:14.135  2857  3725 I iu.SyncManager: SYNC; picasa accounts
09-22 08:25:14.137  2857  2857 I iu.Environment: update connectivity state; isNetworkMetered? true*, isRoaming? false, isBackgroundDataAllowed? true*
09-22 08:25:14.138  2857  2857 I CastMediaRouteProvider: in onDiscoveryRequestChanged: request=DiscoveryRequest{ selector=MediaRouteSelector{ controlCategories=[com.google.android.gms.cast.CATEGORY_CAST/233637DE] }, activeScan=false, isValid=true }
09-22 08:25:14.138  2857  2857 I CastMediaRouteProvider: Logging initial network connection state.
09-22 08:25:14.139  2673  2673 D MusicLifecycle: com.google.android.music.store.MediaStoreImportService$Receiver generated event: Broadcast received with context android.app.ReceiverRestrictedContext@139ac3 and intent Intent { act=android.intent.action.MEDIA_SCANNER_FINISHED dat=file:///storage/emulated/0 flg=0x10 cmp=com.google.android.music/.store.MediaStoreImportService$Receiver }
09-22 08:25:14.140  2857  3725 I iu.UploadsManager: num queued entries: 0
09-22 08:25:14.140  2857  3725 I iu.UploadsManager: num updated entries: 0
09-22 08:25:14.140  2857  3725 I iu.SyncManager: NEXT; no task
09-22 08:25:14.141  2673  2673 D MusicLifecycle: com.google.android.music.store.MediaStoreImportService generated event: Service created
09-22 08:25:14.141  2857  2857 I CastMediaRouteProvider: Network connectivity changed
09-22 08:25:14.143  2857  3041 I DeviceScanner: [MDNS] Filter criteria: 233637DE
09-22 08:25:14.143  2857  3041 I DeviceScanner: [MDNS] updateScannerState: No filter criteria was added.
09-22 08:25:14.143  2857  3041 I DeviceScanner: [MDNS] updateScannerState: No filter criteria was removed.
09-22 08:25:14.146  2673  2673 D MusicLifecycle: com.google.android.music.store.MediaStoreImportService$Receiver generated event: Broadcast received with context android.app.ReceiverRestrictedContext@139ac3 and intent Intent { act=android.intent.action.MEDIA_SCANNER_STARTED dat=file:///storage/emulated/0 flg=0x10 cmp=com.google.android.music/.store.MediaStoreImportService$Receiver }
09-22 08:25:14.147  2673  2673 D MusicLifecycle: com.google.android.music.store.MediaStoreImportService$Receiver generated event: Broadcast received with context android.app.ReceiverRestrictedContext@139ac3 and intent Intent { act=android.intent.action.MEDIA_SCANNER_FINISHED dat=file:///storage/emulated/0 flg=0x10 cmp=com.google.android.music/.store.MediaStoreImportService$Receiver }
09-22 08:25:14.147  2857  3041 W MdnsClient_Cast: #acquireLock. Multicast lock not held. Acquiring. Subtypes:"233637DE"
09-22 08:25:14.149  2857  3041 I DeviceScanner: [CastNearby] Filter criteria: 233637DE
09-22 08:25:14.149  2857  3041 I DeviceScanner: [CastNearby] updateScannerState: No filter criteria was added.
09-22 08:25:14.149  2857  3041 I DeviceScanner: [CastNearby] updateScannerState: No filter criteria was removed.
09-22 08:25:14.150  1885  1885 D VvmSimChangeReceiver: Carrier config changed
09-22 08:25:14.152  1885  1885 I VvmSimChangeReceiver: Sim state or carrier config changed for 1
09-22 08:25:14.153  1885  1885 D VvmTaskScheduler: create task:com.android.phone.vvm.omtp.ActivationTask
09-22 08:25:14.156  2673  2673 D MusicLifecycle: com.google.android.music.store.MediaStoreImportService$Receiver generated event: Broadcast received with context android.app.ReceiverRestrictedContext@139ac3 and intent Intent { act=android.intent.action.MEDIA_SCANNER_STARTED dat=file:///system/media flg=0x10 cmp=com.google.android.music/.store.MediaStoreImportService$Receiver }
09-22 08:25:14.160  2673  2673 D MusicLifecycle: com.google.android.music.store.MediaStoreImportService$Receiver generated event: Broadcast received with context android.app.ReceiverRestrictedContext@139ac3 and intent Intent { act=android.intent.action.MEDIA_SCANNER_FINISHED dat=file:///system/media flg=0x10 cmp=com.google.android.music/.store.MediaStoreImportService$Receiver }
09-22 08:25:14.161  2673  2673 D MusicLifecycle: com.google.android.music.store.MediaStoreImportService$Receiver generated event: Broadcast received with context android.app.ReceiverRestrictedContext@139ac3 and intent Intent { act=android.intent.action.MEDIA_SCANNER_STARTED dat=file:///storage/emulated/0 flg=0x10 cmp=com.google.android.music/.store.MediaStoreImportService$Receiver }
09-22 08:25:14.162  2673  2673 D MusicLifecycle: com.google.android.music.store.MediaStoreImportService$Receiver generated event: Broadcast received with context android.app.ReceiverRestrictedContext@139ac3 and intent Intent { act=android.intent.action.MEDIA_SCANNER_FINISHED dat=file:///storage/emulated/0 flg=0x10 cmp=com.google.android.music/.store.MediaStoreImportService$Receiver }
09-22 08:25:14.172  3108  3108 W System  : ClassLoader referenced unknown path: /system/priv-app/PrebuiltGmsCore/lib/x86
09-22 08:25:14.173  3108  3108 D ApplicationLoaders: ignored Vulkan layer search path /system/priv-app/PrebuiltGmsCore/lib/x86:/system/fake-libs:/system/priv-app/PrebuiltGmsCore/PrebuiltGmsCore.apk!/lib/x86:/system/lib:/vendor/lib for namespace 0xb160c090
09-22 08:25:14.177  3108  3108 W System  : ClassLoader referenced unknown path: /system/priv-app/PrebuiltGmsCore/lib/x86
09-22 08:25:14.177  3108  3108 W System  : ClassLoader referenced unknown path: /system/priv-app/PrebuiltGmsCore/lib/x86
09-22 08:25:14.177  3108  3108 W linker  : /data/data/com.google.android.gms/app_extracted_libs/x86/libgmscore.so: unused DT entry: type 0x7ffffffd arg 0x754
09-22 08:25:14.178  3108  3108 W System  : ClassLoader referenced unknown path: /system/priv-app/PrebuiltGmsCore/lib/x86
09-22 08:25:14.179  3108  3108 W System  : ClassLoader referenced unknown path: /system/priv-app/PrebuiltGmsCore/lib/x86
09-22 08:25:14.181  2673  3726 I MediaStoreImporter: Update: incremental Added music: 0 Updated music: 0 Deleted music: 0 Created playlists: 0 Updated playlists: 0 Deleted playlists: 0 Inserted playlist items: 0 Deleted playlist items: 0 Removed orphaned playlist items: 0
09-22 08:25:14.182  3108  3108 W linker  : /system/priv-app/PrebuiltGmsCore/PrebuiltGmsCore.apk!/lib/x86/libconscrypt_gmscore_jni.so: unused DT entry: type 0x7ffffffd arg 0x174
09-22 08:25:14.182  3108  3108 W linker  : /system/priv-app/PrebuiltGmsCore/PrebuiltGmsCore.apk!/lib/x86/libgmscore.so: unused DT entry: type 0x7ffffffd arg 0x754
09-22 08:25:14.182  3108  3108 V JNIHelp : Registering com/google/android/gms/org/conscrypt/NativeCrypto's 242 native methods...
09-22 08:25:14.188  3108  3108 D NetworkSecurityConfig: No Network Security Config specified, using platform default
09-22 08:25:14.189  3108  3108 I ProviderInstaller: Installed default security provider GmsCore_OpenSSL
09-22 08:25:14.189  2673  3726 I MediaStoreImporter: Update: incremental Added music: 0 Updated music: 0 Deleted music: 0 Created playlists: 0 Updated playlists: 0 Deleted playlists: 0 Inserted playlist items: 0 Deleted playlist items: 0 Removed orphaned playlist items: 0
09-22 08:25:14.198  2673  3726 I MediaStoreImporter: Update: incremental Added music: 0 Updated music: 0 Deleted music: 0 Created playlists: 0 Updated playlists: 0 Deleted playlists: 0 Inserted playlist items: 0 Deleted playlist items: 0 Removed orphaned playlist items: 0
09-22 08:25:14.200  2673  2673 D MusicLifecycle: com.google.android.music.store.MediaStoreImportService generated event: Service destroyed
09-22 08:25:14.229  3108  3150 W System  : ClassLoader referenced unknown path: 
09-22 08:25:14.230  3108  3150 W System  : ClassLoader referenced unknown path: /system/priv-app/PrebuiltGmsCore/lib/x86
09-22 08:25:14.231  3108  3150 D ApplicationLoaders: ignored Vulkan layer search path /system/priv-app/PrebuiltGmsCore/lib/x86:/system/fake-libs:/system/priv-app/PrebuiltGmsCore/PrebuiltGmsCore.apk!/lib/x86:/system/lib:/vendor/lib for namespace 0xb160c0d0
09-22 08:25:14.260  2325  2808 W GeofencerStateMachine: Ignoring removeGeofence because network location is disabled.
09-22 08:25:14.304  3754  3754 W art     : Unexpected CPU variant for X86 using defaults: x86
09-22 08:25:14.306  2325  3767 I CheckinUtil: Classify the device as Phone.
09-22 08:25:14.311  1674  2642 I ActivityManager: Start proc 3754:com.google.android.talk:matchstick/u0a56 for broadcast com.google.android.talk/com.google.android.libraries.matchstick.net.MatchstickInProcessReceiver
09-22 08:25:14.316  3754  3754 W System  : ClassLoader referenced unknown path: /system/app/Hangouts/lib/x86
09-22 08:25:14.360  2673  2673 D MusicLifecycle: com.google.android.music.wear.WearBroadcastReceiver generated event: Broadcast received with context android.app.ReceiverRestrictedContext@139ac3 and intent Intent { act=com.google.android.music.IMPORT_COMPLETE flg=0x10 cmp=com.google.android.music/.wear.WearBroadcastReceiver }
09-22 08:25:14.364  2673  2673 D MusicLifecycle: com.google.android.music.wear.WearBroadcastReceiver generated event: Broadcast received with context android.app.ReceiverRestrictedContext@139ac3 and intent Intent { act=com.google.android.music.IMPORT_COMPLETE flg=0x10 cmp=com.google.android.music/.wear.WearBroadcastReceiver }
09-22 08:25:14.366  2673  2673 D MusicLifecycle: com.google.android.music.wear.WearBroadcastReceiver generated event: Broadcast received with context android.app.ReceiverRestrictedContext@139ac3 and intent Intent { act=com.google.android.music.IMPORT_COMPLETE flg=0x10 cmp=com.google.android.music/.wear.WearBroadcastReceiver }
09-22 08:25:14.370  3754  3769 I MS_RegisterService: RegisterService intent:Intent { act=register_intent_action flg=0x10 cmp=com.google.android.talk/com.google.android.libraries.matchstick.net.SilentRegisterService } isPeriodic:false
09-22 08:25:14.374  3754  3769 W System  : ClassLoader referenced unknown path: /system/priv-app/PrebuiltGmsCore/lib/x86
09-22 08:25:14.375  3754  3769 D ApplicationLoaders: ignored Vulkan layer search path /system/priv-app/PrebuiltGmsCore/lib/x86:/system/fake-libs:/system/priv-app/PrebuiltGmsCore/PrebuiltGmsCore.apk!/lib/x86:/system/lib:/vendor/lib for namespace 0xb160c090
09-22 08:25:14.379  3754  3769 W System  : ClassLoader referenced unknown path: /system/priv-app/PrebuiltGmsCore/lib/x86
09-22 08:25:14.380  3754  3769 W System  : ClassLoader referenced unknown path: /system/priv-app/PrebuiltGmsCore/lib/x86
09-22 08:25:14.380  3754  3769 W linker  : /data/data/com.google.android.gms/app_extracted_libs/x86/libgmscore.so: unused DT entry: type 0x7ffffffd arg 0x754
09-22 08:25:14.381  3754  3769 W System  : ClassLoader referenced unknown path: /system/priv-app/PrebuiltGmsCore/lib/x86
09-22 08:25:14.381  3754  3769 W System  : ClassLoader referenced unknown path: /system/priv-app/PrebuiltGmsCore/lib/x86
09-22 08:25:14.384  3754  3769 W linker  : /system/priv-app/PrebuiltGmsCore/PrebuiltGmsCore.apk!/lib/x86/libconscrypt_gmscore_jni.so: unused DT entry: type 0x7ffffffd arg 0x174
09-22 08:25:14.384  3754  3769 W linker  : /system/priv-app/PrebuiltGmsCore/PrebuiltGmsCore.apk!/lib/x86/libgmscore.so: unused DT entry: type 0x7ffffffd arg 0x754
09-22 08:25:14.384  3754  3769 V JNIHelp : Registering com/google/android/gms/org/conscrypt/NativeCrypto's 242 native methods...
09-22 08:25:14.389  3754  3769 D NetworkSecurityConfig: No Network Security Config specified, using platform default
09-22 08:25:14.390  3754  3769 I ProviderInstaller: Installed default security provider GmsCore_OpenSSL
09-22 08:25:14.390  3754  3769 I MS_RegisterService: Not registered and not enabled. Doing nothing.
09-22 08:25:14.391  1674  2643 I ActivityManager: Killing 2900:com.android.dialer/u0a9 (adj 906): empty #17
09-22 08:25:14.444  1674  2643 D ActivityManager: cleanUpApplicationRecord -- 2900
09-22 08:25:14.465  2325  2801 W art     : Before Android 4.1, method double java.util.concurrent.ThreadLocalRandom.internalNextDouble(double, double) would have incorrectly overridden the package-private method in java.util.Random
09-22 08:25:14.465  2325  2801 W art     : Before Android 4.1, method int java.util.concurrent.ThreadLocalRandom.internalNextInt(int, int) would have incorrectly overridden the package-private method in java.util.Random
09-22 08:25:14.465  2325  2801 W art     : Before Android 4.1, method long java.util.concurrent.ThreadLocalRandom.internalNextLong(long, long) would have incorrectly overridden the package-private method in java.util.Random
09-22 08:25:14.466  2673  3774 E GmsUtils: Failed to connect to Google API client: ConnectionResult{statusCode=API_UNAVAILABLE, resolution=null, message=null}
09-22 08:25:14.466  2673  3773 E GmsUtils: Failed to connect to Google API client: ConnectionResult{statusCode=API_UNAVAILABLE, resolution=null, message=null}
09-22 08:25:14.466  2673  3775 E GmsUtils: Failed to connect to Google API client: ConnectionResult{statusCode=API_UNAVAILABLE, resolution=null, message=null}
09-22 08:25:15.022  1674  1903 I ActivityManager: Killing 2007:com.android.deskclock/u0a42 (adj 906): empty #17
09-22 08:25:15.104  1674  2643 D ActivityManager: cleanUpApplicationRecord -- 2007
09-22 08:25:15.347  2857  3031 I Vision  : Engine already satisfied by existing download for ocr
09-22 08:25:16.138  1674  1730 D WifiStateMachine: CMD_AUTO_CONNECT sup state DisconnectedState my state DisconnectedState nid=0 roam=false
09-22 08:25:16.138  1674  1730 D WifiStateMachine: CMD_AUTO_CONNECT will save config -> "AndroidWifi" nid=0
09-22 08:25:16.146  1674  3781 D WifiNetworkHistory: saving network history: "AndroidWifi"NONE gw: null Network Selection-status: NETWORK_SELECTION_ENABLED ephemeral=false choice:null link:0 status:1 nid:0 hasEverConnected: true
09-22 08:25:16.146  1674  3781 V WifiNetworkHistory: writeKnownNetworkHistory write config "AndroidWifi"NONE
09-22 08:25:16.147  1674  1730 D WifiStateMachine: CMD_AUTO_CONNECT did save config ->  nid=0
09-22 08:25:16.148  2006  2006 I wpa_supplicant: wlan0: SME: Trying to authenticate with 02:00:00:00:01:00 (SSID='AndroidWifi' freq=2447 MHz)
09-22 08:25:16.149  1706  1706 I hostapd : wlan1: STA 02:00:00:44:55:66 IEEE 802.11: authenticated
09-22 08:25:16.149  1706  1706 I hostapd : wlan1: STA 02:00:00:44:55:66 IEEE 802.11: authenticated
09-22 08:25:16.149  2006  2006 I wpa_supplicant: wlan0: Trying to associate with 02:00:00:00:01:00 (SSID='AndroidWifi' freq=2447 MHz)
09-22 08:25:16.154  1674  3782 D WifiNetworkHistory: saving network history: "AndroidWifi"NONE gw: null Network Selection-status: NETWORK_SELECTION_ENABLED ephemeral=false choice:null link:0 status:1 nid:0 hasEverConnected: true
09-22 08:25:16.154  1674  3782 V WifiNetworkHistory: writeKnownNetworkHistory write config "AndroidWifi"NONE
09-22 08:25:16.154  1706  1706 I hostapd : wlan1: STA 02:00:00:44:55:66 IEEE 802.11: associated (aid 1)
09-22 08:25:16.154  1706  1706 I hostapd : wlan1: STA 02:00:00:44:55:66 IEEE 802.11: associated (aid 1)
09-22 08:25:16.154  1706  1706 I hostapd : wlan1: AP-STA-CONNECTED 02:00:00:44:55:66
09-22 08:25:16.156  2006  2006 I wpa_supplicant: wlan0: Associated with 02:00:00:00:01:00
09-22 08:25:16.156  2006  2006 I wpa_supplicant: wlan0: CTRL-EVENT-CONNECTED - Connection to 02:00:00:00:01:00 completed [id=0 id_str=%7B%22creatorUid%22%3A%22-1%22%2C%22configKey%22%3A%22%5C%22AndroidWifi%5C%22NONE%22%7D]
09-22 08:25:16.156  2006  2006 I wpa_supplicant: wlan0: CTRL-EVENT-SUBNET-STATUS-UPDATE status=0
09-22 08:25:16.157  1674  1730 D ConnectivityService: registerNetworkAgent NetworkAgentInfo{ ni{[type: WIFI[], state: CONNECTING/CONNECTING, reason: (unspecified), extra: "AndroidWifi", failover: false, available: true, roaming: false, metered: false]}  network{101}  nethandle{433808132830}  lp{{LinkAddresses: []  Routes: [] DnsAddresses: [] Domains: null MTU: 0}}  nc{[ Transports: WIFI Capabilities: NOT_METERED&INTERNET&NOT_RESTRICTED&TRUSTED&NOT_VPN LinkUpBandwidth>=1048576Kbps LinkDnBandwidth>=1048576Kbps]}  Score{20}  everValidated{false}  lastValidated{false}  created{false} lingering{false} explicitlySelected{false} acceptUnvalidated{false} everCaptivePortalDetected{false} lastCaptivePortalDetected{false} }
09-22 08:25:16.157  1674  1734 D ConnectivityService: NetworkAgentInfo [WIFI () - 101] EVENT_NETWORK_INFO_CHANGED, going from null to CONNECTING
09-22 08:25:16.158  1674  1730 D WifiStateMachine: Start Dhcp Watchdog 1
09-22 08:25:16.158  1674  1730 D WifiNative-wlan0: configureNeighborDiscoveryOffload(true)
09-22 08:25:16.165  2673  2673 D MusicLifecycle: com.google.android.music.autocache.AutoCacheSchedulingService$EnablingReceiver generated event: Broadcast received with context android.app.ReceiverRestrictedContext@139ac3 and intent Intent { act=com.google.android.music.START_DOWNLOAD_SCHEDULING flg=0x10 cmp=com.google.android.music/.autocache.AutoCacheSchedulingService$EnablingReceiver }
09-22 08:25:16.167  2673  2673 D MusicLifecycle: com.google.android.music.autocache.AutoCacheSchedulingService generated event: Service created
09-22 08:25:16.169  2673  2673 D MusicLifecycle: com.google.android.music.autocache.AutoCacheSchedulingService generated event: Service started with intent Intent { act=com.google.android.music.leanback.APP_IN_USE cmp=com.google.android.music/.autocache.AutoCacheSchedulingService (has extras) }
09-22 08:25:16.169  2673  2673 D MusicLifecycle: com.google.android.music.wear.WearBroadcastReceiver generated event: Broadcast received with context android.app.ReceiverRestrictedContext@139ac3 and intent Intent { act=com.google.android.music.START_DOWNLOAD_SCHEDULING flg=0x10 cmp=com.google.android.music/.wear.WearBroadcastReceiver }
09-22 08:25:16.171  2673  3792 E GmsUtils: Failed to connect to Google API client: ConnectionResult{statusCode=API_UNAVAILABLE, resolution=null, message=null}
09-22 08:25:16.178  2673  3789 I MusicLeanback: Conditions not met for autocaching. okToAttempt=false
09-22 08:25:16.178  2673  3789 I MusicLeanback: Stop autocaching.
09-22 08:25:16.178  2673  2673 D MusicLifecycle: com.google.android.music.autocache.AutoCacheSchedulingService generated event: Service destroyed
09-22 08:25:16.184  1674  3793 D DhcpClient: Receive thread started
09-22 08:25:16.185  1674  3786 D DhcpClient: Broadcasting DHCPDISCOVER
09-22 08:25:16.185  1674  3793 D DhcpClient: Received packet: 02:00:00:44:55:66 OFFER, ip /192.168.232.2, mask /255.255.248.0, DNS servers: /10.0.2.3 , gateways [/192.168.232.1] lease time 1476526080, domain null
09-22 08:25:16.186  1674  3786 D DhcpClient: Got pending lease: IP address 192.168.232.2/21 Gateway 192.168.232.1  DNS servers: [ 10.0.2.3 ] Domains  DHCP server /192.168.232.1 Vendor info null lease 1476526080 seconds
09-22 08:25:16.186  1674  3786 D DhcpClient: Broadcasting DHCPREQUEST ciaddr=0.0.0.0 request=192.168.232.2 serverid=192.168.232.1
09-22 08:25:16.186  1674  3793 D DhcpClient: Received packet: 02:00:00:44:55:66 ACK: your new IP /192.168.232.2, netmask /255.255.248.0, gateways [/192.168.232.1] DNS servers: /10.0.2.3 , lease time 1476526080
09-22 08:25:16.186  1674  3786 D DhcpClient: Confirmed lease: IP address 192.168.232.2/21 Gateway 192.168.232.1  DNS servers: [ 10.0.2.3 ] Domains  DHCP server /192.168.232.1 Vendor info null lease 1476526080 seconds
09-22 08:25:16.187  1396  1672 D CommandListener: Setting iface cfg
09-22 08:25:16.188  1674  3786 D DhcpClient: Scheduling renewal in 738263039s
09-22 08:25:16.188  1674  3786 D DhcpClient: Scheduling rebind in 1291960319s
09-22 08:25:16.188  1674  3786 D DhcpClient: Scheduling expiry in 1476526079s
09-22 08:25:16.188  1674  1730 E WifiNative-HAL: setBssidBlacklist cmd 0 size 0
09-22 08:25:16.188  1674  1734 D ConnectivityService: NetworkAgentInfo [WIFI () - 101] EVENT_NETWORK_INFO_CHANGED, going from CONNECTING to CONNECTED
09-22 08:25:16.189  1674  1734 D ConnectivityService: Adding iface wlan0 to network 101
09-22 08:25:16.189  1674  1730 E WifiStateMachine: Did not find remoteAddress {192.168.232.1} in /proc/net/arp
09-22 08:25:16.190  1674  1730 E WifiStateMachine: Did not find remoteAddress {192.168.232.1} in /proc/net/arp
09-22 08:25:16.196  1674  1734 D ConnectivityService: Setting DNS servers for network 101 to [/10.0.2.3]
09-22 08:25:16.200  1674  1730 D WifiNetworkAgent: NetworkAgent: Received signal strength thresholds: []
09-22 08:25:16.200  1674  1730 D WifiNative-HAL: stopRssiMonitoring, cmdId 0
09-22 08:25:16.201  1674  1734 D ConnectivityService: Switching to new default network: NetworkAgentInfo{ ni{[type: WIFI[], state: CONNECTED/CONNECTED, reason: (unspecified), extra: "AndroidWifi", failover: false, available: true, roaming: false, metered: false]}  network{101}  nethandle{433808132830}  lp{{InterfaceName: wlan0 LinkAddresses: [fe80::ff:fe44:5566/64,192.168.232.2/21,]  Routes: [fe80::/64 -> :: wlan0,192.168.232.0/21 -> 0.0.0.0 wlan0,0.0.0.0/0 -> 192.168.232.1 wlan0,] DnsAddresses: [10.0.2.3,] Domains: null MTU: 0 TcpBufferSizes: 524288,1048576,2097152,262144,524288,1048576}}  nc{[ Transports: WIFI Capabilities: NOT_METERED&INTERNET&NOT_RESTRICTED&TRUSTED&NOT_VPN&FOREGROUND LinkUpBandwidth>=1048576Kbps LinkDnBandwidth>=1048576Kbps SignalStrength: -30]}  Score{17}  everValidated{false}  lastValidated{false}  created{true} lingering{false} explicitlySelected{false} acceptUnvalidated{false} everCaptivePortalDetected{false} lastCaptivePortalDetected{false} }
09-22 08:25:16.207  1396  1672 V IdletimerController: runCmd(/system/bin/ip6tables -w -t raw -A idletimer_raw_PREROUTING -i wlan0 -j IDLETIMER --timeout 15 --label 1 --send_nl_msg 1) res_ipv4=0, res_ipv6=0
09-22 08:25:16.211  1396  1672 V IdletimerController: runCmd(/system/bin/ip6tables -w -t mangle -A idletimer_mangle_POSTROUTING -o wlan0 -j IDLETIMER --timeout 15 --label 1 --send_nl_msg 1) res_ipv4=0, res_ipv6=0
09-22 08:25:16.212  1674  1749 I GnssLocationProvider: WakeLock acquired by sendMessage(6, 0, null)
09-22 08:25:16.212  1674  1687 D GnssLocationProvider: handleDownloadXtraData() called when Xtra not supported
09-22 08:25:16.212  1674  1734 D ConnectivityService: Sending DISCONNECTED broadcast for type 0 NetworkAgentInfo [MOBILE (LTE) - 100] isDefaultNetwork=true
09-22 08:25:16.213  1674  1687 I GnssLocationProvider: WakeLock released by handleMessage(6, 0, null)
09-22 08:25:16.213  1674  1734 D ConnectivityService: Sending CONNECTED broadcast for type 1 NetworkAgentInfo [WIFI () - 101] isDefaultNetwork=true
09-22 08:25:16.214  2857  2857 I CastMediaRouteProvider: Network connectivity changed
09-22 08:25:16.216  2673  2673 D MusicLifecycle: com.google.android.music.net.NetworkConnectivityMonitor$NetworkChangedReceiver generated event: Broadcast received with context com.google.android.music.MusicApplication@351e4dd and intent Intent { act=android.net.conn.CONNECTIVITY_CHANGE flg=0x4000010 (has extras) }
09-22 08:25:16.217  2673  2673 I NetworkConnectivity: Network state changed: [type: WIFI[], state: CONNECTED/CONNECTED, reason: (unspecified), extra: "AndroidWifi", failover: false, available: true, roaming: false, metered: false]
09-22 08:25:16.218  2673  2673 I NetworkPolicyMonitor: Download-ability status changed to (true) unmetered wifi/eth: true mobileOrMetered: false
09-22 08:25:16.219  2857  2857 I CastMediaRouteProvider: Network connectivity changed
09-22 08:25:16.219  2673  2673 D MusicLifecycle: com.google.android.music.net.NetworkConnectivityMonitor$NetworkChangedReceiver generated event: Broadcast received with context com.google.android.music.MusicApplication@351e4dd and intent Intent { act=android.net.conn.CONNECTIVITY_CHANGE flg=0x4000010 (has extras) }
09-22 08:25:16.219  2673  2673 I NetworkConnectivity: Network state changed: [type: WIFI[], state: CONNECTED/CONNECTED, reason: (unspecified), extra: "AndroidWifi", failover: false, available: true, roaming: false, metered: false]
09-22 08:25:16.228  2857  2857 E MDM     : [1] SitrepChimeraService.a: No Google accounts; deferring server state update.
09-22 08:25:16.236  2857  2857 I iu.Environment: update connectivity state; isNetworkMetered? false*, isRoaming? false, isBackgroundDataAllowed? true
09-22 08:25:16.237  2857  3725 I iu.UploadsManager: num queued entries: 0
09-22 08:25:16.237  2857  3725 I iu.UploadsManager: num updated entries: 0
09-22 08:25:16.237  2857  3725 I iu.SyncManager: NEXT; no task
09-22 08:25:16.242  1674  2643 D ConnectivityService: reportNetworkConnectivity(101, true) by 10013
09-22 08:25:16.244  2857  2857 E MDM     : [1] SitrepChimeraService.a: No Google accounts; deferring server state update.
09-22 08:25:16.248  3108  3736 I SQLiteDatabase: can't enable WAL for memory databases.
09-22 08:25:16.252  3108  3736 I SQLiteDatabase: can't enable WAL for memory databases.
09-22 08:25:16.425  2624  2624 I MicroDetectionWorker: Micro detection mode: [mDetectionMode: [1]].
09-22 08:25:16.425  2624  2624 I AudioController: Using mInputStreamFactoryBuilder
09-22 08:25:16.427  2624  3813 I MicroRecognitionRunner: Starting detection.
09-22 08:25:16.427  2624  2767 I MicrophoneInputStream: mic_starting com.google.android.apps.gsa.staticplugins.z.c@59ac0cf
09-22 08:25:16.427  1387  3816 I AudioFlinger: AudioFlinger's thread 0xae503b80 ready to run
09-22 08:25:16.428  2624  2767 I MicrophoneInputStream: mic_started com.google.android.apps.gsa.staticplugins.z.c@59ac0cf
09-22 08:25:16.428  2624  2767 E ActivityThread: Failed to find provider info for com.google.android.apps.gsa.testing.ui.audio.recorded
09-22 08:25:16.429  2624  2624 I MicroDetectionWorker: onReady
09-22 08:25:16.430  2624  2767 I MicrophoneInputStream: mic_close com.google.android.apps.gsa.staticplugins.z.c@59ac0cf
09-22 08:25:16.430  2624  3813 I MicroRecognitionRunner: Detection finished
09-22 08:25:16.430  2624  3813 W ErrorReporter: reportError [type: 211, code: 524300]: Error reading from input stream
09-22 08:25:16.430  2624  2872 I MicroRecognitionRunner: Stopping hotword detection.
09-22 08:25:16.430  2624  3813 W ErrorProcessor: onFatalError, processing error from engine(4)
09-22 08:25:16.430  2624  3813 W ErrorProcessor: com.google.android.apps.gsa.shared.speech.a.g: Error reading from input stream
09-22 08:25:16.430  2624  3813 W ErrorProcessor: 	at com.google.android.apps.gsa.staticplugins.recognizer.i.a.a(SourceFile:342)
09-22 08:25:16.430  2624  3813 W ErrorProcessor: 	at com.google.android.apps.gsa.staticplugins.recognizer.i.a$1.run(SourceFile:1367)
09-22 08:25:16.430  2624  3813 W ErrorProcessor: 	at java.util.concurrent.Executors$RunnableAdapter.call(Executors.java:428)
09-22 08:25:16.430  2624  3813 W ErrorProcessor: 	at java.util.concurrent.FutureTask.run(FutureTask.java:237)
09-22 08:25:16.430  2624  3813 W ErrorProcessor: 	at com.google.android.apps.gsa.shared.util.concurrent.a.ak.run(SourceFile:66)
09-22 08:25:16.430  2624  3813 W ErrorProcessor: 	at java.util.concurrent.ThreadPoolExecutor.runWorker(ThreadPoolExecutor.java:1133)
09-22 08:25:16.430  2624  3813 W ErrorProcessor: 	at java.util.concurrent.ThreadPoolExecutor$Worker.run(ThreadPoolExecutor.java:607)
09-22 08:25:16.430  2624  3813 W ErrorProcessor: 	at java.lang.Thread.run(Thread.java:761)
09-22 08:25:16.430  2624  3813 W ErrorProcessor: 	at com.google.android.apps.gsa.shared.util.concurrent.a.ad$1.run(SourceFile:85)
09-22 08:25:16.430  2624  3813 W ErrorProcessor: Caused by: com.google.android.apps.gsa.shared.exception.GsaIOException: Error code: 393238 | Buffer overflow, no available space.
09-22 08:25:16.430  2624  3813 W ErrorProcessor: 	at com.google.android.apps.gsa.speech.audio.Tee.g(SourceFile:2531)
09-22 08:25:16.430  2624  3813 W ErrorProcessor: 	at com.google.android.apps.gsa.speech.audio.ap.read(SourceFile:555)
09-22 08:25:16.430  2624  3813 W ErrorProcessor: 	at java.io.InputStream.read(InputStream.java:101)
09-22 08:25:16.430  2624  3813 W ErrorProcessor: 	at com.google.android.apps.gsa.speech.audio.al.run(SourceFile:362)
09-22 08:25:16.430  2624  3813 W ErrorProcessor: 	at com.google.android.apps.gsa.speech.audio.ak$1.run(SourceFile:471)
09-22 08:25:16.430  2624  3813 W ErrorProcessor: 	at java.util.concurrent.Executors$RunnableAdapter.call(Executors.java:428)
09-22 08:25:16.430  2624  3813 W ErrorProcessor: 	at java.util.concurrent.FutureTask.run(FutureTask.java:237)
09-22 08:25:16.430  2624  3813 W ErrorProcessor: 	at com.google.android.apps.gsa.shared.util.concurrent.a.ak.run(SourceFile:66)
09-22 08:25:16.430  2624  3813 W ErrorProcessor: 	at com.google.android.apps.gsa.shared.util.concurrent.a.ax.run(SourceFile:139)
09-22 08:25:16.430  2624  3813 W ErrorProcessor: 	at com.google.android.apps.gsa.shared.util.concurrent.a.ax.run(SourceFile:139)
09-22 08:25:16.430  2624  3813 W ErrorProcessor: 	... 4 more
09-22 08:25:16.430  2624  3813 I AudioController: internalShutdown
09-22 08:25:16.432  2624  2624 I MicroDetector: Keeping mic open: false
09-22 08:25:16.432  2624  2624 I MicroDetectionWorker: #onError(false)
09-22 08:25:16.432  2624  3812 I DeviceStateChecker: DeviceStateChecker cancelled
09-22 08:25:16.444  1674  1727 D SntpClient: round trip: 240ms, clock offset: 720ms
09-22 08:25:16.516  1674  2629 D ConnectivityService: reportNetworkConnectivity(101, true) by 10013
09-22 08:25:16.517  1674  1918 D ConnectivityService: reportNetworkConnectivity(101, true) by 10013
09-22 08:25:16.517  1674  2643 D ConnectivityService: reportNetworkConnectivity(101, true) by 10013
