cannot bind 'tcp:5037'
cannot bind 'tcp:5037'
adb server is out of date.  killing...
adb server is out of date.  killing...
adb server is out of date.  killing...
* daemon started successfully *
* daemon not running. starting it now on port 5037 *
* daemon started successfully *
* daemon not running. starting it now on port 5037 *
* daemon started successfully *
--------- beginning of main
09-22 08:25:05.400  1289  1289 W auditd  : type=2000 audit(0.0:1): initialized
09-22 08:25:05.830  1289  1289 I auditd  : type=1403 audit(0.0:2): policy loaded auid=4294967295 ses=4294967295
09-22 08:25:05.830  1289  1289 W auditd  : type=1404 audit(0.0:3): enforcing=1 old_enforcing=0 auid=4294967295 ses=4294967295
09-22 08:25:06.120     1     1 W init    : type=1400 audit(0.0:4): avc: denied { write } for name="tracing_on" dev="debugfs" ino=26 scontext=u:r:init:s0 tcontext=u:object_r:debugfs:s0 tclass=file permissive=0
09-22 08:25:06.187  1297  1297 I         : debuggerd: starting
--------- beginning of system
09-22 08:25:06.207  1298  1298 I vold    : Vold 3.0 (the awakening) firing up
09-22 08:25:06.207  1298  1298 V vold    : Detected support for: ext4 vfat
09-22 08:25:06.460  1298  1301 D vold    : Recognized experimental block major ID 253 as virtio-blk (emulator's virtual SD card device)
09-22 08:25:06.460  1298  1301 V vold    : /system/bin/sgdisk
09-22 08:25:06.460  1298  1301 V vold    :     --android-dump
09-22 08:25:06.460  1298  1301 V vold    :     /dev/block/vold/disk:253,64
09-22 08:25:06.466  1298  1301 V vold    : DISK mbr
09-22 08:25:06.466  1298  1301 V vold    : 
09-22 08:25:06.466  1298  1301 W vold    : disk:253,64 has unknown partition table; trying entire device
09-22 08:25:06.466  1298  1301 V vold    : /system/bin/blkid
09-22 08:25:06.466  1298  1301 V vold    :     -c
09-22 08:25:06.466  1298  1301 V vold    :     /dev/null
09-22 08:25:06.466  1298  1301 V vold    :     -s
09-22 08:25:06.466  1298  1301 V vold    :     TYPE
09-22 08:25:06.466  1298  1301 V vold    :     -s
09-22 08:25:06.466  1298  1301 V vold    :     UUID
09-22 08:25:06.466  1298  1301 V vold    :     -s
09-22 08:25:06.466  1298  1301 V vold    :     LABEL
09-22 08:25:06.466  1298  1301 V vold    :     /dev/block/vold/disk:253,64
09-22 08:25:06.468  1298  1333 D vold    : e4crypt_init_user0
09-22 08:25:06.468  1298  1333 D vold    : e4crypt_prepare_user_storage for volume null, user 0, serial 0, flags 1
09-22 08:25:06.468  1298  1333 D vold    : Preparing: /data/system/users/0
09-22 08:25:06.468  1298  1333 D vold    : Preparing: /data/misc/profiles/cur/0
09-22 08:25:06.468  1298  1333 D vold    : Preparing: /data/misc/profiles/cur/0/foreign-dex
09-22 08:25:06.468  1298  1333 D vold    : Preparing: /data/system_de/0
09-22 08:25:06.468  1298  1333 D vold    : Preparing: /data/misc_de/0
09-22 08:25:06.468  1298  1333 D vold    : Preparing: /data/user_de/0
09-22 08:25:06.468  1298  1333 D vold    : e4crypt_unlock_user_key 0 serial=0 token_present=0
09-22 08:25:06.468  1298  1333 E vold    : Failed to chmod /data/system_ce/0: No such file or directory
09-22 08:25:06.468  1298  1333 E vold    : Failed to chmod /data/misc_ce/0: No such file or directory
09-22 08:25:06.468  1298  1333 E vold    : Failed to chmod /data/media/0: No such file or directory
09-22 08:25:06.468     1     1 I vdc     : 200 1299 Command succeeded
09-22 08:25:06.470  1298  1301 V vold    : /dev/block/vold/disk:253,64: LABEL="SDCARD" UUID="1307-3D0D" TYPE="vfat" 
09-22 08:25:06.470  1298  1301 V vold    : 
09-22 08:25:06.472  1335  1335 I /system/bin/tzdatacheck: tzdata file /data/misc/zoneinfo/current/tzdata does not exist. No action required.
09-22 08:25:06.479  1298  1333 D VoldCryptCmdListener: cryptfs mountdefaultencrypted
09-22 08:25:06.479  1298  1345 I Cryptfs : cryptfs_check_passwd
09-22 08:25:06.479  1298  1345 D Cryptfs : crypt_ftr->fs_size = 4194304
09-22 08:25:06.479  1298  1345 I Cryptfs : Using scrypt for cryptfs KDF
09-22 08:25:06.480  1338  1338 W init.ranchu-cor: type=1400 audit(0.0:5): avc: denied { dac_override } for capability=1 scontext=u:r:goldfish_setup:s0 tcontext=u:r:goldfish_setup:s0 tclass=capability permissive=0
09-22 08:25:06.481  1340  1340 I lowmemorykiller: Using in-kernel low memory killer interface
09-22 08:25:06.492  1339  1339 I qemu-props: connected to 'boot-properties' qemud service.
09-22 08:25:06.492  1339  1339 I qemu-props: receiving..
09-22 08:25:06.492  1339  1339 I qemu-props: received: ro.opengles.version=196608
09-22 08:25:06.492  1339  1339 I qemu-props: receiving..
09-22 08:25:06.492  1339  1339 I qemu-props: received: qemu.sf.fake_camera=both
09-22 08:25:06.492  1339  1339 I qemu-props: receiving..
09-22 08:25:06.492  1339  1339 I qemu-props: received: qemu.adb.secure=1
09-22 08:25:06.492  1339  1339 I qemu-props: receiving..
09-22 08:25:06.492  1339  1339 I qemu-props: received: dalvik.vm.heapsize=384m
09-22 08:25:06.493  1339  1339 I qemu-props: receiving..
09-22 08:25:06.493  1339  1339 I qemu-props: received: qemu.hw.mainkeys=0
09-22 08:25:06.493  1339  1339 I qemu-props: receiving..
09-22 08:25:06.493  1339  1339 I qemu-props: received: qemu.sf.lcd_density=420
09-22 08:25:06.493  1339  1339 I qemu-props: receiving..
09-22 08:25:06.493  1339  1339 I qemu-props: exiting (6 properties set).
09-22 08:25:06.506  1342  1342 I SurfaceFlinger: SurfaceFlinger is starting
09-22 08:25:06.506  1342  1342 I SurfaceFlinger: SurfaceFlinger's main thread ready to run. Initializing graphics H/W...
09-22 08:25:06.506  1342  1342 D libEGL  : Emulator has host GPU support, qemu.gles is set to 1.
09-22 08:25:06.506  1342  1342 E libEGL  : load_driver(/system/lib/egl/libGLES_emulation.so): dlopen failed: library "/system/lib/egl/libGLES_emulation.so" not found
09-22 08:25:06.508  1342  1342 D libEGL  : loaded /system/lib/egl/libEGL_emulation.so
09-22 08:25:06.509  1342  1342 D libEGL  : loaded /system/lib/egl/libGLESv1_CM_emulation.so
09-22 08:25:06.512  1342  1342 D libEGL  : loaded /system/lib/egl/libGLESv2_emulation.so
09-22 08:25:06.517  1342  1342 D         : HostConnection::get() New Host Connection established 0xb259b100, tid 1342
09-22 08:25:06.520  1342  1342 E SurfaceFlinger: hwcomposer module not found
09-22 08:25:06.520  1342  1342 W SurfaceFlinger: no suitable EGLConfig found, trying a simpler query
09-22 08:25:06.520  1342  1342 I SurfaceFlinger: EGL information:
09-22 08:25:06.520  1342  1342 I SurfaceFlinger: vendor    : Android
09-22 08:25:06.520  1342  1342 I SurfaceFlinger: version   : 1.4 Android META-EGL
09-22 08:25:06.520  1342  1342 I SurfaceFlinger: extensions: EGL_KHR_get_all_proc_addresses EGL_ANDROID_presentation_time EGL_KHR_swap_buffers_with_damage EGL_ANDROID_create_native_client_buffer EGL_ANDROID_front_buffer_auto_refresh EGL_KHR_image_base EGL_KHR_gl_texture_2D_image EGL_KHR_fence_sync EGL_KHR_create_context EGL_ANDROID_image_native_buffer EGL_ANDROID_recordable 
09-22 08:25:06.520  1342  1342 I SurfaceFlinger: Client API: OpenGL_ES
09-22 08:25:06.520  1342  1342 I SurfaceFlinger: EGLSurface: 8-8-8-8, config=0x3
09-22 08:25:06.521  1342  1342 D EGL_emulation: eglCreateContext: 0xb25a8480: maj 3 min 0 rcv 3
09-22 08:25:06.523  1342  1342 D EGL_emulation: eglMakeCurrent: 0xb25a8480: ver 3 0 (tinfo 0xb259c710)
09-22 08:25:06.524  1342  1342 E eglCodecCommon: glUtilsParamSize: unknow param 0x00008cdf
09-22 08:25:06.525  1342  1342 E eglCodecCommon: glUtilsParamSize: unknow param 0x00008824
09-22 08:25:06.525  1342  1342 I SurfaceFlinger: OpenGL ES informations:
09-22 08:25:06.525  1342  1342 I SurfaceFlinger: vendor    : Google (Intel Open Source Technology Center)
09-22 08:25:06.525  1342  1342 I SurfaceFlinger: renderer  : Android Emulator OpenGL ES Translator (Mesa DRI Intel(R) Skylake DT  GT2 )
09-22 08:25:06.525  1342  1342 I SurfaceFlinger: version   : OpenGL ES 3.0 (3.0 Mesa 11.0.2)
09-22 08:25:06.525  1342  1342 I SurfaceFlinger: extensions: GL_EXT_debug_marker GL_OES_EGL_image GL_OES_EGL_image_external GL_OES_depth24 GL_OES_depth32 GL_OES_element_index_uint GL_OES_texture_float GL_OES_texture_float_linear GL_OES_compressed_paletted_texture GL_OES_compressed_ETC1_RGB8_texture GL_OES_depth_texture GL_OES_texture_half_float GL_OES_texture_half_float_linear GL_OES_packed_depth_stencil GL_OES_vertex_half_float GL_OES_texture_npot GL_OES_rgb8_rgba8 GL_EXT_color_buffer_float ANDROID_EMU_CHECKSUM_HELPER_v1 ANDROID_EMU_native_sync_v2 ANDROID_EMU_dma_v1 ANDROID_EMU_gles_max_version_3_0 GL_OES_vertex_array_object 
09-22 08:25:06.525  1342  1342 I SurfaceFlinger: GL_MAX_TEXTURE_SIZE = 8192
09-22 08:25:06.525  1342  1342 I SurfaceFlinger: GL_MAX_VIEWPORT_DIMS = 16384
09-22 08:25:06.527  1342  1342 D gralloc_ranchu: gralloc_alloc: Creating ashmem region of size 4096
09-22 08:25:06.533  1342  1342 D EGL_emulation: eglMakeCurrent: 0xb25a8480: ver 3 0 (tinfo 0xb259c710)
09-22 08:25:06.610  1369  1369 W bootanimation: type=1400 audit(0.0:6): avc: denied { getattr } for path="/vendor" dev="rootfs" ino=4152 scontext=u:r:bootanim:s0 tcontext=u:object_r:rootfs:s0 tclass=lnk_file permissive=0
09-22 08:25:06.616  1298  1345 I Cryptfs : Enabling support for allow_discards in dmcrypt.
09-22 08:25:06.617  1298  1301 D vold    : Disk at 252:0 changed
09-22 08:25:06.618  1342  1342 D SurfaceFlinger: shader cache generated - 24 shaders in 84.045631 ms
09-22 08:25:06.619  1342  1342 D SurfaceFlinger: Set power mode=2, type=0 flinger=0xb25b0000
09-22 08:25:06.653  1342  1342 D gralloc_ranchu: gralloc_alloc: Creating ashmem region of size 4096
09-22 08:25:06.744  1298  1345 I Cryptfs : Password matches
09-22 08:25:06.744  1298  1345 D Cryptfs : test_mount_encrypted_fs(): Master key saved
09-22 08:25:06.750  1298  1345 I Cryptfs : keymaster module name is Keymaster OpenSSL HAL
09-22 08:25:06.750  1298  1345 I Cryptfs : keymaster version is 2
09-22 08:25:06.750  1298  1345 I Cryptfs : Found keymaster0 module, using keymaster0 API.
09-22 08:25:06.750  1298  1345 D Cryptfs : Password is default - restarting filesystem
09-22 08:25:06.750  1298  1345 D Cryptfs : unmounting /data succeeded
09-22 08:25:06.794  1342  1347 E SurfaceFlinger: ro.sf.lcd_density must be defined as a build property
09-22 08:25:06.794  1369  1379 D libEGL  : Emulator has host GPU support, qemu.gles is set to 1.
09-22 08:25:06.795  1369  1379 E libEGL  : load_driver(/system/lib/egl/libGLES_emulation.so): dlopen failed: library "/system/lib/egl/libGLES_emulation.so" not found
09-22 08:25:06.796  1369  1379 D libEGL  : loaded /system/lib/egl/libEGL_emulation.so
09-22 08:25:06.796  1369  1379 D libEGL  : loaded /system/lib/egl/libGLESv1_CM_emulation.so
09-22 08:25:06.799  1369  1379 D libEGL  : loaded /system/lib/egl/libGLESv2_emulation.so
09-22 08:25:06.804  1369  1379 D         : HostConnection::get() New Host Connection established 0xafd0c100, tid 1379
09-22 08:25:06.808  1342  1347 D         : HostConnection::get() New Host Connection established 0xb231c100, tid 1347
09-22 08:25:06.831  1369  1379 D EGL_emulation: eglCreateContext: 0xafd13060: maj 1 min 0 rcv 1
09-22 08:25:06.832  1369  1379 D EGL_emulation: eglMakeCurrent: 0xafd13060: ver 1 0 (tinfo 0xafd0b090)
09-22 08:25:06.870  1342  1349 D         : HostConnection::get() New Host Connection established 0xb259bac0, tid 1349
09-22 08:25:06.887  1298  1345 D Cryptfs : Just triggered post_fs_data
09-22 08:25:06.899  1298  1333 D vold    : e4crypt_init_user0
09-22 08:25:06.899  1298  1333 D vold    : e4crypt_prepare_user_storage for volume null, user 0, serial 0, flags 1
09-22 08:25:06.899  1298  1333 D vold    : Preparing: /data/system/users/0
09-22 08:25:06.900  1385  1385 W bootstat: type=1400 audit(0.0:7): avc: denied { getattr } for path="/vendor" dev="rootfs" ino=4152 scontext=u:r:bootstat:s0 tcontext=u:object_r:rootfs:s0 tclass=lnk_file permissive=0
09-22 08:25:06.900  1298  1333 D vold    : Preparing: /data/misc/profiles/cur/0
09-22 08:25:06.900  1298  1333 D vold    : Preparing: /data/misc/profiles/cur/0/foreign-dex
09-22 08:25:06.901  1298  1333 D vold    : Preparing: /data/system_de/0
09-22 08:25:06.901  1298  1333 D vold    : Preparing: /data/misc_de/0
09-22 08:25:06.901  1298  1333 D vold    : Preparing: /data/user_de/0
09-22 08:25:06.901  1298  1333 D vold    : e4crypt_unlock_user_key 0 serial=0 token_present=0
09-22 08:25:06.902     1     1 I vdc     : 200 1383 Command succeeded
09-22 08:25:06.905  1384  1384 I /system/bin/tzdatacheck: tzdata file /data/misc/zoneinfo/current/tzdata does not exist. No action required.
09-22 08:25:06.910  1385  1385 I bootstat: Service started: /system/bin/bootstat -r post_decrypt_time_elapsed 
09-22 08:25:06.937  1298  1345 D Cryptfs : post_fs_data done
09-22 08:25:06.937  1298  1345 D Cryptfs : Just triggered restart_framework
09-22 08:25:06.940  1387  1387 W audioserver: type=1400 audit(0.0:8): avc: denied { getattr } for path="/vendor" dev="rootfs" ino=4152 scontext=u:r:audioserver:s0 tcontext=u:object_r:rootfs:s0 tclass=lnk_file permissive=0
09-22 08:25:06.940  1392  1392 W mediacodec: type=1400 audit(0.0:9): avc: denied { getattr } for path="/vendor" dev="rootfs" ino=4152 scontext=u:r:mediacodec:s0 tcontext=u:object_r:rootfs:s0 tclass=lnk_file permissive=0
09-22 08:25:06.940  1393  1393 W mediadrmserver: type=1400 audit(0.0:10): avc: denied { getattr } for path="/vendor" dev="rootfs" ino=4152 scontext=u:r:mediadrmserver:s0 tcontext=u:object_r:rootfs:s0 tclass=lnk_file permissive=0
09-22 08:25:06.940  1388  1388 W cameraserver: type=1400 audit(0.0:11): avc: denied { getattr } for path="/vendor" dev="rootfs" ino=4152 scontext=u:r:cameraserver:s0 tcontext=u:object_r:rootfs:s0 tclass=lnk_file permissive=0
09-22 08:25:06.999  1392  1392 I mediacodec: @@@ mediacodecservice starting
09-22 08:25:06.999  1392  1392 W         : No seccomp filter defined for this architecture.
09-22 08:25:07.011  1393  1393 I mediaserver: ServiceManager: 0xa84bc0a0
09-22 08:25:07.015  1390  1390 I         : installd firing up
09-22 08:25:07.023  1388  1388 I cameraserver: ServiceManager: 0xb0bbc020
09-22 08:25:07.023  1394  1394 V MediaUtils: physMem: 1587773440
09-22 08:25:07.023  1394  1394 V MediaUtils: requested limit: 317554680
09-22 08:25:07.023  1394  1394 V MediaUtils: actual limit: 317554680
09-22 08:25:07.023  1394  1394 V MediaUtils: original limits: 4294967295/4294967295
09-22 08:25:07.023  1394  1394 V MediaUtils: new limits: 317554680/4294967295
09-22 08:25:07.023  1394  1394 W /system/bin/mediaextractor: libminijail: allowing syscall: socketcall
09-22 08:25:07.023  1394  1394 W /system/bin/mediaextractor: libminijail: allowing syscall: writev
09-22 08:25:07.023  1394  1394 W /system/bin/mediaextractor: libminijail: allowing syscall: fcntl64
09-22 08:25:07.023  1394  1394 W /system/bin/mediaextractor: libminijail: allowing syscall: clock_gettime
09-22 08:25:07.023  1394  1394 W /system/bin/mediaextractor: libminijail: logging seccomp filter failures
09-22 08:25:07.023  1388  1388 I CameraService: CameraService started (pid=1388)
09-22 08:25:07.023  1388  1388 I CameraService: CameraService process starting
09-22 08:25:07.023  1388  1388 W BatteryNotifier: batterystats service unavailable!
09-22 08:25:07.023  1388  1388 W BatteryNotifier: batterystats service unavailable!
09-22 08:25:07.025  1388  1388 D EmulatedCamera_QemuClient: Emulated camera list: 
09-22 08:25:07.025  1388  1388 D EmulatedCamera_FakeCamera: Initialize: Fake camera is facing back
09-22 08:25:07.025  1388  1388 V EmulatedCamera_Device: initializeWhiteBalanceModes with auto, 1.000000, 1.000000
09-22 08:25:07.025  1388  1388 V EmulatedCamera_Device: initializeWhiteBalanceModes with incandescent, 1.380000, 0.600000
09-22 08:25:07.025  1388  1388 V EmulatedCamera_Device: initializeWhiteBalanceModes with daylight, 1.090000, 0.920000
09-22 08:25:07.025  1388  1388 V EmulatedCamera_Device: initializeWhiteBalanceModes with twilight, 0.920000, 1.220000
09-22 08:25:07.025  1388  1388 V EmulatedCamera_Device: setWhiteBalanceMode with white balance auto
09-22 08:25:07.025  1388  1388 D EmulatedCamera_FakeCamera: Initialize: Fake camera is facing front
09-22 08:25:07.025  1388  1388 V EmulatedCamera_Device: initializeWhiteBalanceModes with auto, 1.000000, 1.000000
09-22 08:25:07.025  1388  1388 V EmulatedCamera_Device: initializeWhiteBalanceModes with incandescent, 1.380000, 0.600000
09-22 08:25:07.025  1388  1388 V EmulatedCamera_Device: initializeWhiteBalanceModes with daylight, 1.090000, 0.920000
09-22 08:25:07.025  1388  1388 V EmulatedCamera_Device: initializeWhiteBalanceModes with twilight, 0.920000, 1.220000
09-22 08:25:07.025  1388  1388 V EmulatedCamera_Device: setWhiteBalanceMode with white balance auto
09-22 08:25:07.025  1388  1388 E EmulatedCamera_Factory: 2 cameras are being emulated. 0 of them are fake cameras.
09-22 08:25:07.025  1388  1388 E EmulatedCamera_HotplugThread: createFileIfNotExists: Could not create file '/data/misc/media/emulator.camera.hotplug.0', error: 'Permission denied' (13)
09-22 08:25:07.025  1388  1388 E EmulatedCamera_HotplugThread: createFileIfNotExists: Could not create file '/data/misc/media/emulator.camera.hotplug.1', error: 'Permission denied' (13)
09-22 08:25:07.026  1388  1388 I CameraService: Loaded "Emulated Camera Module" camera module
09-22 08:25:07.026  1388  1388 E CameraService: setUpVendorTags: Vendor tag operations not fully defined. Ignoring definitions.
09-22 08:25:07.026  1388  1388 V EmulatedCamera_Camera: getCameraInfo
09-22 08:25:07.026  1388  1388 V EmulatedCamera_BaseCamera: getCameraInfo
09-22 08:25:07.026  1388  1388 I CameraFlashlight: Opening camera 0
09-22 08:25:07.026  1388  1388 V EmulatedCamera_Camera: getCameraInfo
09-22 08:25:07.026  1388  1388 V EmulatedCamera_BaseCamera: getCameraInfo
09-22 08:25:07.026  1388  1388 V EmulatedCamera_Camera: connectCamera
09-22 08:25:07.026  1388  1388 V EmulatedCamera_FakeDevice: connectDevice
09-22 08:25:07.026  1388  1388 V EmulatedCamera_CallbackNotifier: setCallbacks: 0xb0e50000, 0xb0e50050, 0xb0e50170, 0xb0e50290 (0xb0bc3140)
09-22 08:25:07.026  1388  1388 V EmulatedCamera_Preview: setPreviewWindow: current: 0x0 -> new: 0xb0bc3150
09-22 08:25:07.026  1388  1388 V EmulatedCamera_Preview: setPreviewWindow: current: 0xb0bc3150 -> new: 0x0
09-22 08:25:07.026  1388  1388 V EmulatedCamera_Camera: doStopPreview
09-22 08:25:07.026  1388  1388 V EmulatedCamera_Preview: setPreviewWindow: current: 0x0 -> new: 0x0
09-22 08:25:07.026  1388  1388 V EmulatedCamera_Camera: releaseCamera
09-22 08:25:07.026  1388  1388 V EmulatedCamera_Camera: doStopPreview
09-22 08:25:07.026  1388  1388 V EmulatedCamera_FakeDevice: disconnectDevice
09-22 08:25:07.026  1388  1388 W EmulatedCamera_Device: Initialize: Emulated camera device is already initialized: mState = 1
09-22 08:25:07.026  1388  1388 D EmulatedCamera_FakeCamera: Initialize: Fake camera is facing back
09-22 08:25:07.026  1388  1388 V EmulatedCamera_Device: initializeWhiteBalanceModes with auto, 1.000000, 1.000000
09-22 08:25:07.026  1388  1388 V EmulatedCamera_Device: initializeWhiteBalanceModes with incandescent, 1.380000, 0.600000
09-22 08:25:07.026  1388  1388 V EmulatedCamera_Device: initializeWhiteBalanceModes with daylight, 1.090000, 0.920000
09-22 08:25:07.026  1388  1388 V EmulatedCamera_Device: initializeWhiteBalanceModes with twilight, 0.920000, 1.220000
09-22 08:25:07.026  1388  1388 V EmulatedCamera_Device: setWhiteBalanceMode with white balance auto
09-22 08:25:07.026  1388  1388 I CameraFlashlight: Destroying camera 0
09-22 08:25:07.026  1388  1388 V EmulatedCamera_Camera: closeCamera
09-22 08:25:07.026  1388  1388 V EmulatedCamera_Camera: doStopPreview
09-22 08:25:07.026  1388  1388 W EmulatedCamera_Device: Initialize: Emulated camera device is already initialized: mState = 1
09-22 08:25:07.026  1388  1388 D EmulatedCamera_FakeCamera: Initialize: Fake camera is facing back
09-22 08:25:07.026  1388  1388 V EmulatedCamera_Device: initializeWhiteBalanceModes with auto, 1.000000, 1.000000
09-22 08:25:07.026  1388  1388 V EmulatedCamera_Device: initializeWhiteBalanceModes with incandescent, 1.380000, 0.600000
09-22 08:25:07.026  1388  1388 V EmulatedCamera_Device: initializeWhiteBalanceModes with daylight, 1.090000, 0.920000
09-22 08:25:07.026  1388  1388 V EmulatedCamera_Device: initializeWhiteBalanceModes with twilight, 0.920000, 1.220000
09-22 08:25:07.026  1388  1388 V EmulatedCamera_Device: setWhiteBalanceMode with white balance auto
09-22 08:25:07.026  1388  1388 V EmulatedCamera_Camera: getCameraInfo
09-22 08:25:07.026  1388  1388 V EmulatedCamera_BaseCamera: getCameraInfo
09-22 08:25:07.026  1388  1388 I CameraFlashlight: Opening camera 1
09-22 08:25:07.026  1388  1388 V EmulatedCamera_Camera: getCameraInfo
09-22 08:25:07.026  1388  1388 V EmulatedCamera_BaseCamera: getCameraInfo
09-22 08:25:07.026  1388  1388 V EmulatedCamera_Camera: connectCamera
09-22 08:25:07.026  1388  1388 V EmulatedCamera_FakeDevice: connectDevice
09-22 08:25:07.026  1388  1388 V EmulatedCamera_CallbackNotifier: setCallbacks: 0xb0e50000, 0xb0e50050, 0xb0e50170, 0xb0e50290 (0xb0bc3140)
09-22 08:25:07.026  1388  1388 V EmulatedCamera_Preview: setPreviewWindow: current: 0x0 -> new: 0xb0bc3150
09-22 08:25:07.026  1388  1388 V EmulatedCamera_Preview: setPreviewWindow: current: 0xb0bc3150 -> new: 0x0
09-22 08:25:07.026  1388  1388 V EmulatedCamera_Camera: doStopPreview
09-22 08:25:07.026  1388  1388 V EmulatedCamera_Preview: setPreviewWindow: current: 0x0 -> new: 0x0
09-22 08:25:07.026  1388  1388 V EmulatedCamera_Camera: releaseCamera
09-22 08:25:07.026  1388  1388 V EmulatedCamera_Camera: doStopPreview
09-22 08:25:07.026  1388  1388 V EmulatedCamera_FakeDevice: disconnectDevice
09-22 08:25:07.026  1388  1388 W EmulatedCamera_Device: Initialize: Emulated camera device is already initialized: mState = 1
09-22 08:25:07.026  1388  1388 D EmulatedCamera_FakeCamera: Initialize: Fake camera is facing front
09-22 08:25:07.026  1388  1388 V EmulatedCamera_Device: initializeWhiteBalanceModes with auto, 1.000000, 1.000000
09-22 08:25:07.026  1388  1388 V EmulatedCamera_Device: initializeWhiteBalanceModes with incandescent, 1.380000, 0.600000
09-22 08:25:07.026  1388  1388 V EmulatedCamera_Device: initializeWhiteBalanceModes with daylight, 1.090000, 0.920000
09-22 08:25:07.026  1388  1388 V EmulatedCamera_Device: initializeWhiteBalanceModes with twilight, 0.920000, 1.220000
09-22 08:25:07.026  1388  1388 V EmulatedCamera_Device: setWhiteBalanceMode with white balance auto
09-22 08:25:07.026  1388  1388 I CameraFlashlight: Destroying camera 1
09-22 08:25:07.026  1388  1388 V EmulatedCamera_Camera: closeCamera
09-22 08:25:07.026  1388  1388 V EmulatedCamera_Camera: doStopPreview
09-22 08:25:07.026  1388  1388 W EmulatedCamera_Device: Initialize: Emulated camera device is already initialized: mState = 1
09-22 08:25:07.026  1388  1388 D EmulatedCamera_FakeCamera: Initialize: Fake camera is facing front
09-22 08:25:07.026  1388  1388 V EmulatedCamera_Device: initializeWhiteBalanceModes with auto, 1.000000, 1.000000
09-22 08:25:07.026  1388  1388 V EmulatedCamera_Device: initializeWhiteBalanceModes with incandescent, 1.380000, 0.600000
09-22 08:25:07.026  1388  1388 V EmulatedCamera_Device: initializeWhiteBalanceModes with daylight, 1.090000, 0.920000
09-22 08:25:07.026  1388  1388 V EmulatedCamera_Device: initializeWhiteBalanceModes with twilight, 0.920000, 1.220000
09-22 08:25:07.026  1388  1388 V EmulatedCamera_Device: setWhiteBalanceMode with white balance auto
09-22 08:25:07.026  1388  1388 V EmulatedCamera_Camera: getCameraInfo
09-22 08:25:07.026  1388  1388 V EmulatedCamera_BaseCamera: getCameraInfo
09-22 08:25:07.026  1388  1388 V EmulatedCamera_Camera: getCameraInfo
09-22 08:25:07.026  1388  1388 V EmulatedCamera_BaseCamera: getCameraInfo
09-22 08:25:07.027  1388  1388 I ServiceManager: Waiting for service media.camera.proxy...
09-22 08:25:07.028  1400  1400 I gatekeeperd: Starting gatekeeperd...
09-22 08:25:07.028  1400  1400 W gatekeeperd: falling back to software GateKeeper
09-22 08:25:07.029  1399  1399 I fingerprintd: Starting fingerprintd
09-22 08:25:07.032  1391  1391 I keystore: Found keymaster0 module Keymaster OpenSSL HAL, version 2
09-22 08:25:07.032  1391  1391 I SoftKeymaster: system/keymaster/soft_keymaster_device.cpp, Line 131: Creating device
09-22 08:25:07.032  1391  1391 D SoftKeymaster: system/keymaster/soft_keymaster_device.cpp, Line 132: Device address: 0xa8ab0000
09-22 08:25:07.032  1391  1391 I keystore: Keymaster0 module is software-only.  Using SoftKeymasterDevice instead.
09-22 08:25:07.032  1391  1391 I SoftKeymaster: system/keymaster/soft_keymaster_device.cpp, Line 131: Creating device
09-22 08:25:07.032  1391  1391 D SoftKeymaster: system/keymaster/soft_keymaster_device.cpp, Line 132: Device address: 0xa8ab0200
09-22 08:25:07.036  1395  1395 I mediaserver: ServiceManager: 0xad33c0a0
09-22 08:25:07.036  1395  1395 W BatteryNotifier: batterystats service unavailable!
09-22 08:25:07.037  1387  1387 I         : sMaxFastTracks = 8
09-22 08:25:07.037  1387  1387 I audioserver: ServiceManager: 0xafbbc020
09-22 08:25:07.038  1387  1387 W BatteryNotifier: batterystats service unavailable!
09-22 08:25:07.038  1387  1387 I AudioFlinger: Using default 3000 mSec as standby time.
09-22 08:25:07.038  1387  1387 I AudioPolicyService: AudioPolicyService CSTOR in new mode
09-22 08:25:07.038  1387  1387 I APM::ConfigParsingUtils: loadAudioPolicyConfig() loaded /system/etc/audio_policy.conf
09-22 08:25:07.039  1387  1387 D audio_hw_generic: Emulator host-side ALSA audio emulation detected.
09-22 08:25:07.039  1387  1387 D audio_hw_generic: mixer 0 name Master Playback Volume
09-22 08:25:07.039  1387  1387 D audio_hw_generic: set ctl 0 to 100
09-22 08:25:07.039  1387  1387 D audio_hw_generic: set ctl 1 to 100
09-22 08:25:07.039  1387  1387 D audio_hw_generic: mixer 1 name Master Playback Switch
09-22 08:25:07.039  1387  1387 D audio_hw_generic: set ctl 0 to 1
09-22 08:25:07.039  1387  1387 D audio_hw_generic: set ctl 1 to 1
09-22 08:25:07.039  1387  1387 D audio_hw_generic: mixer 2 name Capture Volume
09-22 08:25:07.039  1387  1387 D audio_hw_generic: set ctl 0 to 100
09-22 08:25:07.039  1387  1387 D audio_hw_generic: set ctl 1 to 100
09-22 08:25:07.039  1387  1387 D audio_hw_generic: mixer 3 name Capture Switch
09-22 08:25:07.039  1387  1387 D audio_hw_generic: set ctl 0 to 1
09-22 08:25:07.039  1387  1387 D audio_hw_generic: set ctl 1 to 1
09-22 08:25:07.039  1387  1387 D audio_hw_generic: mixer 4 name Line Phantom Jack
09-22 08:25:07.039  1387  1387 D audio_hw_generic: mixer 5 name Line Out Phantom Jack
09-22 08:25:07.039  1387  1387 D audio_hw_generic: mixer 6 name Playback Channel Map
09-22 08:25:07.039  1387  1387 D audio_hw_generic: mixer 7 name Capture Channel Map
09-22 08:25:07.039  1387  1387 I AudioFlinger: loadHwModule() Loaded primary audio interface from Generic audio HW HAL (audio) handle 10
09-22 08:25:07.039  1387  1387 I AudioFlinger: openOutput(), module 10 Device 2, SamplingRate 48000, Format 0x000001, Channels 3, flags 2
09-22 08:25:07.040  1387  1387 I AudioFlinger: HAL output buffer size 720 frames, normal sink buffer size 1152 frames
09-22 08:25:07.041  1387  1387 I BufferProvider: found effect "Multichannel Downmix To Stereo" from The Android Open Source Project
09-22 08:25:07.041  1387  1416 I AudioFlinger: AudioFlinger's thread 0xaf603040 ready to run
09-22 08:25:07.041  1387  1387 I AudioFlinger: Using module 10 has the primary audio interface
09-22 08:25:07.042  1387  1416 W BatteryNotifier: batterystats service unavailable!
09-22 08:25:07.042  1387  1416 W BatteryNotifier: batterystats service unavailable!
09-22 08:25:07.042  1387  1416 W BatteryNotifier: batterystats service unavailable!
09-22 08:25:07.042  1387  1416 W AudioFlinger: no wake lock to update, system not ready yet
09-22 08:25:07.043  1387  1418 I AudioFlinger: AudioFlinger's thread 0xaf1031c0 ready to run
09-22 08:25:07.043  1387  1387 I r_submix: adev_open(name=audio_hw_if)
09-22 08:25:07.043  1387  1387 I r_submix: adev_init_check()
09-22 08:25:07.043  1387  1387 I AudioFlinger: loadHwModule() Loaded r_submix audio interface from Wifi Display audio HAL (audio) handle 18
09-22 08:25:07.043  1387  1387 D r_submix: adev_open_input_stream(addr=0)
09-22 08:25:07.043  1387  1387 D r_submix: submix_audio_device_create_pipe_l(addr=0, idx=9)
09-22 08:25:07.043  1387  1387 D r_submix:   now using address 0 for route 9
09-22 08:25:07.043  1387  1419 I AudioFlinger: AudioFlinger's thread 0xaf203840 ready to run
09-22 08:25:07.043  1387  1387 D r_submix: adev_close_input_stream()
09-22 08:25:07.043  1387  1387 D r_submix: submix_audio_device_release_pipe_l(idx=9) addr=0
09-22 08:25:07.043  1387  1387 D r_submix: submix_audio_device_destroy_pipe_l(): pipe destroyed
09-22 08:25:07.044  1387  1387 I RadioService: RadioService
09-22 08:25:07.044  1387  1387 I RadioService: onFirstRef
09-22 08:25:07.044  1387  1387 E RadioService: couldn't load radio module radio.primary (No such file or directory)
09-22 08:25:07.044  1387  1387 E SoundTriggerHwService: couldn't load sound trigger module sound_trigger.primary (No such file or directory)
09-22 08:25:07.079  1396  1396 I Netd    : Netd 1.0 starting
09-22 08:25:07.081  1396  1396 D TetherController: Setting IP forward enable = 0
09-22 08:25:07.114  1386  1386 D AndroidRuntime: >>>>>> START com.android.internal.os.ZygoteInit uid 0 <<<<<<
09-22 08:25:07.118  1386  1386 D AndroidRuntime: CheckJNI is ON
09-22 08:25:07.119  1386  1386 I art     : option[0]=-Xzygote
09-22 08:25:07.119  1386  1386 I art     : option[1]=-Xcheck:jni
09-22 08:25:07.119  1386  1386 I art     : option[2]=-Xstacktracefile:/data/anr/traces.txt
09-22 08:25:07.119  1386  1386 I art     : option[3]=exit
09-22 08:25:07.119  1386  1386 I art     : option[4]=vfprintf
09-22 08:25:07.119  1386  1386 I art     : option[5]=sensitiveThread
09-22 08:25:07.119  1386  1386 I art     : option[6]=-verbose:gc
09-22 08:25:07.119  1386  1386 I art     : option[7]=-Xms4m
09-22 08:25:07.119  1386  1386 I art     : option[8]=-Xmx384m
09-22 08:25:07.119  1386  1386 I art     : option[9]=-Xusejit:true
09-22 08:25:07.119  1386  1386 I art     : option[10]=-Xjitsaveprofilinginfo
09-22 08:25:07.119  1386  1386 I art     : option[11]=-agentlib:jdwp=transport=dt_android_adb,suspend=n,server=y
09-22 08:25:07.119  1386  1386 I art     : option[12]=-Ximage-compiler-option
09-22 08:25:07.119  1386  1386 I art     : option[13]=--runtime-arg
09-22 08:25:07.119  1386  1386 I art     : option[14]=-Ximage-compiler-option
09-22 08:25:07.119  1386  1386 I art     : option[15]=-Xms64m
09-22 08:25:07.119  1386  1386 I art     : option[16]=-Ximage-compiler-option
09-22 08:25:07.119  1386  1386 I art     : option[17]=--runtime-arg
09-22 08:25:07.119  1386  1386 I art     : option[18]=-Ximage-compiler-option
09-22 08:25:07.119  1386  1386 I art     : option[19]=-Xmx64m
09-22 08:25:07.119  1386  1386 I art     : option[20]=-Ximage-compiler-option
09-22 08:25:07.119  1386  1386 I art     : option[21]=--image-classes=/system/etc/preloaded-classes
09-22 08:25:07.119  1386  1386 I art     : option[22]=-Ximage-compiler-option
09-22 08:25:07.119  1386  1386 I art     : option[23]=--compiled-classes=/system/etc/compiled-classes
09-22 08:25:07.119  1386  1386 I art     : option[24]=-Xcompiler-option
09-22 08:25:07.119  1386  1386 I art     : option[25]=--runtime-arg
09-22 08:25:07.119  1386  1386 I art     : option[26]=-Xcompiler-option
09-22 08:25:07.119  1386  1386 I art     : option[27]=-Xms64m
09-22 08:25:07.119  1386  1386 I art     : option[28]=-Xcompiler-option
09-22 08:25:07.119  1386  1386 I art     : option[29]=--runtime-arg
09-22 08:25:07.119  1386  1386 I art     : option[30]=-Xcompiler-option
09-22 08:25:07.119  1386  1386 I art     : option[31]=-Xmx512m
09-22 08:25:07.119  1386  1386 I art     : option[32]=-Ximage-compiler-option
09-22 08:25:07.119  1386  1386 I art     : option[33]=--instruction-set-variant=x86
09-22 08:25:07.119  1386  1386 I art     : option[34]=-Xcompiler-option
09-22 08:25:07.119  1386  1386 I art     : option[35]=--instruction-set-variant=x86
09-22 08:25:07.119  1386  1386 I art     : option[36]=-Ximage-compiler-option
09-22 08:25:07.119  1386  1386 I art     : option[37]=--instruction-set-features=default
09-22 08:25:07.119  1386  1386 I art     : option[38]=-Xcompiler-option
09-22 08:25:07.119  1386  1386 I art     : option[39]=--instruction-set-features=default
09-22 08:25:07.119  1386  1386 I art     : option[40]=-Duser.locale=en-US
09-22 08:25:07.119  1386  1386 I art     : option[41]=--cpu-abilist=x86
09-22 08:25:07.119  1386  1386 I art     : option[42]=-Xfingerprint:google/sdk_google_phone_x86/generic_x86:7.1.1/NYC/4316688:user/release-keys
09-22 08:25:07.239  1386  1386 D ICU     : No timezone override file found: /data/misc/zoneinfo/current/icu/icu_tzdata.dat
09-22 08:25:07.327  1386  1386 E memtrack: Couldn't load memtrack module (No such file or directory)
09-22 08:25:07.327  1386  1386 E android.os.Debug: failed to load memtrack module: -2
09-22 08:25:07.330  1386  1386 I Radio-JNI: register_android_hardware_Radio DONE
09-22 08:25:07.337  1386  1386 I SamplingProfilerIntegration: Profiling disabled.
09-22 08:25:07.338  1386  1386 D Zygote  : begin preload
09-22 08:25:07.338  1386  1386 I Zygote  : Installing ICU cache reference pinning...
09-22 08:25:07.338  1386  1386 I Zygote  : Preloading ICU data...
09-22 08:25:07.351  1386  1386 I Zygote  : Preloading classes...
09-22 08:25:07.353  1386  1386 W Zygote  : Class not found for preloading: [Landroid.view.Display$ColorTransform;
09-22 08:25:07.408  1386  1386 E Typeface: Error mapping font file /system/fonts/DroidSansFallback.ttf
09-22 08:25:07.468  1386  1386 I art     : Thread[1,tid=1386,Native,Thread*=0xad58b400,peer=0x12c060d0,"main"] recursive attempt to load library "/system/lib/libmedia_jni.so"
09-22 08:25:07.468  1386  1386 D MtpDeviceJNI: register_android_mtp_MtpDevice
09-22 08:25:07.468  1386  1386 I art     : Thread[1,tid=1386,Native,Thread*=0xad58b400,peer=0x12c060d0,"main"] recursive attempt to load library "/system/lib/libmedia_jni.so"
09-22 08:25:07.468  1386  1386 I art     : Thread[1,tid=1386,Native,Thread*=0xad58b400,peer=0x12c060d0,"main"] recursive attempt to load library "/system/lib/libmedia_jni.so"
09-22 08:25:07.509  1386  1386 W Zygote  : Class not found for preloading: android.view.Display$ColorTransform
09-22 08:25:07.509  1386  1386 W Zygote  : Class not found for preloading: android.view.Display$ColorTransform$1
09-22 08:25:07.546  1386  1386 I System  : Loaded time zone names for "" in 13ms (13ms in ICU)
09-22 08:25:07.552  1386  1386 I System  : Loaded time zone names for "en_US" in 6ms (5ms in ICU)
09-22 08:25:07.554  1396  1396 V NatController: runCmd(/system/bin/iptables -w -F natctrl_FORWARD) res=0
09-22 08:25:07.556  1396  1396 V NatController: runCmd(/system/bin/ip6tables -w -F natctrl_FORWARD) res=0
09-22 08:25:07.558  1396  1396 V NatController: runCmd(/system/bin/iptables -w -A natctrl_FORWARD -j DROP) res=0
09-22 08:25:07.560  1396  1396 V NatController: runCmd(/system/bin/iptables -w -t nat -F natctrl_nat_POSTROUTING) res=0
09-22 08:25:07.564  1396  1396 V NatController: runCmd(/system/bin/ip6tables -w -t raw -F natctrl_raw_PREROUTING) res=0
09-22 08:25:07.566  1396  1396 V NatController: runCmd(/system/bin/iptables -w -F natctrl_tether_counters) res=1
09-22 08:25:07.570  1386  1386 I Zygote  : ...preloaded 4158 classes in 219ms.
09-22 08:25:07.570  1386  1386 I art     : VMRuntime.preloadDexCaches starting
09-22 08:25:07.572  1396  1396 V NatController: runCmd(/system/bin/ip6tables -w -F natctrl_tether_counters) res=1
09-22 08:25:07.574  1396  1396 V NatController: runCmd(/system/bin/iptables -w -X natctrl_tether_counters) res=1
09-22 08:25:07.576  1396  1396 V NatController: runCmd(/system/bin/ip6tables -w -X natctrl_tether_counters) res=1
09-22 08:25:07.579  1396  1396 V NatController: runCmd(/system/bin/iptables -w -N natctrl_tether_counters) res=0
09-22 08:25:07.581  1396  1396 V NatController: runCmd(/system/bin/ip6tables -w -N natctrl_tether_counters) res=0
09-22 08:25:07.584  1396  1396 V NatController: runCmd(/system/bin/iptables -w -t mangle -A natctrl_mangle_FORWARD -p tcp --tcp-flags SYN SYN -j TCPMSS --clamp-mss-to-pmtu) res=0
09-22 08:25:07.598  1386  1386 I art     : VMRuntime.preloadDexCaches strings total=283708 before=39625 after=39625
09-22 08:25:07.598  1386  1386 I art     : VMRuntime.preloadDexCaches types total=23581 before=7877 after=7904
09-22 08:25:07.598  1386  1386 I art     : VMRuntime.preloadDexCaches fields total=112005 before=40902 after=41116
09-22 08:25:07.598  1386  1386 I art     : VMRuntime.preloadDexCaches methods total=197532 before=82455 after=83015
09-22 08:25:07.598  1386  1386 I art     : VMRuntime.preloadDexCaches finished
09-22 08:25:07.598  1386  1386 I Zygote  : Preloading resources...
09-22 08:25:07.610  1386  1386 W Resources: Preloaded drawable resource #0x108025c (android:drawable/dialog_background_material) that varies with configuration!!
09-22 08:25:07.611  1386  1386 W Resources: Preloaded drawable resource #0x1080298 (android:drawable/editbox_dropdown_background_dark) that varies with configuration!!
09-22 08:25:07.613  1386  1386 W Resources: Preloaded color resource #0x10600e2 (android:color/material_grey_800) that varies with configuration!!
09-22 08:25:07.613  1386  1386 W Resources: Preloaded drawable resource #0x10802c9 (android:drawable/floating_popup_background_dark) that varies with configuration!!
09-22 08:25:07.619  1386  1386 W Resources: Preloaded drawable resource #0x108030b (android:drawable/ic_clear_disabled) that varies with configuration!!
09-22 08:25:07.619  1386  1386 W Resources: Preloaded drawable resource #0x1080310 (android:drawable/ic_clear_normal) that varies with configuration!!
09-22 08:25:07.620  1386  1386 W Resources: Preloaded drawable resource #0x1080359 (android:drawable/ic_go) that varies with configuration!!
09-22 08:25:07.641  1386  1386 W Resources: Preloaded drawable resource #0x1080038 (android:drawable/ic_menu_close_clear_cancel) that varies with configuration!!
09-22 08:25:07.644  1386  1386 W Resources: Preloaded drawable resource #0x1080045 (android:drawable/ic_menu_more) that varies with configuration!!
09-22 08:25:07.648  1386  1386 W Resources: Preloaded drawable resource #0x10804e8 (android:drawable/menu_background_fill_parent_width) that varies with configuration!!
09-22 08:25:07.667  1386  1386 W Resources: Preloaded drawable resource #0x108077e (android:drawable/text_edit_paste_window) that varies with configuration!!
09-22 08:25:07.668  1386  1386 W Resources: Preloaded drawable resource #0x1080096 (android:drawable/toast_frame) that varies with configuration!!
09-22 08:25:07.668  1386  1386 I Zygote  : ...preloaded 114 resources in 70ms.
09-22 08:25:07.670  1386  1386 W Resources: Preloaded color resource #0x106010b (android:color/background_cache_hint_selector_material_dark) that varies with configuration!!
09-22 08:25:07.670  1386  1386 W Resources: Preloaded color resource #0x1060110 (android:color/btn_default_material_dark) that varies with configuration!!
09-22 08:25:07.670  1386  1386 I Zygote  : ...preloaded 41 resources in 2ms.
09-22 08:25:07.670  1386  1386 D libEGL  : Emulator has host GPU support, qemu.gles is set to 1.
09-22 08:25:07.671  1386  1386 E libEGL  : load_driver(/system/lib/egl/libGLES_emulation.so): dlopen failed: library "/system/lib/egl/libGLES_emulation.so" not found
09-22 08:25:07.671  1386  1386 D libEGL  : loaded /system/lib/egl/libEGL_emulation.so
09-22 08:25:07.672  1386  1386 D libEGL  : loaded /system/lib/egl/libGLESv1_CM_emulation.so
09-22 08:25:07.674  1386  1386 D libEGL  : loaded /system/lib/egl/libGLESv2_emulation.so
09-22 08:25:07.677  1386  1386 I Zygote  : Preloading shared libraries...
09-22 08:25:07.679  1386  1386 E Hyphenator: error loading hyphenation /system/usr/hyphen-data/hyph-as.hyb
09-22 08:25:07.679  1386  1386 E Hyphenator: java.io.FileNotFoundException: /system/usr/hyphen-data/hyph-as.hyb: open failed: ENOENT (No such file or directory)
09-22 08:25:07.679  1386  1386 E Hyphenator: 	at libcore.io.IoBridge.open(IoBridge.java:455)
09-22 08:25:07.679  1386  1386 E Hyphenator: 	at java.io.RandomAccessFile.<init>(RandomAccessFile.java:247)
09-22 08:25:07.679  1386  1386 E Hyphenator: 	at android.text.Hyphenator.loadHyphenator(Hyphenator.java:118)
09-22 08:25:07.679  1386  1386 E Hyphenator: 	at android.text.Hyphenator.init(Hyphenator.java:224)
09-22 08:25:07.679  1386  1386 E Hyphenator: 	at com.android.internal.os.ZygoteInit.preloadTextResources(ZygoteInit.java:252)
09-22 08:25:07.679  1386  1386 E Hyphenator: 	at com.android.internal.os.ZygoteInit.preload(ZygoteInit.java:206)
09-22 08:25:07.679  1386  1386 E Hyphenator: 	at com.android.internal.os.ZygoteInit.main(ZygoteInit.java:743)
09-22 08:25:07.679  1386  1386 E Hyphenator: Caused by: android.system.ErrnoException: open failed: ENOENT (No such file or directory)
09-22 08:25:07.679  1386  1386 E Hyphenator: 	at libcore.io.Posix.open(Native Method)
09-22 08:25:07.679  1386  1386 E Hyphenator: 	at libcore.io.BlockGuardOs.open(BlockGuardOs.java:187)
09-22 08:25:07.679  1386  1386 E Hyphenator: 	at libcore.io.IoBridge.open(IoBridge.java:441)
09-22 08:25:07.679  1386  1386 E Hyphenator: 	... 6 more
09-22 08:25:07.679  1386  1386 E Hyphenator: error loading hyphenation /system/usr/hyphen-data/hyph-bn.hyb
09-22 08:25:07.679  1386  1386 E Hyphenator: java.io.FileNotFoundException: /system/usr/hyphen-data/hyph-bn.hyb: open failed: ENOENT (No such file or directory)
09-22 08:25:07.679  1386  1386 E Hyphenator: 	at libcore.io.IoBridge.open(IoBridge.java:455)
09-22 08:25:07.679  1386  1386 E Hyphenator: 	at java.io.RandomAccessFile.<init>(RandomAccessFile.java:247)
09-22 08:25:07.679  1386  1386 E Hyphenator: 	at android.text.Hyphenator.loadHyphenator(Hyphenator.java:118)
09-22 08:25:07.679  1386  1386 E Hyphenator: 	at android.text.Hyphenator.init(Hyphenator.java:224)
09-22 08:25:07.679  1386  1386 E Hyphenator: 	at com.android.internal.os.ZygoteInit.preloadTextResources(ZygoteInit.java:252)
09-22 08:25:07.679  1386  1386 E Hyphenator: 	at com.android.internal.os.ZygoteInit.preload(ZygoteInit.java:206)
09-22 08:25:07.679  1386  1386 E Hyphenator: 	at com.android.internal.os.ZygoteInit.main(ZygoteInit.java:743)
09-22 08:25:07.679  1386  1386 E Hyphenator: Caused by: android.system.ErrnoException: open failed: ENOENT (No such file or directory)
09-22 08:25:07.679  1386  1386 E Hyphenator: 	at libcore.io.Posix.open(Native Method)
09-22 08:25:07.679  1386  1386 E Hyphenator: 	at libcore.io.BlockGuardOs.open(BlockGuardOs.java:187)
09-22 08:25:07.679  1386  1386 E Hyphenator: 	at libcore.io.IoBridge.open(IoBridge.java:441)
09-22 08:25:07.679  1386  1386 E Hyphenator: 	... 6 more
09-22 08:25:07.679  1386  1386 E Hyphenator: error loading hyphenation /system/usr/hyphen-data/hyph-cy.hyb
09-22 08:25:07.679  1386  1386 E Hyphenator: java.io.FileNotFoundException: /system/usr/hyphen-data/hyph-cy.hyb: open failed: ENOENT (No such file or directory)
09-22 08:25:07.679  1386  1386 E Hyphenator: 	at libcore.io.IoBridge.open(IoBridge.java:455)
09-22 08:25:07.679  1386  1386 E Hyphenator: 	at java.io.RandomAccessFile.<init>(RandomAccessFile.java:247)
09-22 08:25:07.679  1386  1386 E Hyphenator: 	at android.text.Hyphenator.loadHyphenator(Hyphenator.java:118)
09-22 08:25:07.679  1386  1386 E Hyphenator: 	at android.text.Hyphenator.init(Hyphenator.java:224)
09-22 08:25:07.679  1386  1386 E Hyphenator: 	at com.android.internal.os.ZygoteInit.preloadTextResources(ZygoteInit.java:252)
09-22 08:25:07.679  1386  1386 E Hyphenator: 	at com.android.internal.os.ZygoteInit.preload(ZygoteInit.java:206)
09-22 08:25:07.679  1386  1386 E Hyphenator: 	at com.android.internal.os.ZygoteInit.main(ZygoteInit.java:743)
09-22 08:25:07.679  1386  1386 E Hyphenator: Caused by: android.system.ErrnoException: open failed: ENOENT (No such file or directory)
09-22 08:25:07.679  1386  1386 E Hyphenator: 	at libcore.io.Posix.open(Native Method)
09-22 08:25:07.679  1386  1386 E Hyphenator: 	at libcore.io.BlockGuardOs.open(BlockGuardOs.java:187)
09-22 08:25:07.679  1386  1386 E Hyphenator: 	at libcore.io.IoBridge.open(IoBridge.java:441)
09-22 08:25:07.679  1386  1386 E Hyphenator: 	... 6 more
09-22 08:25:07.679  1386  1386 E Hyphenator: error loading hyphenation /system/usr/hyphen-data/hyph-da.hyb
09-22 08:25:07.679  1386  1386 E Hyphenator: java.io.FileNotFoundException: /system/usr/hyphen-data/hyph-da.hyb: open failed: ENOENT (No such file or directory)
09-22 08:25:07.679  1386  1386 E Hyphenator: 	at libcore.io.IoBridge.open(IoBridge.java:455)
09-22 08:25:07.679  1386  1386 E Hyphenator: 	at java.io.RandomAccessFile.<init>(RandomAccessFile.java:247)
09-22 08:25:07.679  1386  1386 E Hyphenator: 	at android.text.Hyphenator.loadHyphenator(Hyphenator.java:118)
09-22 08:25:07.679  1386  1386 E Hyphenator: 	at android.text.Hyphenator.init(Hyphenator.java:224)
09-22 08:25:07.679  1386  1386 E Hyphenator: 	at com.android.internal.os.ZygoteInit.preloadTextResources(ZygoteInit.java:252)
09-22 08:25:07.679  1386  1386 E Hyphenator: 	at com.android.internal.os.ZygoteInit.preload(ZygoteInit.java:206)
09-22 08:25:07.679  1386  1386 E Hyphenator: 	at com.android.internal.os.ZygoteInit.main(ZygoteInit.java:743)
09-22 08:25:07.679  1386  1386 E Hyphenator: Caused by: android.system.ErrnoException: open failed: ENOENT (No such file or directory)
09-22 08:25:07.679  1386  1386 E Hyphenator: 	at libcore.io.Posix.open(Native Method)
09-22 08:25:07.679  1386  1386 E Hyphenator: 	at libcore.io.BlockGuardOs.open(BlockGuardOs.java:187)
09-22 08:25:07.679  1386  1386 E Hyphenator: 	at libcore.io.IoBridge.open(IoBridge.java:441)
09-22 08:25:07.679  1386  1386 E Hyphenator: 	... 6 more
09-22 08:25:07.679  1386  1386 E Hyphenator: error loading hyphenation /system/usr/hyphen-data/hyph-de-1901.hyb
09-22 08:25:07.679  1386  1386 E Hyphenator: java.io.FileNotFoundException: /system/usr/hyphen-data/hyph-de-1901.hyb: open failed: ENOENT (No such file or directory)
09-22 08:25:07.679  1386  1386 E Hyphenator: 	at libcore.io.IoBridge.open(IoBridge.java:455)
09-22 08:25:07.679  1386  1386 E Hyphenator: 	at java.io.RandomAccessFile.<init>(RandomAccessFile.java:247)
09-22 08:25:07.679  1386  1386 E Hyphenator: 	at android.text.Hyphenator.loadHyphenator(Hyphenator.java:118)
09-22 08:25:07.679  1386  1386 E Hyphenator: 	at android.text.Hyphenator.init(Hyphenator.java:224)
09-22 08:25:07.679  1386  1386 E Hyphenator: 	at com.android.internal.os.ZygoteInit.preloadTextResources(ZygoteInit.java:252)
09-22 08:25:07.679  1386  1386 E Hyphenator: 	at com.android.internal.os.ZygoteInit.preload(ZygoteInit.java:206)
09-22 08:25:07.679  1386  1386 E Hyphenator: 	at com.android.internal.os.ZygoteInit.main(ZygoteInit.java:743)
09-22 08:25:07.679  1386  1386 E Hyphenator: Caused by: android.system.ErrnoException: open failed: ENOENT (No such file or directory)
09-22 08:25:07.679  1386  1386 E Hyphenator: 	at libcore.io.Posix.open(Native Method)
09-22 08:25:07.679  1386  1386 E Hyphenator: 	at libcore.io.BlockGuardOs.open(BlockGuardOs.java:187)
09-22 08:25:07.679  1386  1386 E Hyphenator: 	at libcore.io.IoBridge.open(IoBridge.java:441)
09-22 08:25:07.679  1386  1386 E Hyphenator: 	... 6 more
09-22 08:25:07.679  1386  1386 E Hyphenator: error loading hyphenation /system/usr/hyphen-data/hyph-de-1996.hyb
09-22 08:25:07.679  1386  1386 E Hyphenator: java.io.FileNotFoundException: /system/usr/hyphen-data/hyph-de-1996.hyb: open failed: ENOENT (No such file or directory)
09-22 08:25:07.679  1386  1386 E Hyphenator: 	at libcore.io.IoBridge.open(IoBridge.java:455)
09-22 08:25:07.679  1386  1386 E Hyphenator: 	at java.io.RandomAccessFile.<init>(RandomAccessFile.java:247)
09-22 08:25:07.679  1386  1386 E Hyphenator: 	at android.text.Hyphenator.loadHyphenator(Hyphenator.java:118)
09-22 08:25:07.679  1386  1386 E Hyphenator: 	at android.text.Hyphenator.init(Hyphenator.java:224)
09-22 08:25:07.679  1386  1386 E Hyphenator: 	at com.android.internal.os.ZygoteInit.preloadTextResources(ZygoteInit.java:252)
09-22 08:25:07.679  1386  1386 E Hyphenator: 	at com.android.internal.os.ZygoteInit.preload(ZygoteInit.java:206)
09-22 08:25:07.679  1386  1386 E Hyphenator: 	at com.android.internal.os.ZygoteInit.main(ZygoteInit.java:743)
09-22 08:25:07.679  1386  1386 E Hyphenator: Caused by: android.system.ErrnoException: open failed: ENOENT (No such file or directory)
09-22 08:25:07.679  1386  1386 E Hyphenator: 	at libcore.io.Posix.open(Native Method)
09-22 08:25:07.679  1386  1386 E Hyphenator: 	at libcore.io.BlockGuardOs.open(BlockGuardOs.java:187)
09-22 08:25:07.679  1386  1386 E Hyphenator: 	at libcore.io.IoBridge.open(IoBridge.java:441)
09-22 08:25:07.679  1386  1386 E Hyphenator: 	... 6 more
09-22 08:25:07.680  1386  1386 E Hyphenator: error loading hyphenation /system/usr/hyphen-data/hyph-de-ch-1901.hyb
09-22 08:25:07.680  1386  1386 E Hyphenator: java.io.FileNotFoundException: /system/usr/hyphen-data/hyph-de-ch-1901.hyb: open failed: ENOENT (No such file or directory)
09-22 08:25:07.680  1386  1386 E Hyphenator: 	at libcore.io.IoBridge.open(IoBridge.java:455)
09-22 08:25:07.680  1386  1386 E Hyphenator: 	at java.io.RandomAccessFile.<init>(RandomAccessFile.java:247)
09-22 08:25:07.680  1386  1386 E Hyphenator: 	at android.text.Hyphenator.loadHyphenator(Hyphenator.java:118)
09-22 08:25:07.680  1386  1386 E Hyphenator: 	at android.text.Hyphenator.init(Hyphenator.java:224)
09-22 08:25:07.680  1386  1386 E Hyphenator: 	at com.android.internal.os.ZygoteInit.preloadTextResources(ZygoteInit.java:252)
09-22 08:25:07.680  1386  1386 E Hyphenator: 	at com.android.internal.os.ZygoteInit.preload(ZygoteInit.java:206)
09-22 08:25:07.680  1386  1386 E Hyphenator: 	at com.android.internal.os.ZygoteInit.main(ZygoteInit.java:743)
