09-22 08:25:09.497  1298  1333 D vold    : Preparing: /data/data
09-22 08:25:09.497  1674  1723 D CryptdConnector: RCV <- {200 3 Command succeeded}
09-22 08:25:09.498  1674  1698 V UserManagerService: Found /data/user/0 with serial number 0
09-22 08:25:09.498  1674  1698 V UserManagerService: Found /data/system_ce/0 with serial number 0
09-22 08:25:09.498  1674  1698 V PackageManager: reconcileAppsData for null u0 0x2
09-22 08:25:09.506  1392  1392 I SoftMPEG4Encoder: Construct SoftMPEG4Encoder
09-22 08:25:09.506  1395  1395 W ACodec  : do not know color format 0x7f000789 = 2130708361
09-22 08:25:09.507  1392  1820 E OMXNodeInstance: getConfig(5700017:google.mpeg4.encoder, ConfigAndroidIntraRefresh(0x6f60000a)) ERROR: Undefined(0x80001001)
09-22 08:25:09.507  1395  1395 I MediaPlayerService: MediaPlayerService::getOMX
09-22 08:25:09.507  1395  1395 I OMXClient: MuxOMX ctor
09-22 08:25:09.507  1392  1820 I OMXMaster: makeComponentInstance(OMX.google.vp8.encoder) in mediacodec process
09-22 08:25:09.510  1674  1674 I Telecom : SystemStateProvider: Registering car mode receiver: android.content.IntentFilter@33f7b68: TS.init@AAA
09-22 08:25:09.516  1342  1349 E SurfaceFlinger: ro.sf.lcd_density must be defined as a build property
09-22 08:25:09.517  1885  1885 W System  : ClassLoader referenced unknown path: /system/priv-app/TelephonyProvider/lib/x86
09-22 08:25:09.517  1885  1885 D ApplicationLoaders: ignored Vulkan layer search path /system/priv-app/TelephonyProvider/lib/x86:/system/lib:/vendor/lib for namespace 0xb160c090
09-22 08:25:09.517  1766  1766 I vol.Events: writeEvent collection_started
09-22 08:25:09.517  1674  1934 I Telecom : Telecom: Non-call EVENT: AUDIO_ROUTE, Entering state QuiescentEarpieceRoute
09-22 08:25:09.518  1674  1937 I Telecom : CallAudioModeStateMachine: Message received: null.: TS.init->CAMSM.pM_1@AAA_0
09-22 08:25:09.519  1766  1936 I vol.Events: writeEvent external_ringer_mode_changed normal
09-22 08:25:09.519  1766  1936 I vol.Events: writeEvent internal_ringer_mode_changed normal
09-22 08:25:09.519  1674  1938 E ActivityThread: Failed to find provider info for call_log
09-22 08:25:09.520  1674  1674 E BluetoothAdapter: Bluetooth binder is null
09-22 08:25:09.521  1395  1395 W ACodec  : do not know color format 0x7f000789 = 2130708361
09-22 08:25:09.521  1392  1401 E OMXNodeInstance: getConfig(5700018:google.vp8.encoder, ConfigAndroidIntraRefresh(0x6f60000a)) ERROR: Undefined(0x80001001)
09-22 08:25:09.521  1905  1905 D         : HostConnection::get() New Host Connection established 0xa4cd48c0, tid 1905
09-22 08:25:09.521  1395  1395 I MediaPlayerService: MediaPlayerService::getOMX
09-22 08:25:09.521  1395  1395 I OMXClient: MuxOMX ctor
09-22 08:25:09.522  1395  1395 I MediaPlayerService: MediaPlayerService::getOMX
09-22 08:25:09.522  1395  1395 I OMXClient: MuxOMX ctor
09-22 08:25:09.523  1395  1395 W MediaCodecList: unable to open media codecs configuration xml file: /data/misc/media/media_codecs_profiling_results.xml
09-22 08:25:09.523  1395  1395 I MediaPlayerService: MediaPlayerService::getOMX
09-22 08:25:09.523  1395  1409 I MediaPlayerService: MediaPlayerService::getOMX
09-22 08:25:09.523  1766  1881 I OMXClient: MuxOMX ctor
09-22 08:25:09.523  1674  1810 I OMXClient: MuxOMX ctor
09-22 08:25:09.523  1392  1401 I OMXMaster: makeComponentInstance(OMX.google.vorbis.decoder) in mediacodec process
09-22 08:25:09.527  1974  2027 D CellBroadcastOtherChannelsManager: No additional channels configured. subId = -1
09-22 08:25:09.531  1885  1885 D TelephonyProvider: dbh.onOpen: ok, queried table=siminfo
09-22 08:25:09.531  1885  1885 D TelephonyProvider: dbh.onOpen: ok, queried table=carriers
09-22 08:25:09.532  1674  1674 I Telecom : Class: TelecomSystem.INSTANCE being set
09-22 08:25:09.532  1674  1674 E BluetoothAdapter: Bluetooth binder is null
09-22 08:25:09.532  1674  1674 W ContextImpl: Calling a method in the system process without a qualified user: android.app.ContextImpl.startService:1357 com.android.server.content.SyncManager$13.run:658 android.os.Handler.handleCallback:751 android.os.Handler.dispatchMessage:95 android.os.Looper.loop:154 
09-22 08:25:09.534  1674  1687 I GnssLocationProvider: WakeLock released by handleMessage(12, 0, null)
09-22 08:25:09.537  1392  1392 I OMXMaster: makeComponentInstance(OMX.google.vorbis.decoder) in mediacodec process
09-22 08:25:09.539  1674  1674 W System  : ClassLoader referenced unknown path: /system/priv-app/FusedLocation/lib/x86
09-22 08:25:09.540  1674  1674 D ApplicationLoaders: ignored Vulkan layer search path /system/priv-app/FusedLocation/lib/x86:/system/priv-app/FusedLocation/FusedLocation.apk!/lib/x86:/system/lib:/vendor/lib for namespace 0xb172e150
09-22 08:25:09.542  1674  1674 D GpsNetInitiatedHandler: location enabled :true
09-22 08:25:09.542  1674  1674 V WiredAccessoryManager: notifyWiredAccessoryChanged: when=0 bits= mask=54
09-22 08:25:09.542  1674  1674 V WiredAccessoryManager: newName=h2w newState=0 headsetState=0 prev headsetState=0
09-22 08:25:09.542  1674  1674 E WiredAccessoryManager: No state change.
09-22 08:25:09.542  1674  1674 V WiredAccessoryManager: init()
09-22 08:25:09.547  1395  1395 I MediaPlayerService: MediaPlayerService::getOMX
09-22 08:25:09.547  1674  1949 I OMXClient: MuxOMX ctor
09-22 08:25:09.547  1392  1947 I OMXMaster: makeComponentInstance(OMX.google.vorbis.decoder) in mediacodec process
09-22 08:25:09.553  1905  1935 D         : HostConnection::get() New Host Connection established 0xad52de40, tid 1935
09-22 08:25:09.570  1674  1674 W VibratorService: Tried to stop vibrating but there is no vibrator device.
09-22 08:25:09.570  1395  1395 I MediaPlayerService: MediaPlayerService::getOMX
09-22 08:25:09.570  1905  1935 I OpenGLRenderer: Initialized EGL, version 1.4
09-22 08:25:09.570  1674  1957 I OMXClient: MuxOMX ctor
09-22 08:25:09.570  1905  1935 D OpenGLRenderer: Swap behavior 1
09-22 08:25:09.570  1905  1935 W OpenGLRenderer: Failed to choose config with EGL_SWAP_BEHAVIOR_PRESERVED, retrying without...
09-22 08:25:09.570  1905  1935 D OpenGLRenderer: Swap behavior 0
09-22 08:25:09.571  1392  1401 I OMXMaster: makeComponentInstance(OMX.google.vorbis.decoder) in mediacodec process
09-22 08:25:09.571  1674  1674 D ConditionProviders.SCP: onSubscribe condition://android/schedule?days=1.2.3.4.5&start=22.0&end=7.0&exitAtAlarm=false
09-22 08:25:09.571  1674  1674 D ConditionProviders.SCP: setRegistered true
09-22 08:25:09.572  1674  1674 D ConditionProviders.SCP: notifyCondition condition://android/schedule?days=1.2.3.4.5&start=22.0&end=7.0&exitAtAlarm=false STATE_FALSE reason=!meetsSchedule
09-22 08:25:09.573  1674  1741 E ActivityThread: Failed to find provider info for com.android.calendar
09-22 08:25:09.573  1674  1741 E ActivityThread: Failed to find provider info for com.android.calendar
09-22 08:25:09.573  1395  1822 I MediaPlayerService: MediaPlayerService::getOMX
09-22 08:25:09.574  1766  1958 I OMXClient: MuxOMX ctor
09-22 08:25:09.574  1674  1674 D ConditionProviders.SCP: Scheduling evaluate for Fri Sep 22 22:00:00 GMT+00:00 2017 (1506117600000), in +13h34m50s429ms, now=Fri Sep 22 08:25:09 GMT+00:00 2017 (1506068709571)
09-22 08:25:09.574  1674  1674 D ConditionProviders.SCP: onSubscribe condition://android/schedule?days=6.7&start=23.30&end=10.0&exitAtAlarm=false
09-22 08:25:09.574  1674  1674 D ConditionProviders.SCP: notifyCondition condition://android/schedule?days=6.7&start=23.30&end=10.0&exitAtAlarm=false STATE_FALSE reason=!meetsSchedule
09-22 08:25:09.574  1674  1674 D ConditionProviders.SCP: notifyCondition condition://android/schedule?days=1.2.3.4.5&start=22.0&end=7.0&exitAtAlarm=false STATE_FALSE reason=!meetsSchedule
09-22 08:25:09.574  1674  1674 D ConditionProviders.SCP: Scheduling evaluate for Fri Sep 22 10:00:00 GMT+00:00 2017 (1506074400000), in +1h34m50s426ms, now=Fri Sep 22 08:25:09 GMT+00:00 2017 (1506068709574)
09-22 08:25:09.575  1674  1674 I Telecom : WiredHeadsetManager: ACTION_HEADSET_PLUG event, plugged in: false, : WHC.oADA@AAE
09-22 08:25:09.578  1674  1674 I ActivityManager: user 0 is still locked. Cannot load recents
09-22 08:25:09.587  1392  1947 I OMXMaster: makeComponentInstance(OMX.google.vorbis.decoder) in mediacodec process
09-22 08:25:09.593  1674  1687 I SyncManager: Got SyncJobService instance.
09-22 08:25:09.594  1674  1674 I FusedLocation: engine started (com.android.location.fused)
09-22 08:25:09.597  1905  1935 D EGL_emulation: eglCreateContext: 0xb11850c0: maj 3 min 0 rcv 3
09-22 08:25:09.600  1905  1935 D EGL_emulation: eglMakeCurrent: 0xb11850c0: ver 3 0 (tinfo 0xb1183220)
09-22 08:25:09.600  1905  1935 E eglCodecCommon: glUtilsParamSize: unknow param 0x00008cdf
09-22 08:25:09.601  1905  1935 E eglCodecCommon: glUtilsParamSize: unknow param 0x00008824
09-22 08:25:09.606  1766  1936 I vol.Events: writeEvent level_changed STREAM_ALARM 6
09-22 08:25:09.606  1766  1936 I vol.Events: writeEvent level_changed STREAM_BLUETOOTH_SCO 7
09-22 08:25:09.609  1766  1936 I vol.Events: writeEvent level_changed STREAM_MUSIC 11
09-22 08:25:09.612  1766  1936 I vol.Events: writeEvent level_changed STREAM_RING 5
09-22 08:25:09.613  1766  1936 I vol.Events: writeEvent level_changed STREAM_SYSTEM 5
09-22 08:25:09.614  1766  1936 I vol.Events: writeEvent level_changed STREAM_VOICE_CALL 4
09-22 08:25:09.616  1395  1822 I MediaPlayerService: MediaPlayerService::getOMX
09-22 08:25:09.616  1674  1972 I OMXClient: MuxOMX ctor
09-22 08:25:09.616  1392  1964 I OMXMaster: makeComponentInstance(OMX.google.vorbis.decoder) in mediacodec process
09-22 08:25:09.618  1395  1409 I MediaPlayerService: MediaPlayerService::getOMX
09-22 08:25:09.618  1766  1973 I OMXClient: MuxOMX ctor
09-22 08:25:09.620  1974  1974 W art     : Unexpected CPU variant for X86 using defaults: x86
09-22 08:25:09.623  1674  1729 D WifiController: DEFERRED_TOGGLE handled
09-22 08:25:09.625  1396  1672 D SoftapController: Softap fwReload - Ok
09-22 08:25:09.627  1674  1688 I ActivityManager: Start proc 1974:com.android.cellbroadcastreceiver/u0a4 for broadcast com.android.cellbroadcastreceiver/.CellBroadcastReceiver
09-22 08:25:09.629  1396  1672 D CommandListener: Setting iface cfg
09-22 08:25:09.629  1396  1672 D CommandListener: Trying to bring down wlan0
09-22 08:25:09.631  1396  1672 D CommandListener: Clearing all IP addresses on wlan0
09-22 08:25:09.632  1674  1730 E WifiMonitor: killSupplicant p2pfalse init.svc.wpa_supplicant=unknown init.svc.p2p_supplicant=unknown
09-22 08:25:09.633  1392  1392 I OMXMaster: makeComponentInstance(OMX.google.vorbis.decoder) in mediacodec process
09-22 08:25:09.636  1342  1955 E SurfaceFlinger: ro.sf.lcd_density must be defined as a build property
09-22 08:25:09.638  1766  1766 D         : HostConnection::get() New Host Connection established 0xa1a67400, tid 1766
09-22 08:25:09.646  1974  1974 W System  : ClassLoader referenced unknown path: /system/priv-app/CellBroadcastReceiver/lib/x86
09-22 08:25:09.648  1395  1395 I MediaPlayerService: MediaPlayerService::getOMX
09-22 08:25:09.648  1766  1766 D StorageNotification: Notifying about private volume: VolumeInfo{private}:
09-22 08:25:09.648  1766  1766 D StorageNotification:     type=PRIVATE diskId=null partGuid=null mountFlags=0 mountUserId=-1 
09-22 08:25:09.648  1766  1766 D StorageNotification:     state=MOUNTED 
09-22 08:25:09.648  1766  1766 D StorageNotification:     fsType=null fsUuid=null fsLabel=null 
09-22 08:25:09.648  1766  1766 D StorageNotification:     path=/data internalPath=null 
09-22 08:25:09.648  1674  1993 I OMXClient: MuxOMX ctor
09-22 08:25:09.648  1766  1766 D StorageNotification: Notifying about public volume: VolumeInfo{public:253,64}:
09-22 08:25:09.648  1766  1766 D StorageNotification:     type=PUBLIC diskId=disk:253,64 partGuid=null mountFlags=VISIBLE 
09-22 08:25:09.648  1766  1766 D StorageNotification:     mountUserId=0 state=MOUNTED 
09-22 08:25:09.648  1766  1766 D StorageNotification:     fsType=vfat fsUuid=1307-3D0D fsLabel=SDCARD 
09-22 08:25:09.648  1766  1766 D StorageNotification:     path=/storage/1307-3D0D internalPath=/mnt/media_rw/1307-3D0D 
09-22 08:25:09.648  1392  1401 I OMXMaster: makeComponentInstance(OMX.google.vorbis.decoder) in mediacodec process
09-22 08:25:09.660  1905  1935 D EGL_emulation: eglMakeCurrent: 0xb11850c0: ver 3 0 (tinfo 0xb1183220)
09-22 08:25:09.663  1885  1885 D PhoneSwitcherNetworkRequstListener: Registering NetworkFactory
09-22 08:25:09.663  1674  1734 D ConnectivityService: Got NetworkFactory Messenger for PhoneSwitcherNetworkRequstListener
09-22 08:25:09.665  1674  1734 D ConnectivityService: Got NetworkFactory Messenger for TelephonyNetworkFactory[0]
09-22 08:25:09.672  1885  2000 E ActivityThread: Failed to find provider info for com.android.contacts
09-22 08:25:09.672  1885  2000 W CallerInfoCache: cursor is null
09-22 08:25:09.673  1885  1885 D CarrierConfigLoader: CarrierConfigLoader has started
09-22 08:25:09.673  1885  1885 E BluetoothAdapter: Bluetooth binder is null
09-22 08:25:09.677  1674  1740 D NotificationSQLiteLog: Pruned event entries: 0
09-22 08:25:09.684  1395  1931 I MediaPlayerService: MediaPlayerService::getOMX
09-22 08:25:09.684  1674  2002 I OMXClient: MuxOMX ctor
09-22 08:25:09.684  1392  1401 I OMXMaster: makeComponentInstance(OMX.google.vorbis.decoder) in mediacodec process
09-22 08:25:09.686  1885  1885 I Telephony: TtyManager: updateUiTtyMode -1 -> 0
09-22 08:25:09.689  1674  1903 D AlarmManagerService: Kernel timezone updated to 0 minutes west of GMT
09-22 08:25:09.689  1674  1919 D AlarmManagerService: Setting time of day to sec=1506068709
09-22 08:25:09.562  1674  1698 V PackageManager: reconcileAppsData finished 103 packages
09-22 08:25:09.564  1674  1688 D MountService: onUnlockUser 0
09-22 08:25:09.564  1674  1688 D VoldConnector: SND -> {7 volume user_started 0}
09-22 08:25:09.567  1885  1885 I Telephony: PstnIncomingCallNotifier: Unregistering: Handler (com.android.internal.telephony.GsmCdmaPhone) {3cd8b05}
09-22 08:25:09.568  1885  1885 E PhoneInterfaceManager: [PhoneIntfMgr] getIccId: No UICC
09-22 08:25:09.571  1766  1766 W System  : ClassLoader referenced unknown path: 
09-22 08:25:09.571  1766  1766 D ApplicationLoaders: ignored Vulkan layer search path /system/app/Camera2/lib/x86:/system/app/Camera2/Camera2.apk!/lib/x86:/system/lib:/vendor/lib for namespace 0xb160c090
09-22 08:25:09.572  2031  2031 W System  : ClassLoader referenced unknown path: /system/priv-app/GoogleExtServices/lib/x86
09-22 08:25:09.572  1674  1730 D WifiMonitor: startMonitoring(wlan0) with mConnected = false
09-22 08:25:09.572  1674  1919 I Telecom : PhoneAccountRegistrar: [ComponentInfo{com.android.phone/com.android.services.telephony.TelephonyConnectionService}, [e0184adedf913b076626646d3f52c3b49c39ad6d], UserHandle{0}(addr: tel:*********** -> tel:)(icon: Icon(typ=BITMAP size=50x63) -> Icon(typ=BITMAP size=50x63))(subAddr: tel:*********** -> tel:)]: TSI.rPA@AAg
09-22 08:25:09.573  1298  1332 D vold    : Linking /storage/emulated/0 to /mnt/user/0/primary
09-22 08:25:09.573  1674  1722 D VoldConnector: RCV <- {200 7 Command succeeded}
09-22 08:25:09.573  1674  1721 D MountService: Volume public:253,64 broadcasting mounted to UserHandle{0}
09-22 08:25:09.574  1674  1721 D MountService: Volume emulated broadcasting mounted to UserHandle{0}
09-22 08:25:09.574  1674  1919 I Telecom : : Sending phone-account registered intent as user: TSI.rPA@AAg
09-22 08:25:09.576  1674  1730 D WifiConfigManager: Loading config and enabling all networks 
09-22 08:25:09.576  1885  1885 I Telephony: AccountEntry: Registered phoneAccount: [[ ] PhoneAccount: ComponentInfo{com.android.phone/com.android.services.telephony.TelephonyConnectionService}, [e0184adedf913b076626646d3f52c3b49c39ad6d], UserHandle{0} Capabilities: CallProvider MultiUser PlaceEmerg SimSub  Schemes: tel voicemail  Extras: null GroupId: [da39a3ee5e6b4b0d3255bfef95601890afd80709]] with handle: ComponentInfo{com.android.phone/com.android.services.telephony.TelephonyConnectionService}, [e0184adedf913b076626646d3f52c3b49c39ad6d], UserHandle{0}
09-22 08:25:09.576  1885  1885 I Telephony: PstnIncomingCallNotifier: Registering: Handler (com.android.internal.telephony.GsmCdmaPhone) {3cd8b05}
09-22 08:25:09.587  1885  1885 E PhoneInterfaceManager: [PhoneIntfMgr] getIccId: No UICC
09-22 08:25:09.594  1674  1730 W WifiNetworkHistory: Upgrading network 0 to android.uid.system:1000
09-22 08:25:09.594  1674  1685 I Telecom : PhoneAccountRegistrar: [ComponentInfo{com.android.phone/com.android.services.telephony.TelephonyConnectionService}, [e0184adedf913b076626646d3f52c3b49c39ad6d], UserHandle{0}(icon: Icon(typ=BITMAP size=50x63) -> Icon(typ=BITMAP size=50x63))]: TSI.rPA@AAs
09-22 08:25:09.594  1674  1730 D WifiConfigManager: loaded 0 passpoint configs
09-22 08:25:09.594  1674  1730 E IpConfigStore: Error parsing configuration: java.io.FileNotFoundException: /data/misc/wifi/ipconfig.txt (No such file or directory)
09-22 08:25:09.596  1674  1685 I Telecom : : Sending phone-account registered intent as user: TSI.rPA@AAs
09-22 08:25:09.598  1674  1688 V BackupManagerService: No ancestral data
09-22 08:25:09.602  1674  1730 D WifiNative-HAL: Setting external_sim to 1
09-22 08:25:09.602  1674  1730 D WifiStateMachine: Setting OUI to DA-A1-19
09-22 08:25:09.602  1674  1730 D WifiCountryCode: Succeeded to set country code to: US
09-22 08:25:09.602  1885  1885 I Telephony: PstnIncomingCallNotifier: Unregistering: Handler (com.android.internal.telephony.GsmCdmaPhone) {3cd8b05}
09-22 08:25:09.603  1885  1885 E PhoneInterfaceManager: [PhoneIntfMgr] getIccId: No UICC
09-22 08:25:09.603  1674  1730 I WifiConnectivityManager: PNO settings: min5GHzRssi -82 min24GHzRssi -85 currentConnectionBonus 16 sameNetworkBonus 24 secureNetworkBonus 80 initialScoreMax 100
09-22 08:25:09.603  1674  1730 I WifiConnectivityManager: ConnectivityScanManager initialized and disabled
09-22 08:25:09.603  1674  1730 I WifiConnectivityManager: setUntrustedConnectionAllowed: allowed=false
09-22 08:25:09.603  1674  1730 E WifiLogger: no ring buffers found
09-22 08:25:09.603  1674  1730 E WifiLogger: Failed to start packet fate monitoring
09-22 08:25:09.605  1674  1918 I Telecom : PhoneAccountRegistrar: [ComponentInfo{com.android.phone/com.android.services.telephony.TelephonyConnectionService}, [e0184adedf913b076626646d3f52c3b49c39ad6d], UserHandle{0}(icon: Icon(typ=BITMAP size=50x63) -> Icon(typ=BITMAP size=50x63))]: TSI.rPA@AAw
09-22 08:25:09.605  1674  1918 I Telecom : : Sending phone-account registered intent as user: TSI.rPA@AAw
09-22 08:25:09.612  1674  1730 I WifiConnectivityManager: Set WiFi enabled
09-22 08:25:09.612  1674  1730 I WifiConnectivityManager: scheduleWatchdogTimer
09-22 08:25:09.612  1885  1885 I Telephony: AccountEntry: Registered phoneAccount: [[ ] PhoneAccount: ComponentInfo{com.android.phone/com.android.services.telephony.TelephonyConnectionService}, [e0184adedf913b076626646d3f52c3b49c39ad6d], UserHandle{0} Capabilities: CallProvider MultiUser PlaceEmerg SimSub  Schemes: tel voicemail  Extras: null GroupId: [da39a3ee5e6b4b0d3255bfef95601890afd80709]] with handle: ComponentInfo{com.android.phone/com.android.services.telephony.TelephonyConnectionService}, [e0184adedf913b076626646d3f52c3b49c39ad6d], UserHandle{0}
09-22 08:25:09.612  1885  1885 I Telephony: PstnIncomingCallNotifier: Registering: Handler (com.android.internal.telephony.GsmCdmaPhone) {3cd8b05}
09-22 08:25:09.613  1766  1766 I OpaLayout: Setting opa enabled to false
09-22 08:25:09.615  1766  1766 I OpaLayout: Setting opa enabled to false
09-22 08:25:09.616  1674  1688 V BackupManagerService: Starting with transport com.google.android.gms/.backup.BackupTransportService
09-22 08:25:09.616  1674  1688 V BackupManagerService: Found transports: 2
09-22 08:25:09.618  1674  1730 D WifiNative-HAL: Failing getSupportedFeatureset because HAL isn't started
09-22 08:25:09.620  1674  1691 E BatteryStatsService: no controller energy info supplied
09-22 08:25:09.621  1674  1691 E KernelCpuSpeedReader: Failed to read cpu-freq: /sys/devices/system/cpu/cpu0/cpufreq/stats/time_in_state (No such file or directory)
09-22 08:25:09.621  1674  1691 E KernelUidCpuTimeReader: Failed to read uid_cputime: /proc/uid_cputime/show_uid_stat (No such file or directory)
09-22 08:25:09.624  2325  2325 W art     : Unexpected CPU variant for X86 using defaults: x86
09-22 08:25:09.628  1674  1688 I ActivityManager: Start proc 2325:com.google.android.gms.persistent/u0a13 for service com.google.android.gms/.backup.BackupTransportService
09-22 08:25:09.630  1674  1730 D WifiNative-HAL: Failing getSupportedFeatureset because HAL isn't started
09-22 08:25:09.630  1674  1691 E BatteryStatsService: no controller energy info supplied
09-22 08:25:09.630  1674  1691 E KernelCpuSpeedReader: Failed to read cpu-freq: /sys/devices/system/cpu/cpu0/cpufreq/stats/time_in_state (No such file or directory)
09-22 08:25:09.630  1674  1691 E KernelUidCpuTimeReader: Failed to read uid_cputime: /proc/uid_cputime/show_uid_stat (No such file or directory)
09-22 08:25:09.633  1674  1674 I GnssLocationProvider: WakeLock acquired by sendMessage(12, 0, null)
09-22 08:25:09.634  1674  1730 D WIFI    : Registering NetworkFactory
09-22 08:25:09.634  1674  1730 D WIFI_UT : Registering NetworkFactory
09-22 08:25:09.635  1674  1734 D ConnectivityService: Got NetworkFactory Messenger for WIFI
09-22 08:25:09.635  1674  1734 D ConnectivityService: Got NetworkFactory Messenger for WIFI_UT
09-22 08:25:09.635  1674  1730 D WIFI    : got request NetworkRequest [ REQUEST id=1, [ Capabilities: INTERNET&NOT_RESTRICTED&TRUSTED&NOT_VPN] ] with score 0
09-22 08:25:09.635  1674  1730 I WifiConnectivityManager: Set WiFiConnectivityManager enabled
09-22 08:25:09.635  1674  1688 I BackupManagerService: Backup enabled => false
09-22 08:25:09.636  1674  1730 D WIFI_UT : got request NetworkRequest [ REQUEST id=1, [ Capabilities: INTERNET&NOT_RESTRICTED&TRUSTED&NOT_VPN] ] with score 0
09-22 08:25:09.636  1674  1730 E WifiConnectivityManager: SingleScanListener onFailure: reason: -1 description: not available
09-22 08:25:09.636  1674  1674 D RttService: SCAN_AVAILABLE : 3
09-22 08:25:09.636  1674  1674 V BackupManagerService: Connected to transport ComponentInfo{android/com.android.internal.backup.LocalTransportService}
09-22 08:25:09.636  1674  1733 D RttService: DefaultState got{ when=0 what=160512 target=com.android.internal.util.StateMachine$SmHandler }
09-22 08:25:09.636  1674  1674 V BackupManagerService: Registering transport android/com.android.internal.backup.LocalTransportService::android/com.android.internal.backup.LocalTransport = android.app.backup.BackupTransport$TransportImpl@458ac3
09-22 08:25:09.636  2007  2007 I AlarmClock: AlarmInitReceiver android.intent.action.LOCKED_BOOT_COMPLETED
09-22 08:25:09.638  1905  1935 D EGL_emulation: eglMakeCurrent: 0xb11850c0: ver 3 0 (tinfo 0xb1183220)
09-22 08:25:09.640  1674  1732 I WifiScanningService: wifi driver loaded with scan capabilities: max buckets=16
09-22 08:25:09.642  1752  1752 I InputAttributes: InputType.TYPE_NULL is specified
09-22 08:25:09.646  1885  1885 D MccTable: updateMccMncConfiguration mccmnc='310260' fromServiceState=false
09-22 08:25:09.646  1885  1885 D MccTable: updateMccMncConfiguration defaultMccMnc=310260
09-22 08:25:09.646  1885  1885 D MccTable: updateMccMncConfiguration: mcc=310, mnc=260
09-22 08:25:09.646  1885  1885 D MccTable: updateMccMncConfiguration updateConfig config={1.0 310mcc260mnc ?localeList ?layoutDir ?swdp ?wdp ?hdp ?density ?lsize ?long ?orien ?uimode ?night ?touch ?keyb/?/? ?nav/?}
09-22 08:25:09.647  1674  2257 V KeyValueBackupJob: Scheduling k/v pass in 244 minutes
09-22 08:25:09.671  2325  2325 W System  : ClassLoader referenced unknown path: /system/priv-app/PrebuiltGmsCore/lib/x86
09-22 08:25:09.698  2481  2481 W art     : Unexpected CPU variant for X86 using defaults: x86
09-22 08:25:09.700  1674  1918 I ActivityManager: Start proc 2481:android.process.media/u0a11 for broadcast com.android.providers.downloads/.DownloadReceiver
09-22 08:25:09.716  2525  2525 W art     : Unexpected CPU variant for X86 using defaults: x86
09-22 08:25:09.720  1674  1688 I ActivityManager: Start proc 2525:com.google.android.googlequicksearchbox:interactor/u0a29 for service com.google.android.googlequicksearchbox/com.google.android.voiceinteraction.GsaVoiceInteractionService
09-22 08:25:09.721  1674  1688 I ActivityManager: Loading recents for user 0 into memory.
09-22 08:25:09.724  1674  1688 D ActivityManager: Sending BOOT_COMPLETE user #0
09-22 08:25:09.732  1905  1905 D FallbackHome: User unlocked and real home found; let's go!
09-22 08:25:09.736  1674  1918 I ActivityManager: START u0 {act=android.intent.action.MAIN cat=[android.intent.category.HOME] flg=0x10000100 cmp=com.google.android.apps.nexuslauncher/.NexusLauncherActivity} from uid 0 on display 0
09-22 08:25:09.738  1674  1674 I AccountManagerService: User 0 is unlocked - opening CE database
09-22 08:25:09.738  2481  2481 W System  : ClassLoader referenced unknown path: /system/priv-app/DownloadProvider/lib/x86
09-22 08:25:09.742  2560  2560 W art     : Unexpected CPU variant for X86 using defaults: x86
09-22 08:25:09.756  1674  1918 I ActivityManager: Start proc 2560:com.google.android.apps.nexuslauncher/u0a20 for activity com.google.android.apps.nexuslauncher/.NexusLauncherActivity
09-22 08:25:09.760  1905  1935 D EGL_emulation: eglMakeCurrent: 0xb11850c0: ver 3 0 (tinfo 0xb1183220)
09-22 08:25:09.760  1342  2376 D         : HostConnection::get() New Host Connection established 0xb16c5340, tid 2376
09-22 08:25:09.764  1766  1766 E BluetoothAdapter: Bluetooth binder is null
09-22 08:25:09.770  1674  1952 I ActivityManager: Start proc 2573:com.android.keychain/1000 for service com.android.keychain/.KeyChainService
09-22 08:25:09.771  2325  2325 I LoadedApk: No resource references to update in package FFFFFFFFFFFFFFFFFFFFFF
09-22 08:25:09.775  2573  2573 W art     : Unexpected CPU variant for X86 using defaults: x86
09-22 08:25:09.779  2560  2560 W System  : ClassLoader referenced unknown path: /system/priv-app/NexusLauncherPrebuilt/lib/x86
09-22 08:25:09.779  1766  1766 I CameraManagerGlobal: Connecting to camera service
09-22 08:25:09.780  1388  1388 V EmulatedCamera_Camera: getCameraInfo
09-22 08:25:09.780  1388  1388 V EmulatedCamera_BaseCamera: getCameraInfo
09-22 08:25:09.780  1388  1388 I CameraService: getCameraCharacteristics: Switching to HAL1 shim implementation...
09-22 08:25:09.780  1388  1388 V EmulatedCamera_Camera: getCameraInfo
09-22 08:25:09.780  1388  1388 V EmulatedCamera_BaseCamera: getCameraInfo
09-22 08:25:09.780  1388  1388 I CameraService: CameraService::connect call (PID -1 "cameraserver", camera ID 0) for HAL version default and Camera API version 1
09-22 08:25:09.780  1388  1388 E CameraService: getCameraPriorityFromProcState: Received invalid process state -1 from ActivityManagerService!
09-22 08:25:09.780  1388  1388 V EmulatedCamera_Camera: getCameraInfo
09-22 08:25:09.780  1388  1388 V EmulatedCamera_BaseCamera: getCameraInfo
09-22 08:25:09.786  1674  1674 I GnssLocationProvider: WakeLock acquired by sendMessage(12, 0, null)
09-22 08:25:09.787  1395  2589 E WVMExtractor: Failed to open libwvm.so: dlopen failed: library "libwvm.so" not found
09-22 08:25:09.787  1885  1885 D MccTable: updateMccMncConfiguration mccmnc='310260' fromServiceState=false
09-22 08:25:09.787  1885  1885 D MccTable: updateMccMncConfiguration defaultMccMnc=310260
09-22 08:25:09.787  1885  1885 D MccTable: updateMccMncConfiguration: mcc=310, mnc=260
09-22 08:25:09.787  1885  1885 D MccTable: updateMccMncConfiguration updateConfig config={1.0 310mcc260mnc ?localeList ?layoutDir ?swdp ?wdp ?hdp ?density ?lsize ?long ?orien ?uimode ?night ?touch ?keyb/?/? ?nav/?}
09-22 08:25:09.788  2481  2481 W System  : ClassLoader referenced unknown path: /system/priv-app/MediaProvider/lib/x86
09-22 08:25:09.789  2481  2481 D ApplicationLoaders: ignored Vulkan layer search path /system/priv-app/MediaProvider/lib/x86:/system/priv-app/MediaProvider/MediaProvider.apk!/lib/x86:/system/lib:/vendor/lib for namespace 0xb150a090
09-22 08:25:09.794  1674  1687 W GnssLocationProvider: Could not open GPS configuration file /etc/gps.conf
09-22 08:25:09.794  1674  1687 E GnssLocationProvider: no AGPS interface in set_agps_server
09-22 08:25:09.794  1674  1687 I GnssLocationProvider: WakeLock released by handleMessage(12, 0, null)
09-22 08:25:09.796  1674  2257 I BackupManagerService: Found stale backup journal, scheduling
09-22 08:25:09.796  1395  2588 D NuPlayerDriver: notifyListener_l(0xabb0c180), (1, 0, 0), loop setting(0, 0)
09-22 08:25:09.796  1674  1674 I GnssLocationProvider: WakeLock acquired by sendMessage(12, 0, null)
09-22 08:25:09.805  1885  1885 D CarrierConfigLoader: update config for phoneId: 0 simState: LOADED
09-22 08:25:09.805  1885  1885 D CarrierSvcBindHelper: update binding for phoneId: 0 simState: LOADED
09-22 08:25:09.805  1674  1674 D WifiService: resetting networks because SIM was loaded
09-22 08:25:09.805  1674  1730 D WifiStateMachine: resetting EAP-SIM/AKA/AKA' networks since SIM was changed
09-22 08:25:09.806  1395  2591 D NuPlayerDriver: notifyListener_l(0xad328c60), (1, 0, 0), loop setting(0, 0)
09-22 08:25:09.811  1395  2594 D NuPlayerDriver: notifyListener_l(0xad328a80), (1, 0, 0), loop setting(0, 0)
09-22 08:25:09.812  1388  1388 I CameraFlashlight: Opening camera 0
09-22 08:25:09.812  1388  1388 V EmulatedCamera_Camera: getCameraInfo
09-22 08:25:09.812  1388  1388 V EmulatedCamera_BaseCamera: getCameraInfo
09-22 08:25:09.812  1388  1388 V EmulatedCamera_Camera: connectCamera
09-22 08:25:09.812  1388  1388 V EmulatedCamera_FakeDevice: connectDevice
09-22 08:25:09.812  1388  1388 V EmulatedCamera_CallbackNotifier: setCallbacks: 0xb0e50000, 0xb0e50050, 0xb0e50170, 0xb0e50290 (0xb0bc3320)
09-22 08:25:09.812  1388  1388 V EmulatedCamera_CallbackNotifier: enableMessage: msg_type = 0xc0d
09-22 08:25:09.812  1388  1388 V EmulatedCamera_CallbackNotifier:     CAMERA_MSG_ERROR
09-22 08:25:09.812  1388  1388 V EmulatedCamera_CallbackNotifier:     CAMERA_MSG_FOCUS
09-22 08:25:09.812  1388  1388 V EmulatedCamera_CallbackNotifier:     CAMERA_MSG_ZOOM
09-22 08:25:09.812  1388  1388 V EmulatedCamera_CallbackNotifier:     CAMERA_MSG_PREVIEW_METADATA
09-22 08:25:09.812  1388  1388 V EmulatedCamera_CallbackNotifier: **** Currently enabled messages:
09-22 08:25:09.812  1388  1388 V EmulatedCamera_CallbackNotifier:     CAMERA_MSG_ERROR
09-22 08:25:09.812  1388  1388 V EmulatedCamera_CallbackNotifier:     CAMERA_MSG_FOCUS
09-22 08:25:09.812  1388  1388 V EmulatedCamera_CallbackNotifier:     CAMERA_MSG_ZOOM
09-22 08:25:09.812  1388  1388 V EmulatedCamera_CallbackNotifier:     CAMERA_MSG_PREVIEW_METADATA
09-22 08:25:09.812  1388  1388 V EmulatedCamera_CallbackNotifier: disableMessage: msg_type = 0xffff
09-22 08:25:09.812  1388  1388 V EmulatedCamera_CallbackNotifier:     CAMERA_MSG_ERROR
09-22 08:25:09.812  1388  1388 V EmulatedCamera_CallbackNotifier:     CAMERA_MSG_SHUTTER
09-22 08:25:09.812  1388  1388 V EmulatedCamera_CallbackNotifier:     CAMERA_MSG_FOCUS
09-22 08:25:09.812  1388  1388 V EmulatedCamera_CallbackNotifier:     CAMERA_MSG_ZOOM
09-22 08:25:09.812  1388  1388 V EmulatedCamera_CallbackNotifier:     CAMERA_MSG_PREVIEW_FRAME
09-22 08:25:09.812  1388  1388 V EmulatedCamera_CallbackNotifier:     CAMERA_MSG_VIDEO_FRAME
09-22 08:25:09.812  1388  1388 V EmulatedCamera_CallbackNotifier:     CAMERA_MSG_POSTVIEW_FRAME
09-22 08:25:09.812  1388  1388 V EmulatedCamera_CallbackNotifier:     CAMERA_MSG_RAW_IMAGE
09-22 08:25:09.812  1388  1388 V EmulatedCamera_CallbackNotifier:     CAMERA_MSG_COMPRESSED_IMAGE
09-22 08:25:09.812  1388  1388 V EmulatedCamera_CallbackNotifier:     CAMERA_MSG_RAW_IMAGE_NOTIFY
09-22 08:25:09.812  1388  1388 V EmulatedCamera_CallbackNotifier:     CAMERA_MSG_PREVIEW_METADATA
09-22 08:25:09.812  1388  1388 V EmulatedCamera_CallbackNotifier: **** Currently enabled messages:
09-22 08:25:09.812  1388  1388 V EmulatedCamera_Preview: setPreviewWindow: current: 0x0 -> new: 0x0
09-22 08:25:09.812  1388  1388 V EmulatedCamera_Camera: doStopPreview
09-22 08:25:09.812  1388  1388 V EmulatedCamera_Camera: cancelPicture
09-22 08:25:09.812  1388  1388 V EmulatedCamera_Camera: releaseCamera
09-22 08:25:09.812  1388  1388 V EmulatedCamera_Camera: doStopPreview
09-22 08:25:09.812  1388  1388 V EmulatedCamera_FakeDevice: disconnectDevice
09-22 08:25:09.812  1388  1388 W EmulatedCamera_Device: Initialize: Emulated camera device is already initialized: mState = 1
09-22 08:25:09.812  1388  1388 D EmulatedCamera_FakeCamera: Initialize: Fake camera is facing back
09-22 08:25:09.812  1388  1388 V EmulatedCamera_Device: initializeWhiteBalanceModes with auto, 1.000000, 1.000000
09-22 08:25:09.812  1388  1388 V EmulatedCamera_Device: initializeWhiteBalanceModes with incandescent, 1.380000, 0.600000
09-22 08:25:09.812  1388  1388 V EmulatedCamera_Device: initializeWhiteBalanceModes with daylight, 1.090000, 0.920000
09-22 08:25:09.812  1388  1388 V EmulatedCamera_Device: initializeWhiteBalanceModes with twilight, 0.920000, 1.220000
09-22 08:25:09.812  1388  1388 V EmulatedCamera_Device: setWhiteBalanceMode with white balance auto
09-22 08:25:09.812  1388  1388 I CameraFlashlight: Destroying camera 0
09-22 08:25:09.812  1388  1388 V EmulatedCamera_Camera: closeCamera
09-22 08:25:09.812  1388  1388 V EmulatedCamera_Camera: doStopPreview
09-22 08:25:09.812  1388  1388 W EmulatedCamera_Device: Initialize: Emulated camera device is already initialized: mState = 1
09-22 08:25:09.812  1388  1388 D EmulatedCamera_FakeCamera: Initialize: Fake camera is facing back
09-22 08:25:09.812  1388  1388 V EmulatedCamera_Device: initializeWhiteBalanceModes with auto, 1.000000, 1.000000
09-22 08:25:09.812  1388  1388 V EmulatedCamera_Device: initializeWhiteBalanceModes with incandescent, 1.380000, 0.600000
09-22 08:25:09.812  1388  1388 V EmulatedCamera_Device: initializeWhiteBalanceModes with daylight, 1.090000, 0.920000
09-22 08:25:09.812  1388  1388 V EmulatedCamera_Device: initializeWhiteBalanceModes with twilight, 0.920000, 1.220000
09-22 08:25:09.812  1388  1388 V EmulatedCamera_Device: setWhiteBalanceMode with white balance auto
09-22 08:25:09.812  1388  1388 I CameraService: disconnect: Disconnected client for camera 0 for PID 1388
09-22 08:25:09.812  1395  1822 D NuPlayerDriver: reset(0xabb0c180) at state 4
09-22 08:25:09.812  1395  1822 D NuPlayerDriver: notifyListener_l(0xabb0c180), (8, 0, 0), loop setting(0, 0)
09-22 08:25:09.813  1395  2588 D NuPlayerDriver: notifyResetComplete(0xabb0c180)
09-22 08:25:09.813  1395  1395 D NuPlayerDriver: reset(0xad328c60) at state 4
09-22 08:25:09.813  1395  1395 D NuPlayerDriver: notifyListener_l(0xad328c60), (8, 0, 0), loop setting(0, 0)
09-22 08:25:09.813  1395  2591 D NuPlayerDriver: notifyResetComplete(0xad328c60)
09-22 08:25:09.813  1395  1884 D NuPlayerDriver: reset(0xad328a80) at state 4
09-22 08:25:09.813  1395  1884 D NuPlayerDriver: notifyListener_l(0xad328a80), (8, 0, 0), loop setting(0, 0)
09-22 08:25:09.814  1395  2594 D NuPlayerDriver: notifyResetComplete(0xad328a80)
09-22 08:25:09.815  1388  2587 V EmulatedCamera_Camera: getCameraInfo
09-22 08:25:09.815  1388  2587 V EmulatedCamera_BaseCamera: getCameraInfo
09-22 08:25:09.815  1388  2587 I CameraService: getCameraCharacteristics: Switching to HAL1 shim implementation...
09-22 08:25:09.815  1388  2587 V EmulatedCamera_Camera: getCameraInfo
09-22 08:25:09.815  1388  2587 V EmulatedCamera_BaseCamera: getCameraInfo
09-22 08:25:09.815  1388  2587 I CameraService: CameraService::connect call (PID -1 "cameraserver", camera ID 1) for HAL version default and Camera API version 1
09-22 08:25:09.816  1388  2587 E CameraService: getCameraPriorityFromProcState: Received invalid process state -1 from ActivityManagerService!
09-22 08:25:09.816  1388  2587 V EmulatedCamera_Camera: getCameraInfo
09-22 08:25:09.816  1388  2587 V EmulatedCamera_BaseCamera: getCameraInfo
09-22 08:25:09.820  1395  2596 D NuPlayerDriver: notifyListener_l(0xad328f60), (1, 0, 0), loop setting(0, 0)
09-22 08:25:09.820  1674  1685 I Telecom : PhoneAccountRegistrar: [ComponentInfo{com.android.phone/com.android.services.telephony.TelephonyConnectionService}, [e0184adedf913b076626646d3f52c3b49c39ad6d], UserHandle{0}(icon: Icon(typ=BITMAP size=50x63) -> Icon(typ=BITMAP size=50x63))]: TSI.rPA@AA8
09-22 08:25:09.822  1674  1685 I Telecom : : Sending phone-account registered intent as user: TSI.rPA@AA8
09-22 08:25:09.827  1885  1885 D TelephonyProvider: subIdString = 1 subId = 1
09-22 08:25:09.827  1395  2598 D NuPlayerDriver: notifyListener_l(0xabb0c180), (1, 0, 0), loop setting(0, 0)
09-22 08:25:09.833  1395  2601 D NuPlayerDriver: notifyListener_l(0xad328a80), (1, 0, 0), loop setting(0, 0)
09-22 08:25:09.834  1388  2587 I CameraFlashlight: Opening camera 1
09-22 08:25:09.834  1388  2587 V EmulatedCamera_Camera: getCameraInfo
09-22 08:25:09.834  1388  2587 V EmulatedCamera_BaseCamera: getCameraInfo
09-22 08:25:09.834  1388  2587 V EmulatedCamera_Camera: connectCamera
09-22 08:25:09.834  1388  2587 V EmulatedCamera_FakeDevice: connectDevice
09-22 08:25:09.834  1388  2587 V EmulatedCamera_CallbackNotifier: setCallbacks: 0xb0e50000, 0xb0e50050, 0xb0e50170, 0xb0e50290 (0xb0bc3640)
09-22 08:25:09.834  1388  2587 V EmulatedCamera_CallbackNotifier: enableMessage: msg_type = 0xc0d
09-22 08:25:09.834  1388  2587 V EmulatedCamera_CallbackNotifier:     CAMERA_MSG_ERROR
09-22 08:25:09.834  1388  2587 V EmulatedCamera_CallbackNotifier:     CAMERA_MSG_FOCUS
09-22 08:25:09.834  1388  2587 V EmulatedCamera_CallbackNotifier:     CAMERA_MSG_ZOOM
09-22 08:25:09.834  1388  2587 V EmulatedCamera_CallbackNotifier:     CAMERA_MSG_PREVIEW_METADATA
09-22 08:25:09.834  1388  2587 V EmulatedCamera_CallbackNotifier: **** Currently enabled messages:
09-22 08:25:09.834  1388  2587 V EmulatedCamera_CallbackNotifier:     CAMERA_MSG_ERROR
09-22 08:25:09.834  1388  2587 V EmulatedCamera_CallbackNotifier:     CAMERA_MSG_FOCUS
09-22 08:25:09.834  1388  2587 V EmulatedCamera_CallbackNotifier:     CAMERA_MSG_ZOOM
09-22 08:25:09.834  1388  2587 V EmulatedCamera_CallbackNotifier:     CAMERA_MSG_PREVIEW_METADATA
09-22 08:25:09.834  1388  2587 V EmulatedCamera_CallbackNotifier: disableMessage: msg_type = 0xffff
09-22 08:25:09.834  1388  2587 V EmulatedCamera_CallbackNotifier:     CAMERA_MSG_ERROR
09-22 08:25:09.834  1388  2587 V EmulatedCamera_CallbackNotifier:     CAMERA_MSG_SHUTTER
09-22 08:25:09.834  1388  2587 V EmulatedCamera_CallbackNotifier:     CAMERA_MSG_FOCUS
09-22 08:25:09.834  1388  2587 V EmulatedCamera_CallbackNotifier:     CAMERA_MSG_ZOOM
09-22 08:25:09.834  1388  2587 V EmulatedCamera_CallbackNotifier:     CAMERA_MSG_PREVIEW_FRAME
09-22 08:25:09.834  1388  2587 V EmulatedCamera_CallbackNotifier:     CAMERA_MSG_VIDEO_FRAME
09-22 08:25:09.834  1388  2587 V EmulatedCamera_CallbackNotifier:     CAMERA_MSG_POSTVIEW_FRAME
09-22 08:25:09.834  1388  2587 V EmulatedCamera_CallbackNotifier:     CAMERA_MSG_RAW_IMAGE
09-22 08:25:09.834  1388  2587 V EmulatedCamera_CallbackNotifier:     CAMERA_MSG_COMPRESSED_IMAGE
09-22 08:25:09.834  1388  2587 V EmulatedCamera_CallbackNotifier:     CAMERA_MSG_RAW_IMAGE_NOTIFY
09-22 08:25:09.834  1388  2587 V EmulatedCamera_CallbackNotifier:     CAMERA_MSG_PREVIEW_METADATA
09-22 08:25:09.834  1388  2587 V EmulatedCamera_CallbackNotifier: **** Currently enabled messages:
09-22 08:25:09.834  1388  2587 V EmulatedCamera_Preview: setPreviewWindow: current: 0x0 -> new: 0x0
09-22 08:25:09.834  1388  2587 V EmulatedCamera_Camera: doStopPreview
09-22 08:25:09.834  1388  2587 V EmulatedCamera_Camera: cancelPicture
09-22 08:25:09.834  1388  2587 V EmulatedCamera_Camera: releaseCamera
09-22 08:25:09.834  1388  2587 V EmulatedCamera_Camera: doStopPreview
09-22 08:25:09.834  1388  2587 V EmulatedCamera_FakeDevice: disconnectDevice
09-22 08:25:09.834  1388  2587 W EmulatedCamera_Device: Initialize: Emulated camera device is already initialized: mState = 1
09-22 08:25:09.834  1388  2587 D EmulatedCamera_FakeCamera: Initialize: Fake camera is facing front
09-22 08:25:09.834  1388  2587 V EmulatedCamera_Device: initializeWhiteBalanceModes with auto, 1.000000, 1.000000
09-22 08:25:09.834  1388  2587 V EmulatedCamera_Device: initializeWhiteBalanceModes with incandescent, 1.380000, 0.600000
09-22 08:25:09.834  1388  2587 V EmulatedCamera_Device: initializeWhiteBalanceModes with daylight, 1.090000, 0.920000
09-22 08:25:09.834  1388  2587 V EmulatedCamera_Device: initializeWhiteBalanceModes with twilight, 0.920000, 1.220000
09-22 08:25:09.834  1388  2587 V EmulatedCamera_Device: setWhiteBalanceMode with white balance auto
09-22 08:25:09.835  1388  2587 I CameraFlashlight: Destroying camera 1
09-22 08:25:09.835  1388  2587 V EmulatedCamera_Camera: closeCamera
09-22 08:25:09.835  1388  2587 V EmulatedCamera_Camera: doStopPreview
09-22 08:25:09.835  1388  2587 W EmulatedCamera_Device: Initialize: Emulated camera device is already initialized: mState = 1
09-22 08:25:09.835  1388  2587 D EmulatedCamera_FakeCamera: Initialize: Fake camera is facing front
09-22 08:25:09.835  1388  2587 V EmulatedCamera_Device: initializeWhiteBalanceModes with auto, 1.000000, 1.000000
09-22 08:25:09.835  1388  2587 V EmulatedCamera_Device: initializeWhiteBalanceModes with incandescent, 1.380000, 0.600000
09-22 08:25:09.835  1388  2587 V EmulatedCamera_Device: initializeWhiteBalanceModes with daylight, 1.090000, 0.920000
09-22 08:25:09.835  1388  2587 V EmulatedCamera_Device: initializeWhiteBalanceModes with twilight, 0.920000, 1.220000
09-22 08:25:09.835  1388  2587 V EmulatedCamera_Device: setWhiteBalanceMode with white balance auto
09-22 08:25:09.835  1388  2587 I CameraService: disconnect: Disconnected client for camera 1 for PID 1388
09-22 08:25:09.835  1395  1931 D NuPlayerDriver: reset(0xad328f60) at state 4
09-22 08:25:09.835  1395  1931 D NuPlayerDriver: notifyListener_l(0xad328f60), (8, 0, 0), loop setting(0, 0)
09-22 08:25:09.835  1395  2596 D NuPlayerDriver: notifyResetComplete(0xad328f60)
09-22 08:25:09.835  1395  1884 D NuPlayerDriver: reset(0xabb0c180) at state 4
09-22 08:25:09.835  1395  1884 D NuPlayerDriver: notifyListener_l(0xabb0c180), (8, 0, 0), loop setting(0, 0)
09-22 08:25:09.836  1395  2598 D NuPlayerDriver: notifyResetComplete(0xabb0c180)
09-22 08:25:09.836  1395  1409 D NuPlayerDriver: reset(0xad328a80) at state 4
09-22 08:25:09.836  1395  1409 D NuPlayerDriver: notifyListener_l(0xad328a80), (8, 0, 0), loop setting(0, 0)
09-22 08:25:09.836  1395  2601 D NuPlayerDriver: notifyResetComplete(0xad328a80)
09-22 08:25:09.836  1388  1736 V EmulatedCamera_Camera: getCameraInfo
09-22 08:25:09.836  1388  1736 V EmulatedCamera_BaseCamera: getCameraInfo
09-22 08:25:09.837  1388  2587 V EmulatedCamera_Camera: getCameraInfo
09-22 08:25:09.837  1388  2587 V EmulatedCamera_BaseCamera: getCameraInfo
09-22 08:25:09.840  1388  1736 V EmulatedCamera_Camera: getCameraInfo
09-22 08:25:09.840  1388  1736 V EmulatedCamera_BaseCamera: getCameraInfo
09-22 08:25:09.841  1388  2587 V EmulatedCamera_Camera: getCameraInfo
09-22 08:25:09.841  1388  2587 V EmulatedCamera_BaseCamera: getCameraInfo
09-22 08:25:09.843  2603  2603 W art     : Unexpected CPU variant for X86 using defaults: x86
09-22 08:25:09.851  1674  1919 I ActivityManager: Start proc 2603:com.google.process.gapps/u0a13 for content provider com.google.android.gsf/.gservices.GservicesProvider
09-22 08:25:09.853  1885  1885 I Telephony: PstnIncomingCallNotifier: Unregistering: Handler (com.android.internal.telephony.GsmCdmaPhone) {3cd8b05}
09-22 08:25:09.856  2573  2573 W System  : ClassLoader referenced unknown path: /system/app/KeyChain/lib/x86
09-22 08:25:09.862  1674  1781 I Telecom : PhoneAccountRegistrar: New phone account registered: [[ ] PhoneAccount: ComponentInfo{com.android.phone/com.android.services.telephony.TelephonyConnectionService}, [e2f7d48dd2b5ca523e7313cf4ba0f6ea830b6281], UserHandle{0} Capabilities: CallProvider MultiUser PlaceEmerg SimSub  Schemes: tel voicemail  Extras: null GroupId: [da39a3ee5e6b4b0d3255bfef95601890afd80709]]: TSI.rPA@ABA
09-22 08:25:09.863  1674  1781 I Telecom : : Sending phone-account registered intent as user: TSI.rPA@ABA
09-22 08:25:09.863  1885  1885 I Telephony: AccountEntry: Registered phoneAccount: [[ ] PhoneAccount: ComponentInfo{com.android.phone/com.android.services.telephony.TelephonyConnectionService}, [e2f7d48dd2b5ca523e7313cf4ba0f6ea830b6281], UserHandle{0} Capabilities: CallProvider MultiUser PlaceEmerg SimSub  Schemes: tel voicemail  Extras: null GroupId: [da39a3ee5e6b4b0d3255bfef95601890afd80709]] with handle: ComponentInfo{com.android.phone/com.android.services.telephony.TelephonyConnectionService}, [e2f7d48dd2b5ca523e7313cf4ba0f6ea830b6281], UserHandle{0}
09-22 08:25:09.863  1885  1885 I Telephony: PstnIncomingCallNotifier: Registering: Handler (com.android.internal.telephony.GsmCdmaPhone) {3cd8b05}
09-22 08:25:09.865  1885  1885 I Telephony: TelecomAccountRegistry: Unregistering phone account ComponentInfo{com.android.phone/com.android.services.telephony.TelephonyConnectionService}, [e0184adedf913b076626646d3f52c3b49c39ad6d], UserHandle{0}.
09-22 08:25:09.867  1674  1684 I Telecom : : Sending phone-account unregistered intent as user: TSI.uPA@ABM
09-22 08:25:09.868  1388  1736 V EmulatedCamera_Camera: getCameraInfo
09-22 08:25:09.868  1388  1736 V EmulatedCamera_BaseCamera: getCameraInfo
09-22 08:25:09.868  1388  2587 V EmulatedCamera_Camera: getCameraInfo
09-22 08:25:09.868  1388  2587 V EmulatedCamera_BaseCamera: getCameraInfo
09-22 08:25:09.869  1388  1736 V EmulatedCamera_Camera: getCameraInfo
09-22 08:25:09.869  1388  1736 V EmulatedCamera_BaseCamera: getCameraInfo
09-22 08:25:09.869  1885  1885 D CarrierSvcBindHelper: Received android.intent.action.USER_UNLOCKED
09-22 08:25:09.869  1674  1674 D WifiService: resetting networks because SIM was loaded
09-22 08:25:09.870  1674  1730 D WifiStateMachine: resetting EAP-SIM/AKA/AKA' networks since SIM was changed
09-22 08:25:09.870  1388  2587 V EmulatedCamera_Camera: getCameraInfo
09-22 08:25:09.870  1388  2587 V EmulatedCamera_BaseCamera: getCameraInfo
09-22 08:25:09.871  1885  1885 D CarrierSvcBindHelper: No carrier app for: 0
09-22 08:25:09.882  2560  2560 V Launcher: LauncherAppState inited
09-22 08:25:09.887  1674  1674 I GnssLocationProvider: WakeLock acquired by sendMessage(12, 0, null)
09-22 08:25:09.890  2624  2624 W art     : Unexpected CPU variant for X86 using defaults: x86
09-22 08:25:09.894  2603  2603 W System  : ClassLoader referenced unknown path: /system/priv-app/GoogleServicesFramework/lib/x86
09-22 08:25:09.897  1674  1685 I ActivityManager: Start proc 2624:com.google.android.googlequicksearchbox:search/u0a29 for service com.google.android.googlequicksearchbox/com.google.android.hotword.service.HotwordService
09-22 08:25:09.902  2644  2644 W art     : Unexpected CPU variant for X86 using defaults: x86
09-22 08:25:09.905  2603  2603 I GservicesProvider: Gservices pushing to system: true; secure/global: true
09-22 08:25:09.908  1674  1684 I ActivityManager: Start proc 2644:android.process.acore/u0a1 for content provider com.android.providers.contacts/.ContactsProvider2
09-22 08:25:09.911  1766  1991 D OpenGLRenderer: profile bars disabled
09-22 08:25:09.911  1766  1991 D OpenGLRenderer: ambientRatio = 1.50
09-22 08:25:09.915  1766  1766 D PhoneStatusBar: disable: < EXPAND* icons alerts system_info BACK* HOME* RECENT* clock SEARCH* quick_settings >
09-22 08:25:09.922  2644  2644 W System  : ClassLoader referenced unknown path: /system/priv-app/ContactsProvider/lib/x86
09-22 08:25:09.926  1674  1687 I ActivityManager: Start proc 2659:com.android.printspooler/u0a69 for service com.android.printspooler/.model.PrintSpoolerService
09-22 08:25:09.929  2659  2659 W art     : Unexpected CPU variant for X86 using defaults: x86
09-22 08:25:09.933  2481  2481 D MediaScannerReceiver: action: android.intent.action.MEDIA_MOUNTED path: /storage/1307-3D0D
09-22 08:25:09.938  2673  2673 W art     : Unexpected CPU variant for X86 using defaults: x86
09-22 08:25:09.944  1674  1918 I ActivityManager: Start proc 2673:com.google.android.music:main/u0a60 for broadcast com.google.android.music/.store.MediaStoreImportService$Receiver
09-22 08:25:09.945  1766  1766 D PhoneStatusBar: heads up is enabled
09-22 08:25:09.946  1674  1674 I GnssLocationProvider: WakeLock acquired by sendMessage(12, 0, null)
09-22 08:25:09.952  1342  2376 D gralloc_ranchu: gralloc_alloc: Creating ashmem region of size 8294400
09-22 08:25:09.952  2644  2644 I ContactsPerf: VoicemailContentProvider.onCreate start
09-22 08:25:09.956  1885  1885 D TelephonyProvider: subIdString = 1 subId = 1
09-22 08:25:09.960  2603  2603 I GoogleHttpClient: GMS http client unavailable, use old client
09-22 08:25:09.973  2673  2673 W System  : ClassLoader referenced unknown path: /system/app/Music2/lib/x86
09-22 08:25:09.979  2644  2644 I ContactsPerf: VoicemailContentProvider.onCreate finish
09-22 08:25:09.983  2644  2644 W System  : ClassLoader referenced unknown path: /system/priv-app/BlockedNumberProvider/lib/x86
09-22 08:25:09.987  1342  1347 D gralloc_ranchu: gralloc_alloc: Creating ashmem region of size 7753728
09-22 08:25:09.988  2644  2644 D ApplicationLoaders: ignored Vulkan layer search path /system/priv-app/BlockedNumberProvider/lib/x86:/system/lib:/vendor/lib for namespace 0xb160c090
09-22 08:25:10.018  1342  1342 E Layer   : [com.android.systemui.ImageWallpaper] rejecting buffer: bufWidth=1080, bufHeight=1920, front.active.{w=1, h=1}
09-22 08:25:10.024  2644  2644 W System  : ClassLoader referenced unknown path: /system/app/UserDictionaryProvider/lib/x86
09-22 08:25:10.024  1766  1766 W KeyguardUpdateMonitor: invalid subId in handleSimStateChange()
